src/renderer/modules/formUtilities.ts(63,32): error TS2304: Cannot find name 'AppConfig'.
src/renderer/modules/formUtilities.ts(73,32): error TS2304: Cannot find name 'AppConfig'.
src/renderer/modules/formUtilities.ts(101,34): error TS2304: Cannot find name 'AppConfig'.
src/renderer/modules/formUtilities.ts(123,34): error TS2304: Cannot find name 'AppConfig'.
src/renderer/modules/formUtilities.ts(157,11): error TS2304: Cannot find name 'currentStructuredContent'.
src/renderer/modules/formUtilities.ts(159,9): error TS2304: Cannot find name 'currentStructuredContent'.
src/renderer/modules/formUtilities.ts(161,9): error TS2304: Cannot find name 'generatedImages'.
src/renderer/modules/formUtilities.ts(193,27): error TS2304: Cannot find name 'EnhancedApiClient'.
src/renderer/modules/formUtilities.ts(201,26): error TS2304: Cannot find name 'UnifiedDOMCache'.
src/renderer/modules/formUtilities.ts(214,13): error TS2304: Cannot find name 'isPaywallPayload'.
src/renderer/modules/formUtilities.ts(215,11): error TS2304: Cannot find name 'activatePaywall'.
src/renderer/modules/formUtilities.ts(220,55): error TS2304: Cannot find name 'StructuredContent'.
src/renderer/modules/formUtilities.ts(227,34): error TS2304: Cannot find name 'normalizeReadableBodyText'.
src/renderer/modules/formUtilities.ts(243,13): error TS2304: Cannot find name 'displayStructuredContentPreview'.
src/renderer/modules/formUtilities.ts(293,11): error TS2304: Cannot find name 'currentStructuredContent'.
src/renderer/modules/formUtilities.ts(295,9): error TS2304: Cannot find name 'currentStructuredContent'.
src/renderer/modules/formUtilities.ts(297,9): error TS2304: Cannot find name 'generatedImages'.
src/renderer/modules/formUtilities.ts(321,27): error TS2304: Cannot find name 'EnhancedApiClient'.
src/renderer/modules/formUtilities.ts(328,26): error TS2304: Cannot find name 'UnifiedDOMCache'.
src/renderer/modules/formUtilities.ts(341,13): error TS2304: Cannot find name 'isPaywallPayload'.
src/renderer/modules/formUtilities.ts(342,11): error TS2304: Cannot find name 'activatePaywall'.
src/renderer/modules/formUtilities.ts(347,55): error TS2304: Cannot find name 'StructuredContent'.
src/renderer/modules/formUtilities.ts(356,32): error TS2304: Cannot find name 'normalizeReadableBodyText'.
src/renderer/modules/formUtilities.ts(372,11): error TS2304: Cannot find name 'displayStructuredContentPreview'.
src/renderer/modules/formUtilities.ts(665,35): error TS2304: Cannot find name 'generateImagesForContent'.
src/renderer/modules/formUtilities.ts(673,11): error TS2304: Cannot find name 'executeBlogPublishing'.
src/renderer/modules/formUtilities.ts(865,15): error TS2304: Cannot find name 'showLocalImageManagementModal'.
src/renderer/modules/formUtilities.ts(946,15): error TS2304: Cannot find name 'showLocalImageManagementModal'.
src/renderer/modules/formUtilities.ts(1043,78): error TS2304: Cannot find name 'generatedImages'.
src/renderer/modules/formUtilities.ts(1079,77): error TS2304: Cannot find name 'generatedImages'.
src/renderer/modules/formUtilities.ts(1093,9): error TS2304: Cannot find name 'generatedImages'.
src/renderer/renderer.ts(25394,5): error TS2304: Cannot find name 'updateFullAutoPreview'.
src/renderer/renderer.ts(25408,5): error TS2304: Cannot find name 'updateFullAutoFinalImagePreview'.
src/renderer/renderer.ts(25421,33): error TS2304: Cannot find name 'extractSearchKeywords'.
