src/renderer/modules/continuousPublishing.ts(3234,13): error TS1134: Variable declaration expected.
src/renderer/modules/continuousPublishing.ts(3343,11): error TS1136: Property assignment expected.
src/renderer/modules/continuousPublishing.ts(3344,35): error TS1005: ',' expected.
src/renderer/modules/continuousPublishing.ts(3344,37): error TS1134: Variable declaration expected.
src/renderer/modules/continuousPublishing.ts(3344,78): error TS1005: ';' expected.
src/renderer/modules/continuousPublishing.ts(3346,22): error TS1005: ';' expected.
src/renderer/modules/continuousPublishing.ts(3349,23): error TS1005: ';' expected.
src/renderer/modules/continuousPublishing.ts(3356,23): error TS1005: ';' expected.
src/renderer/modules/continuousPublishing.ts(3358,19): error TS1005: ';' expected.
src/renderer/modules/continuousPublishing.ts(3360,18): error TS1005: ';' expected.
src/renderer/modules/continuousPublishing.ts(3361,18): error TS1005: ';' expected.
src/renderer/modules/continuousPublishing.ts(3363,18): error TS1005: ';' expected.
src/renderer/modules/continuousPublishing.ts(3364,15): error TS1005: ';' expected.
src/renderer/modules/continuousPublishing.ts(3369,19): error TS1005: ';' expected.
src/renderer/modules/continuousPublishing.ts(3370,23): error TS1005: ';' expected.
src/renderer/modules/continuousPublishing.ts(3371,22): error TS1005: ';' expected.
src/renderer/modules/continuousPublishing.ts(3372,24): error TS1005: ';' expected.
src/renderer/modules/continuousPublishing.ts(3373,26): error TS1005: ';' expected.
src/renderer/modules/continuousPublishing.ts(3375,27): error TS1005: ';' expected.
src/renderer/modules/continuousPublishing.ts(3378,18): error TS1005: ';' expected.
src/renderer/modules/continuousPublishing.ts(3380,26): error TS1005: ';' expected.
src/renderer/modules/continuousPublishing.ts(3381,28): error TS1005: ';' expected.
src/renderer/modules/continuousPublishing.ts(3383,9): error TS1109: Expression expected.
src/renderer/modules/continuousPublishing.ts(3387,7): error TS1472: 'catch' or 'finally' expected.
src/renderer/modules/continuousPublishing.ts(3398,7): error TS1005: 'try' expected.
src/renderer/modules/continuousPublishing.ts(3469,1): error TS1128: Declaration or statement expected.
src/renderer/modules/continuousPublishing.ts(3499,59): error TS1003: Identifier expected.
src/renderer/modules/continuousPublishing.ts(3499,97): error TS1005: ';' expected.
src/renderer/modules/continuousPublishing.ts(3499,98): error TS1128: Declaration or statement expected.
src/renderer/modules/continuousPublishing.ts(3500,3): error TS1136: Property assignment expected.
src/renderer/modules/continuousPublishing.ts(3500,42): error TS1005: ';' expected.
src/renderer/modules/continuousPublishing.ts(3503,1): error TS1128: Declaration or statement expected.
src/renderer/modules/continuousPublishing.ts(3534,11): error TS1134: Variable declaration expected.
src/renderer/modules/continuousPublishing.ts(3575,5): error TS1136: Property assignment expected.
src/renderer/modules/continuousPublishing.ts(3576,29): error TS1005: ',' expected.
src/renderer/modules/continuousPublishing.ts(3576,31): error TS1134: Variable declaration expected.
src/renderer/modules/continuousPublishing.ts(3576,72): error TS1005: ';' expected.
src/renderer/modules/continuousPublishing.ts(3581,17): error TS1005: ';' expected.
src/renderer/modules/continuousPublishing.ts(3582,3): error TS1109: Expression expected.
src/renderer/modules/continuousPublishing.ts(3585,1): error TS1128: Declaration or statement expected.
src/renderer/modules/continuousPublishing.ts(3705,11): error TS1134: Variable declaration expected.
src/renderer/modules/continuousPublishing.ts(3724,11): error TS1136: Property assignment expected.
src/renderer/modules/continuousPublishing.ts(3725,9): error TS1005: ',' expected.
src/renderer/modules/continuousPublishing.ts(3725,10): error TS1128: Declaration or statement expected.
src/renderer/modules/continuousPublishing.ts(3731,7): error TS1472: 'catch' or 'finally' expected.
src/renderer/modules/continuousPublishing.ts(3735,5): error TS1005: 'try' expected.
src/renderer/modules/continuousPublishing.ts(3739,1): error TS1128: Declaration or statement expected.
