BUILD SUCCESS!