🔍 테스트 URL: https://naver.me/xbjR3H2v
⏳ Puppeteer 시작...

페이지 이동 중...
CSR 렌더링 대기 중 (3초)...
✅ 최종 URL: https://brand.naver.com/everjoy/products/453744143?NaPm=ct%3Dml0y3zzi%7Cci%3Daffiliate%7Ctr%3Daff%7Ctrx%3D912707518026400%7Chk%3Dabb0f855c30b1529f9f599d5848cb84df0636abe&originChannelInfo=ac%3DUNKNOWN%7Cctid%3D%7Ccid%3D
📋 페이지 제목: [에버조이] 건식 좌훈 족욕기 (JOY-010) : 에버조이
📄 HTML 길이: 879539
📦 og:title: [에버조이] 건식 좌훈 족욕기 (JOY-010) : 에버조이

✅ 브라우저 종료
