Testing URL: https://m.entertain.naver.com/home/article/241/0003486748
🌐 스마트 크롤링 시작: https://m.entertain.naver.com/home/article/241/0003486748
📰 뉴스/기사 감지: 품질 확보를 위해 Perfect 모드(Puppeteer) 우선 적용
🎯 선택된 모드: perfect
🚀 Puppeteer(Stealth) 실행 (JavaScript 렌더링) 
✅ Perfect 모드 완료: 0개 이미지 발견
✅ 크롤링 완료: 6677ms (모드: perfect, 길이: 1743자)
---------------------------------------------------
TITLE: [왓IS] “용필아, 언제나 행복 나눠주길”... 故안성기·조용필, 두 거장의 60년 우정
MODE: perfect
---------------------------------------------------
CONTENT (First 500 chars):
사진제공=연합뉴스 ‘국민 배우’ 고(故) 안성기가 세상을 떠나며, 그의 오랜 친구이자 ‘국민 가수’ 가왕(歌王) 조용필과의 특별한 인연에도 다시 한 번 시선이 모이고 있다.안성기는 5일 오전 9시 서울 용산구 순천향대병원 중환자실에서 치료를 받던 중 가족이 지켜보는 가운데 별세했다. 향년 74세. 지난달 30일 자택에서 음식물이 목에 걸려 쓰러진 뒤 의식불명 상태로 중환자실에 입원한 지 6일 만이다.고인과 조용필의 인연은 중학교 시절로 거슬러 올라간다. 두 사람은 서울 경동중학교 동창으로, 같은 반에서 학창 시절을 보냈다. 안성기는 돈암동, 조용필은 정릉에 살며 어린 시절부터 자연스럽게 어울렸다. 중학교 2학년 시절 강화도로 소풍을 떠나 함께 찍은 흑백 사진이 과거 방송을 통해 공개되며, 두 사람의 깊은 우정을 상징적으로 보여주기도 했다.안성기는 생전 여러 인터뷰를 통해 조용필과의 관계를 스스럼없이 언급해왔다. 특히 2018년 조용필 데뷔 50주년을 기념한 릴레이 인터뷰의 첫 주자로
---------------------------------------------------
✅ TEST PASSED
