
 RUN  v4.1.4 C:/Users/박성현/Desktop/리더 네이버 자동화

 ✓ src/__tests__/licenseFallback.test.ts > licenseFallback > checkOfflineGrace는 캐시 없으면 not allowed를 반환한다 418ms
 ✓ src/__tests__/licenseFallback.test.ts > licenseFallback > saveVerificationSuccess 후 checkOfflineGrace가 allowed를 반환한다 5ms
 ✓ src/__tests__/licenseFallback.test.ts > licenseFallback > healthCheck이 존재한다 2ms
 ✓ src/__tests__/licenseFallback.test.ts > licenseFallback > getServerStatus가 존재한다 2ms
 ✓ src/__tests__/licenseFallback.test.ts > licenseFallback > verifyWithFallback이 존재한다 4ms
 ✓ src/__tests__/postLimitManager.test.ts > postLimitManager > 기본 일일 한도는 3이다 460ms
stdout | src/__tests__/smoke/price-zero-bug.test.ts > Price-zero bug reproduction — prompt must not render invalid prices > omits price line and swaps directive when price is number 0
[PromptLoader] 말투 보정 최종 적용: friendly
[PromptLoader] 🛒 쇼핑커넥트 제품 정보 프롬프트에 추가 (가격 미수집/무효 → 생략)

stderr | src/__tests__/smoke/price-zero-bug.test.ts > Price-zero bug reproduction — prompt must not render invalid prices > omits price line and swaps directive when price is number 0
[PromptLoader] 프롬프트 파일 로드 실패: homefeed/base.prompt TypeError: __vite_ssr_import_2__.app.getAppPath is not a function
    at getPromptsDir (C:/Users/박성현/Desktop/리더 네이버 자동화/src/promptLoader.ts:29:26)
    at loadPromptFile (C:/Users/박성현/Desktop/리더 네이버 자동화/src/promptLoader.ts:126:32)
    at buildSystemPrompt (C:/Users/박성현/Desktop/리더 네이버 자동화/src/promptLoader.ts:172:22)
    at buildSystemPromptFromHint (C:/Users/박성현/Desktop/리더 네이버 자동화/src/promptLoader.ts:212:10)
    at buildFullPrompt (C:/Users/박성현/Desktop/리더 네이버 자동화/src/promptLoader.ts:966:22)
    at C:/Users/박성현/Desktop/리더 네이버 자동화/src/__tests__/smoke/price-zero-bug.test.ts:43:22
    at file:///C:/Users/%EB%B0%95%EC%84%B1%ED%98%84/Desktop/%EB%A6%AC%EB%8D%94%20%EB%84%A4%EC%9D%B4%EB%B2%84%20%EC%9E%90%EB%8F%99%ED%99%94/node_modules/@vitest/runner/dist/chunk-artifact.js:302:11
    at file:///C:/Users/%EB%B0%95%EC%84%B1%ED%98%84/Desktop/%EB%A6%AC%EB%8D%94%20%EB%84%A4%EC%9D%B4%EB%B2%84%20%EC%9E%90%EB%8F%99%ED%99%94/node_modules/@vitest/runner/dist/chunk-artifact.js:1903:26
    at file:///C:/Users/%EB%B0%95%EC%84%B1%ED%98%84/Desktop/%EB%A6%AC%EB%8D%94%20%EB%84%A4%EC%9D%B4%EB%B2%84%20%EC%9E%90%EB%8F%99%ED%99%94/node_modules/@vitest/runner/dist/chunk-artifact.js:2326:20
    at new Promise (<anonymous>)
[PromptLoader] base 프롬프트 로드 실패: homefeed/base.prompt

 ✓ src/__tests__/postMetricsStore.test.ts > appendMetric — validation > rejects missing postId 5ms
 ✓ src/__tests__/postMetricsStore.test.ts > appendMetric — validation > rejects missing checkedAt 1ms
 ✓ src/__tests__/postMetricsStore.test.ts > appendMetric — validation > rejects missing source 2ms
 ✓ src/__tests__/postMetricsStore.test.ts > appendMetric — validation > rejects negative views 2ms
 ✓ src/__tests__/postMetricsStore.test.ts > appendMetric — validation > rejects NaN likes 1ms
 ✓ src/__tests__/postMetricsStore.test.ts > appendMetric — append-only behavior > keeps every snapshot of the same post (append-only) 24ms
 ✓ src/__tests__/postMetricsStore.test.ts > appendMetric — append-only behavior > listForPost returns snapshots sorted by checkedAt ascending 10ms
 ✓ src/__tests__/postMetricsStore.test.ts > appendMetric — append-only behavior > getLatest returns the most recent snapshot 7ms
 ✓ src/__tests__/postMetricsStore.test.ts > appendMetric — append-only behavior > getLatest returns null when post has no snapshots 1ms
 ✓ src/__tests__/postMetricsStore.test.ts > listLatestPerPost — deduplication for cohort math > returns one row per postId (the most recent) 10ms
 ✓ src/__tests__/postMetricsStore.test.ts > listLatestPerPost — deduplication for cohort math > returns empty array when no metrics recorded 3ms
 ✓ src/__tests__/postMetricsStore.test.ts > postMetricsStore — source tagging (security audit requirement) > accepts manual source 6ms
 ✓ src/__tests__/postMetricsStore.test.ts > postMetricsStore — source tagging (security audit requirement) > accepts search_advisor source 5ms
stdout | src/__tests__/smoke/price-zero-bug.test.ts > Price-zero bug reproduction — prompt must not render invalid prices > omits price line and swaps directive when price is string "0원"
[PromptLoader] 말투 보정 최종 적용: friendly
[PromptLoader] 🛒 쇼핑커넥트 제품 정보 프롬프트에 추가 (가격 미수집/무효 → 생략)

stderr | src/__tests__/smoke/price-zero-bug.test.ts > Price-zero bug reproduction — prompt must not render invalid prices > omits price line and swaps directive when price is string "0원"
[PromptLoader] 프롬프트 파일 로드 실패: homefeed/base.prompt TypeError: __vite_ssr_import_2__.app.getAppPath is not a function
    at getPromptsDir (C:/Users/박성현/Desktop/리더 네이버 자동화/src/promptLoader.ts:29:26)
    at loadPromptFile (C:/Users/박성현/Desktop/리더 네이버 자동화/src/promptLoader.ts:126:32)
    at buildSystemPrompt (C:/Users/박성현/Desktop/리더 네이버 자동화/src/promptLoader.ts:172:22)
    at buildSystemPromptFromHint (C:/Users/박성현/Desktop/리더 네이버 자동화/src/promptLoader.ts:212:10)
    at buildFullPrompt (C:/Users/박성현/Desktop/리더 네이버 자동화/src/promptLoader.ts:966:22)
    at C:/Users/박성현/Desktop/리더 네이버 자동화/src/__tests__/smoke/price-zero-bug.test.ts:43:22
    at file:///C:/Users/%EB%B0%95%EC%84%B1%ED%98%84/Desktop/%EB%A6%AC%EB%8D%94%20%EB%84%A4%EC%9D%B4%EB%B2%84%20%EC%9E%90%EB%8F%99%ED%99%94/node_modules/@vitest/runner/dist/chunk-artifact.js:302:11
    at file:///C:/Users/%EB%B0%95%EC%84%B1%ED%98%84/Desktop/%EB%A6%AC%EB%8D%94%20%EB%84%A4%EC%9D%B4%EB%B2%84%20%EC%9E%90%EB%8F%99%ED%99%94/node_modules/@vitest/runner/dist/chunk-artifact.js:1903:26
    at file:///C:/Users/%EB%B0%95%EC%84%B1%ED%98%84/Desktop/%EB%A6%AC%EB%8D%94%20%EB%84%A4%EC%9D%B4%EB%B2%84%20%EC%9E%90%EB%8F%99%ED%99%94/node_modules/@vitest/runner/dist/chunk-artifact.js:2326:20
    at new Promise (<anonymous>)
[PromptLoader] base 프롬프트 로드 실패: homefeed/base.prompt

stdout | src/__tests__/smoke/price-zero-bug.test.ts > Price-zero bug reproduction — prompt must not render invalid prices > omits price line and swaps directive when price is string "0"
[PromptLoader] 말투 보정 최종 적용: friendly
[PromptLoader] 🛒 쇼핑커넥트 제품 정보 프롬프트에 추가 (가격 미수집/무효 → 생략)

stderr | src/__tests__/smoke/price-zero-bug.test.ts > Price-zero bug reproduction — prompt must not render invalid prices > omits price line and swaps directive when price is string "0"
[PromptLoader] 프롬프트 파일 로드 실패: homefeed/base.prompt TypeError: __vite_ssr_import_2__.app.getAppPath is not a function
    at getPromptsDir (C:/Users/박성현/Desktop/리더 네이버 자동화/src/promptLoader.ts:29:26)
    at loadPromptFile (C:/Users/박성현/Desktop/리더 네이버 자동화/src/promptLoader.ts:126:32)
    at buildSystemPrompt (C:/Users/박성현/Desktop/리더 네이버 자동화/src/promptLoader.ts:172:22)
    at buildSystemPromptFromHint (C:/Users/박성현/Desktop/리더 네이버 자동화/src/promptLoader.ts:212:10)
    at buildFullPrompt (C:/Users/박성현/Desktop/리더 네이버 자동화/src/promptLoader.ts:966:22)
    at C:/Users/박성현/Desktop/리더 네이버 자동화/src/__tests__/smoke/price-zero-bug.test.ts:43:22
    at file:///C:/Users/%EB%B0%95%EC%84%B1%ED%98%84/Desktop/%EB%A6%AC%EB%8D%94%20%EB%84%A4%EC%9D%B4%EB%B2%84%20%EC%9E%90%EB%8F%99%ED%99%94/node_modules/@vitest/runner/dist/chunk-artifact.js:302:11
    at file:///C:/Users/%EB%B0%95%EC%84%B1%ED%98%84/Desktop/%EB%A6%AC%EB%8D%94%20%EB%84%A4%EC%9D%B4%EB%B2%84%20%EC%9E%90%EB%8F%99%ED%99%94/node_modules/@vitest/runner/dist/chunk-artifact.js:1903:26
    at file:///C:/Users/%EB%B0%95%EC%84%B1%ED%98%84/Desktop/%EB%A6%AC%EB%8D%94%20%EB%84%A4%EC%9D%B4%EB%B2%84%20%EC%9E%90%EB%8F%99%ED%99%94/node_modules/@vitest/runner/dist/chunk-artifact.js:2326:20
    at new Promise (<anonymous>)
[PromptLoader] base 프롬프트 로드 실패: homefeed/base.prompt

stdout | src/__tests__/smoke/price-zero-bug.test.ts > Price-zero bug reproduction — prompt must not render invalid prices > omits price line and swaps directive when price is legacy "가격 정보 없음"
[PromptLoader] 말투 보정 최종 적용: friendly
[PromptLoader] 🛒 쇼핑커넥트 제품 정보 프롬프트에 추가 (가격 미수집/무효 → 생략)

stderr | src/__tests__/smoke/price-zero-bug.test.ts > Price-zero bug reproduction — prompt must not render invalid prices > omits price line and swaps directive when price is legacy "가격 정보 없음"
[PromptLoader] 프롬프트 파일 로드 실패: homefeed/base.prompt TypeError: __vite_ssr_import_2__.app.getAppPath is not a function
    at getPromptsDir (C:/Users/박성현/Desktop/리더 네이버 자동화/src/promptLoader.ts:29:26)
    at loadPromptFile (C:/Users/박성현/Desktop/리더 네이버 자동화/src/promptLoader.ts:126:32)
    at buildSystemPrompt (C:/Users/박성현/Desktop/리더 네이버 자동화/src/promptLoader.ts:172:22)
    at buildSystemPromptFromHint (C:/Users/박성현/Desktop/리더 네이버 자동화/src/promptLoader.ts:212:10)
    at buildFullPrompt (C:/Users/박성현/Desktop/리더 네이버 자동화/src/promptLoader.ts:966:22)
    at C:/Users/박성현/Desktop/리더 네이버 자동화/src/__tests__/smoke/price-zero-bug.test.ts:43:22
    at file:///C:/Users/%EB%B0%95%EC%84%B1%ED%98%84/Desktop/%EB%A6%AC%EB%8D%94%20%EB%84%A4%EC%9D%B4%EB%B2%84%20%EC%9E%90%EB%8F%99%ED%99%94/node_modules/@vitest/runner/dist/chunk-artifact.js:302:11
    at file:///C:/Users/%EB%B0%95%EC%84%B1%ED%98%84/Desktop/%EB%A6%AC%EB%8D%94%20%EB%84%A4%EC%9D%B4%EB%B2%84%20%EC%9E%90%EB%8F%99%ED%99%94/node_modules/@vitest/runner/dist/chunk-artifact.js:1903:26
    at file:///C:/Users/%EB%B0%95%EC%84%B1%ED%98%84/Desktop/%EB%A6%AC%EB%8D%94%20%EB%84%A4%EC%9D%B4%EB%B2%84%20%EC%9E%90%EB%8F%99%ED%99%94/node_modules/@vitest/runner/dist/chunk-artifact.js:2326:20
    at new Promise (<anonymous>)
[PromptLoader] base 프롬프트 로드 실패: homefeed/base.prompt

stdout | src/__tests__/smoke/price-zero-bug.test.ts > Price-zero bug reproduction — prompt must not render invalid prices > omits price line and swaps directive when price is empty string
[PromptLoader] 말투 보정 최종 적용: friendly
[PromptLoader] 🛒 쇼핑커넥트 제품 정보 프롬프트에 추가 (가격 미수집/무효 → 생략)

stderr | src/__tests__/smoke/price-zero-bug.test.ts > Price-zero bug reproduction — prompt must not render invalid prices > omits price line and swaps directive when price is empty string
[PromptLoader] 프롬프트 파일 로드 실패: homefeed/base.prompt TypeError: __vite_ssr_import_2__.app.getAppPath is not a function
    at getPromptsDir (C:/Users/박성현/Desktop/리더 네이버 자동화/src/promptLoader.ts:29:26)
    at loadPromptFile (C:/Users/박성현/Desktop/리더 네이버 자동화/src/promptLoader.ts:126:32)
    at buildSystemPrompt (C:/Users/박성현/Desktop/리더 네이버 자동화/src/promptLoader.ts:172:22)
    at buildSystemPromptFromHint (C:/Users/박성현/Desktop/리더 네이버 자동화/src/promptLoader.ts:212:10)
    at buildFullPrompt (C:/Users/박성현/Desktop/리더 네이버 자동화/src/promptLoader.ts:966:22)
    at C:/Users/박성현/Desktop/리더 네이버 자동화/src/__tests__/smoke/price-zero-bug.test.ts:43:22
    at file:///C:/Users/%EB%B0%95%EC%84%B1%ED%98%84/Desktop/%EB%A6%AC%EB%8D%94%20%EB%84%A4%EC%9D%B4%EB%B2%84%20%EC%9E%90%EB%8F%99%ED%99%94/node_modules/@vitest/runner/dist/chunk-artifact.js:302:11
    at file:///C:/Users/%EB%B0%95%EC%84%B1%ED%98%84/Desktop/%EB%A6%AC%EB%8D%94%20%EB%84%A4%EC%9D%B4%EB%B2%84%20%EC%9E%90%EB%8F%99%ED%99%94/node_modules/@vitest/runner/dist/chunk-artifact.js:1903:26
    at file:///C:/Users/%EB%B0%95%EC%84%B1%ED%98%84/Desktop/%EB%A6%AC%EB%8D%94%20%EB%84%A4%EC%9D%B4%EB%B2%84%20%EC%9E%90%EB%8F%99%ED%99%94/node_modules/@vitest/runner/dist/chunk-artifact.js:2326:20
    at new Promise (<anonymous>)
[PromptLoader] base 프롬프트 로드 실패: homefeed/base.prompt

stdout | src/__tests__/smoke/price-zero-bug.test.ts > Price-zero bug reproduction — prompt must not render invalid prices > omits price line and swaps directive when price is undefined
[PromptLoader] 말투 보정 최종 적용: friendly
[PromptLoader] 🛒 쇼핑커넥트 제품 정보 프롬프트에 추가 (가격 미수집/무효 → 생략)

stderr | src/__tests__/smoke/price-zero-bug.test.ts > Price-zero bug reproduction — prompt must not render invalid prices > omits price line and swaps directive when price is undefined
[PromptLoader] 프롬프트 파일 로드 실패: homefeed/base.prompt TypeError: __vite_ssr_import_2__.app.getAppPath is not a function
    at getPromptsDir (C:/Users/박성현/Desktop/리더 네이버 자동화/src/promptLoader.ts:29:26)
    at loadPromptFile (C:/Users/박성현/Desktop/리더 네이버 자동화/src/promptLoader.ts:126:32)
    at buildSystemPrompt (C:/Users/박성현/Desktop/리더 네이버 자동화/src/promptLoader.ts:172:22)
    at buildSystemPromptFromHint (C:/Users/박성현/Desktop/리더 네이버 자동화/src/promptLoader.ts:212:10)
    at buildFullPrompt (C:/Users/박성현/Desktop/리더 네이버 자동화/src/promptLoader.ts:966:22)
    at C:/Users/박성현/Desktop/리더 네이버 자동화/src/__tests__/smoke/price-zero-bug.test.ts:43:22
    at file:///C:/Users/%EB%B0%95%EC%84%B1%ED%98%84/Desktop/%EB%A6%AC%EB%8D%94%20%EB%84%A4%EC%9D%B4%EB%B2%84%20%EC%9E%90%EB%8F%99%ED%99%94/node_modules/@vitest/runner/dist/chunk-artifact.js:302:11
    at file:///C:/Users/%EB%B0%95%EC%84%B1%ED%98%84/Desktop/%EB%A6%AC%EB%8D%94%20%EB%84%A4%EC%9D%B4%EB%B2%84%20%EC%9E%90%EB%8F%99%ED%99%94/node_modules/@vitest/runner/dist/chunk-artifact.js:1903:26
    at file:///C:/Users/%EB%B0%95%EC%84%B1%ED%98%84/Desktop/%EB%A6%AC%EB%8D%94%20%EB%84%A4%EC%9D%B4%EB%B2%84%20%EC%9E%90%EB%8F%99%ED%99%94/node_modules/@vitest/runner/dist/chunk-artifact.js:2326:20
    at new Promise (<anonymous>)
[PromptLoader] base 프롬프트 로드 실패: homefeed/base.prompt

stdout | src/__tests__/smoke/price-zero-bug.test.ts > Price-zero bug reproduction — prompt must not render invalid prices > omits price line and swaps directive when price is 품절
[PromptLoader] 말투 보정 최종 적용: friendly
[PromptLoader] 🛒 쇼핑커넥트 제품 정보 프롬프트에 추가 (가격 미수집/무효 → 생략)

stderr | src/__tests__/smoke/price-zero-bug.test.ts > Price-zero bug reproduction — prompt must not render invalid prices > omits price line and swaps directive when price is 품절
[PromptLoader] 프롬프트 파일 로드 실패: homefeed/base.prompt TypeError: __vite_ssr_import_2__.app.getAppPath is not a function
    at getPromptsDir (C:/Users/박성현/Desktop/리더 네이버 자동화/src/promptLoader.ts:29:26)
    at loadPromptFile (C:/Users/박성현/Desktop/리더 네이버 자동화/src/promptLoader.ts:126:32)
    at buildSystemPrompt (C:/Users/박성현/Desktop/리더 네이버 자동화/src/promptLoader.ts:172:22)
    at buildSystemPromptFromHint (C:/Users/박성현/Desktop/리더 네이버 자동화/src/promptLoader.ts:212:10)
    at buildFullPrompt (C:/Users/박성현/Desktop/리더 네이버 자동화/src/promptLoader.ts:966:22)
    at C:/Users/박성현/Desktop/리더 네이버 자동화/src/__tests__/smoke/price-zero-bug.test.ts:43:22
    at file:///C:/Users/%EB%B0%95%EC%84%B1%ED%98%84/Desktop/%EB%A6%AC%EB%8D%94%20%EB%84%A4%EC%9D%B4%EB%B2%84%20%EC%9E%90%EB%8F%99%ED%99%94/node_modules/@vitest/runner/dist/chunk-artifact.js:302:11
    at file:///C:/Users/%EB%B0%95%EC%84%B1%ED%98%84/Desktop/%EB%A6%AC%EB%8D%94%20%EB%84%A4%EC%9D%B4%EB%B2%84%20%EC%9E%90%EB%8F%99%ED%99%94/node_modules/@vitest/runner/dist/chunk-artifact.js:1903:26
    at file:///C:/Users/%EB%B0%95%EC%84%B1%ED%98%84/Desktop/%EB%A6%AC%EB%8D%94%20%EB%84%A4%EC%9D%B4%EB%B2%84%20%EC%9E%90%EB%8F%99%ED%99%94/node_modules/@vitest/runner/dist/chunk-artifact.js:2326:20
    at new Promise (<anonymous>)
[PromptLoader] base 프롬프트 로드 실패: homefeed/base.prompt

stdout | src/__tests__/smoke/price-zero-bug.test.ts > Price-zero bug reproduction — prompt must not render invalid prices > omits price line and swaps directive when price is 문의
[PromptLoader] 말투 보정 최종 적용: friendly
[PromptLoader] 🛒 쇼핑커넥트 제품 정보 프롬프트에 추가 (가격 미수집/무효 → 생략)

stderr | src/__tests__/smoke/price-zero-bug.test.ts > Price-zero bug reproduction — prompt must not render invalid prices > omits price line and swaps directive when price is 문의
[PromptLoader] 프롬프트 파일 로드 실패: homefeed/base.prompt TypeError: __vite_ssr_import_2__.app.getAppPath is not a function
    at getPromptsDir (C:/Users/박성현/Desktop/리더 네이버 자동화/src/promptLoader.ts:29:26)
    at loadPromptFile (C:/Users/박성현/Desktop/리더 네이버 자동화/src/promptLoader.ts:126:32)
    at buildSystemPrompt (C:/Users/박성현/Desktop/리더 네이버 자동화/src/promptLoader.ts:172:22)
    at buildSystemPromptFromHint (C:/Users/박성현/Desktop/리더 네이버 자동화/src/promptLoader.ts:212:10)
    at buildFullPrompt (C:/Users/박성현/Desktop/리더 네이버 자동화/src/promptLoader.ts:966:22)
    at C:/Users/박성현/Desktop/리더 네이버 자동화/src/__tests__/smoke/price-zero-bug.test.ts:43:22
    at file:///C:/Users/%EB%B0%95%EC%84%B1%ED%98%84/Desktop/%EB%A6%AC%EB%8D%94%20%EB%84%A4%EC%9D%B4%EB%B2%84%20%EC%9E%90%EB%8F%99%ED%99%94/node_modules/@vitest/runner/dist/chunk-artifact.js:302:11
    at file:///C:/Users/%EB%B0%95%EC%84%B1%ED%98%84/Desktop/%EB%A6%AC%EB%8D%94%20%EB%84%A4%EC%9D%B4%EB%B2%84%20%EC%9E%90%EB%8F%99%ED%99%94/node_modules/@vitest/runner/dist/chunk-artifact.js:1903:26
    at file:///C:/Users/%EB%B0%95%EC%84%B1%ED%98%84/Desktop/%EB%A6%AC%EB%8D%94%20%EB%84%A4%EC%9D%B4%EB%B2%84%20%EC%9E%90%EB%8F%99%ED%99%94/node_modules/@vitest/runner/dist/chunk-artifact.js:2326:20
    at new Promise (<anonymous>)
[PromptLoader] base 프롬프트 로드 실패: homefeed/base.prompt

 ✓ src/__tests__/recentWinnersExtractor.test.ts > extractRecentWinners — minimum sample gate > returns empty when fewer than 5 posts have metrics 14ms
 ✓ src/__tests__/recentWinnersExtractor.test.ts > extractRecentWinners — minimum sample gate > returns winners once sample reaches the minimum 11ms
 ✓ src/__tests__/recentWinnersExtractor.test.ts > extractRecentWinners — ranking > picks top 20% by views DESC 11ms
 ✓ src/__tests__/recentWinnersExtractor.test.ts > extractRecentWinners — ranking > breaks ties on views by likes DESC 23ms
 ✓ src/__tests__/postLimitManager.test.ts > postLimitManager > setDailyLimit으로 한도를 변경할 수 있다 11ms
 ✓ src/__tests__/postLimitManager.test.ts > postLimitManager > 유효하지 않은 한도는 무시한다 7ms
 ✓ src/__tests__/postLimitManager.test.ts > postLimitManager > getTodayCount는 새 날에 0을 반환한다 8ms
 ✓ src/__tests__/postLimitManager.test.ts > postLimitManager > incrementTodayCount는 카운트를 증가시킨다 15ms
 ✓ src/__tests__/postLimitManager.test.ts > postLimitManager 빈도 제어 > getMinIntervalMs 기본값은 2시간이다 6ms
 ✓ src/__tests__/postLimitManager.test.ts > postLimitManager 빈도 제어 > validatePublishAllowed가 존재한다 19ms
stdout | src/__tests__/smoke/price-zero-bug.test.ts > recentWinnersBlock — feedback loop few-shot injection (W4) > injects the winners block when provided
[PromptLoader] 말투 보정 최종 적용: friendly

stderr | src/__tests__/smoke/price-zero-bug.test.ts > recentWinnersBlock — feedback loop few-shot injection (W4) > injects the winners block when provided
[PromptLoader] 프롬프트 파일 로드 실패: homefeed/base.prompt TypeError: __vite_ssr_import_2__.app.getAppPath is not a function
    at getPromptsDir (C:/Users/박성현/Desktop/리더 네이버 자동화/src/promptLoader.ts:29:26)
    at loadPromptFile (C:/Users/박성현/Desktop/리더 네이버 자동화/src/promptLoader.ts:126:32)
    at buildSystemPrompt (C:/Users/박성현/Desktop/리더 네이버 자동화/src/promptLoader.ts:172:22)
    at buildSystemPromptFromHint (C:/Users/박성현/Desktop/리더 네이버 자동화/src/promptLoader.ts:212:10)
    at buildFullPrompt (C:/Users/박성현/Desktop/리더 네이버 자동화/src/promptLoader.ts:966:22)
    at C:/Users/박성현/Desktop/리더 네이버 자동화/src/__tests__/smoke/price-zero-bug.test.ts:79:20
    at file:///C:/Users/%EB%B0%95%EC%84%B1%ED%98%84/Desktop/%EB%A6%AC%EB%8D%94%20%EB%84%A4%EC%9D%B4%EB%B2%84%20%EC%9E%90%EB%8F%99%ED%99%94/node_modules/@vitest/runner/dist/chunk-artifact.js:302:11
    at file:///C:/Users/%EB%B0%95%EC%84%B1%ED%98%84/Desktop/%EB%A6%AC%EB%8D%94%20%EB%84%A4%EC%9D%B4%EB%B2%84%20%EC%9E%90%EB%8F%99%ED%99%94/node_modules/@vitest/runner/dist/chunk-artifact.js:1903:26
    at file:///C:/Users/%EB%B0%95%EC%84%B1%ED%98%84/Desktop/%EB%A6%AC%EB%8D%94%20%EB%84%A4%EC%9D%B4%EB%B2%84%20%EC%9E%90%EB%8F%99%ED%99%94/node_modules/@vitest/runner/dist/chunk-artifact.js:2326:20
    at new Promise (<anonymous>)
[PromptLoader] base 프롬프트 로드 실패: homefeed/base.prompt

stderr | src/__tests__/featureFlagTracker.test.ts > featureFlagTracker — storage robustness > handles a corrupt file by treating it as empty
[featureFlagTracker] read failed, returning empty: SyntaxError: Expected property name or '}' in JSON at position 1
    at JSON.parse (<anonymous>)
    at readAll (C:/Users/박성현/Desktop/리더 네이버 자동화/src/analytics/featureFlagTracker.ts:95:25)
    at listRecent (C:/Users/박성현/Desktop/리더 네이버 자동화/src/analytics/featureFlagTracker.ts:144:10)
    at C:/Users/박성현/Desktop/리더 네이버 자동화/src/__tests__/featureFlagTracker.test.ts:111:12
    at file:///C:/Users/%EB%B0%95%EC%84%B1%ED%98%84/Desktop/%EB%A6%AC%EB%8D%94%20%EB%84%A4%EC%9D%B4%EB%B2%84%20%EC%9E%90%EB%8F%99%ED%99%94/node_modules/@vitest/runner/dist/chunk-artifact.js:302:11
    at file:///C:/Users/%EB%B0%95%EC%84%B1%ED%98%84/Desktop/%EB%A6%AC%EB%8D%94%20%EB%84%A4%EC%9D%B4%EB%B2%84%20%EC%9E%90%EB%8F%99%ED%99%94/node_modules/@vitest/runner/dist/chunk-artifact.js:1903:26
    at file:///C:/Users/%EB%B0%95%EC%84%B1%ED%98%84/Desktop/%EB%A6%AC%EB%8D%94%20%EB%84%A4%EC%9D%B4%EB%B2%84%20%EC%9E%90%EB%8F%99%ED%99%94/node_modules/@vitest/runner/dist/chunk-artifact.js:2326:20
    at new Promise (<anonymous>)
    at runWithCancel (file:///C:/Users/%EB%B0%95%EC%84%B1%ED%98%84/Desktop/%EB%A6%AC%EB%8D%94%20%EB%84%A4%EC%9D%B4%EB%B2%84%20%EC%9E%90%EB%8F%99%ED%99%94/node_modules/@vitest/runner/dist/chunk-artifact.js:2323:10)
    at file:///C:/Users/%EB%B0%95%EC%84%B1%ED%98%84/Desktop/%EB%A6%AC%EB%8D%94%20%EB%84%A4%EC%9D%B4%EB%B2%84%20%EC%9E%90%EB%8F%99%ED%99%94/node_modules/@vitest/runner/dist/chunk-artifact.js:2305:20

 ✓ src/__tests__/featureFlagTracker.test.ts > featureFlagTracker — record & retrieve > records a new publish and retrieves it by postId 11ms
 ✓ src/__tests__/featureFlagTracker.test.ts > featureFlagTracker — record & retrieve > returns null for unknown postId 1ms
 ✓ src/__tests__/featureFlagTracker.test.ts > featureFlagTracker — record & retrieve > is idempotent — repeated recordPublish overwrites the prior entry 4ms
 ✓ src/__tests__/featureFlagTracker.test.ts > featureFlagTracker — record & retrieve > rejects empty postId 1ms
 ✓ src/__tests__/featureFlagTracker.test.ts > featureFlagTracker — listRecent ordering > returns records sorted by publishedAt desc 21ms
 ✓ src/__tests__/featureFlagTracker.test.ts > featureFlagTracker — listRecent ordering > respects the limit parameter 35ms
 ✓ src/__tests__/featureFlagTracker.test.ts > featureFlagTracker — cohort stats > returns null averages when one cohort is empty 8ms
 ✓ src/__tests__/featureFlagTracker.test.ts > featureFlagTracker — cohort stats > computes averages for both cohorts when both have data 7ms
 ✓ src/__tests__/featureFlagTracker.test.ts > featureFlagTracker — storage robustness > handles a missing file gracefully 1ms
stdout | src/__tests__/smoke/price-zero-bug.test.ts > recentWinnersBlock — feedback loop few-shot injection (W4) > omits the winners block when undefined
[PromptLoader] 말투 보정 최종 적용: friendly

stderr | src/__tests__/smoke/price-zero-bug.test.ts > recentWinnersBlock — feedback loop few-shot injection (W4) > omits the winners block when undefined
[PromptLoader] 프롬프트 파일 로드 실패: homefeed/base.prompt TypeError: __vite_ssr_import_2__.app.getAppPath is not a function
    at getPromptsDir (C:/Users/박성현/Desktop/리더 네이버 자동화/src/promptLoader.ts:29:26)
    at loadPromptFile (C:/Users/박성현/Desktop/리더 네이버 자동화/src/promptLoader.ts:126:32)
    at buildSystemPrompt (C:/Users/박성현/Desktop/리더 네이버 자동화/src/promptLoader.ts:172:22)
    at buildSystemPromptFromHint (C:/Users/박성현/Desktop/리더 네이버 자동화/src/promptLoader.ts:212:10)
    at buildFullPrompt (C:/Users/박성현/Desktop/리더 네이버 자동화/src/promptLoader.ts:966:22)
    at C:/Users/박성현/Desktop/리더 네이버 자동화/src/__tests__/smoke/price-zero-bug.test.ts:94:20
    at file:///C:/Users/%EB%B0%95%EC%84%B1%ED%98%84/Desktop/%EB%A6%AC%EB%8D%94%20%EB%84%A4%EC%9D%B4%EB%B2%84%20%EC%9E%90%EB%8F%99%ED%99%94/node_modules/@vitest/runner/dist/chunk-artifact.js:302:11
    at file:///C:/Users/%EB%B0%95%EC%84%B1%ED%98%84/Desktop/%EB%A6%AC%EB%8D%94%20%EB%84%A4%EC%9D%B4%EB%B2%84%20%EC%9E%90%EB%8F%99%ED%99%94/node_modules/@vitest/runner/dist/chunk-artifact.js:1903:26
    at file:///C:/Users/%EB%B0%95%EC%84%B1%ED%98%84/Desktop/%EB%A6%AC%EB%8D%94%20%EB%84%A4%EC%9D%B4%EB%B2%84%20%EC%9E%90%EB%8F%99%ED%99%94/node_modules/@vitest/runner/dist/chunk-artifact.js:2326:20
    at new Promise (<anonymous>)
[PromptLoader] base 프롬프트 로드 실패: homefeed/base.prompt

stdout | src/__tests__/smoke/price-zero-bug.test.ts > recentWinnersBlock — feedback loop few-shot injection (W4) > omits the winners block when empty string
[PromptLoader] 말투 보정 최종 적용: friendly

stderr | src/__tests__/smoke/price-zero-bug.test.ts > recentWinnersBlock — feedback loop few-shot injection (W4) > omits the winners block when empty string
[PromptLoader] 프롬프트 파일 로드 실패: homefeed/base.prompt TypeError: __vite_ssr_import_2__.app.getAppPath is not a function
    at getPromptsDir (C:/Users/박성현/Desktop/리더 네이버 자동화/src/promptLoader.ts:29:26)
    at loadPromptFile (C:/Users/박성현/Desktop/리더 네이버 자동화/src/promptLoader.ts:126:32)
    at buildSystemPrompt (C:/Users/박성현/Desktop/리더 네이버 자동화/src/promptLoader.ts:172:22)
    at buildSystemPromptFromHint (C:/Users/박성현/Desktop/리더 네이버 자동화/src/promptLoader.ts:212:10)
    at buildFullPrompt (C:/Users/박성현/Desktop/리더 네이버 자동화/src/promptLoader.ts:966:22)
    at C:/Users/박성현/Desktop/리더 네이버 자동화/src/__tests__/smoke/price-zero-bug.test.ts:99:20
    at file:///C:/Users/%EB%B0%95%EC%84%B1%ED%98%84/Desktop/%EB%A6%AC%EB%8D%94%20%EB%84%A4%EC%9D%B4%EB%B2%84%20%EC%9E%90%EB%8F%99%ED%99%94/node_modules/@vitest/runner/dist/chunk-artifact.js:302:11
    at file:///C:/Users/%EB%B0%95%EC%84%B1%ED%98%84/Desktop/%EB%A6%AC%EB%8D%94%20%EB%84%A4%EC%9D%B4%EB%B2%84%20%EC%9E%90%EB%8F%99%ED%99%94/node_modules/@vitest/runner/dist/chunk-artifact.js:1903:26
    at file:///C:/Users/%EB%B0%95%EC%84%B1%ED%98%84/Desktop/%EB%A6%AC%EB%8D%94%20%EB%84%A4%EC%9D%B4%EB%B2%84%20%EC%9E%90%EB%8F%99%ED%99%94/node_modules/@vitest/runner/dist/chunk-artifact.js:2326:20
    at new Promise (<anonymous>)
[PromptLoader] base 프롬프트 로드 실패: homefeed/base.prompt

stdout | src/__tests__/smoke/price-zero-bug.test.ts > recentWinnersBlock — feedback loop few-shot injection (W4) > combines with hookHint when both are provided
[PromptLoader] 말투 보정 최종 적용: friendly

stderr | src/__tests__/smoke/price-zero-bug.test.ts > recentWinnersBlock — feedback loop few-shot injection (W4) > combines with hookHint when both are provided
[PromptLoader] 프롬프트 파일 로드 실패: homefeed/base.prompt TypeError: __vite_ssr_import_2__.app.getAppPath is not a function
    at getPromptsDir (C:/Users/박성현/Desktop/리더 네이버 자동화/src/promptLoader.ts:29:26)
    at loadPromptFile (C:/Users/박성현/Desktop/리더 네이버 자동화/src/promptLoader.ts:126:32)
    at buildSystemPrompt (C:/Users/박성현/Desktop/리더 네이버 자동화/src/promptLoader.ts:172:22)
    at buildSystemPromptFromHint (C:/Users/박성현/Desktop/리더 네이버 자동화/src/promptLoader.ts:212:10)
    at buildFullPrompt (C:/Users/박성현/Desktop/리더 네이버 자동화/src/promptLoader.ts:966:22)
    at C:/Users/박성현/Desktop/리더 네이버 자동화/src/__tests__/smoke/price-zero-bug.test.ts:104:20
    at file:///C:/Users/%EB%B0%95%EC%84%B1%ED%98%84/Desktop/%EB%A6%AC%EB%8D%94%20%EB%84%A4%EC%9D%B4%EB%B2%84%20%EC%9E%90%EB%8F%99%ED%99%94/node_modules/@vitest/runner/dist/chunk-artifact.js:302:11
    at file:///C:/Users/%EB%B0%95%EC%84%B1%ED%98%84/Desktop/%EB%A6%AC%EB%8D%94%20%EB%84%A4%EC%9D%B4%EB%B2%84%20%EC%9E%90%EB%8F%99%ED%99%94/node_modules/@vitest/runner/dist/chunk-artifact.js:1903:26
    at file:///C:/Users/%EB%B0%95%EC%84%B1%ED%98%84/Desktop/%EB%A6%AC%EB%8D%94%20%EB%84%A4%EC%9D%B4%EB%B2%84%20%EC%9E%90%EB%8F%99%ED%99%94/node_modules/@vitest/runner/dist/chunk-artifact.js:2326:20
    at new Promise (<anonymous>)
[PromptLoader] base 프롬프트 로드 실패: homefeed/base.prompt

stdout | src/__tests__/smoke/price-zero-bug.test.ts > hookHint — user-provided 1-sentence hook injection (W2) > injects the hook block when provided
[PromptLoader] 말투 보정 최종 적용: friendly

 ✓ src/__tests__/serpHistory.test.ts > loadHistory > 파일 없으면 빈 배열 9ms
 ✓ src/__tests__/serpHistory.test.ts > loadHistory > 잘못된 JSON이면 빈 배열 5ms
 ✓ src/__tests__/serpHistory.test.ts > loadHistory > JSON 배열이 아니면 빈 배열 2ms
 ✓ src/__tests__/serpHistory.test.ts > loadHistory > 유효한 항목만 필터 4ms
 ✓ src/__tests__/serpHistory.test.ts > appendHistory > 새 항목 정상 저장 5ms
 ✓ src/__tests__/serpHistory.test.ts > appendHistory > 여러 항목 누적 5ms
 ✓ src/__tests__/serpHistory.test.ts > appendHistory > maxEntries 초과 시 오래된 것 자동 삭제 8ms
 ✓ src/__tests__/serpHistory.test.ts > appendHistory > userDataPath 없으면 자동 생성 8ms
 ✓ src/__tests__/serpHistory.test.ts > computeStats > 빈 history는 0 점수 5ms
 ✓ src/__tests__/serpHistory.test.ts > computeStats > 평균 finalScore + serp 점수 정확 6ms
 ✓ src/__tests__/serpHistory.test.ts > computeStats > ranking 분포 계산 5ms
 ✓ src/__tests__/serpHistory.test.ts > computeStats > topMissingSignals — 가장 자주 미달하는 신호 추출 3ms
 ✓ src/__tests__/serpHistory.test.ts > computeStats > Phase 3.14 — difficulty 분포 누적 + smartblock 카운트 4ms
 ✓ src/__tests__/serpHistory.test.ts > computeStats > difficulty 없는 history는 difficultyDataPoints=0 3ms
 ✓ src/__tests__/serpHistory.test.ts > computeStats > topStrengths — 가장 자주 강점인 신호 추출 3ms
 ✓ src/__tests__/serpHistory.test.ts > getRecentEntries > 시간 역순 정렬 + N개 제한 17ms
 ✓ src/__tests__/serpHistory.test.ts > clearHistory > 파일 삭제 4ms
 ✓ src/__tests__/serpHistory.test.ts > clearHistory > 파일 없어도 OK (true 반환) 2ms
 ✓ src/__tests__/cohortAnalyzer.test.ts > compareCohort — basic join > returns null averages when either cohort has no data 30ms
 ✓ src/__tests__/cohortAnalyzer.test.ts > compareCohort — basic join > computes delta when both cohorts have data 29ms
 ✓ src/__tests__/cohortAnalyzer.test.ts > compareCohort — basic join > excludes posts without a metric snapshot 11ms
 ✓ src/__tests__/cohortAnalyzer.test.ts > compareCohort — latest-per-post deduplication > uses the latest snapshot when multiple exist for one post 10ms
 ✓ src/__tests__/cohortAnalyzer.test.ts > compareCohort — timeWindow (SEO W3) > filters snapshots to "early" window (D+0~D+3) 8ms
 ✓ src/__tests__/cohortAnalyzer.test.ts > compareCohort — timeWindow (SEO W3) > filters snapshots to "validation" window (D+7~D+14) 9ms
 ✓ src/__tests__/featureFlagTracker.test.ts > featureFlagTracker — storage robustness > handles a corrupt file by treating it as empty 13ms
stderr | src/__tests__/smoke/price-zero-bug.test.ts > hookHint — user-provided 1-sentence hook injection (W2) > injects the hook block when provided
[PromptLoader] 프롬프트 파일 로드 실패: homefeed/base.prompt TypeError: __vite_ssr_import_2__.app.getAppPath is not a function
    at getPromptsDir (C:/Users/박성현/Desktop/리더 네이버 자동화/src/promptLoader.ts:29:26)
    at loadPromptFile (C:/Users/박성현/Desktop/리더 네이버 자동화/src/promptLoader.ts:126:32)
    at buildSystemPrompt (C:/Users/박성현/Desktop/리더 네이버 자동화/src/promptLoader.ts:172:22)
    at buildSystemPromptFromHint (C:/Users/박성현/Desktop/리더 네이버 자동화/src/promptLoader.ts:212:10)
    at buildFullPrompt (C:/Users/박성현/Desktop/리더 네이버 자동화/src/promptLoader.ts:966:22)
    at C:/Users/박성현/Desktop/리더 네이버 자동화/src/__tests__/smoke/price-zero-bug.test.ts:121:20
    at file:///C:/Users/%EB%B0%95%EC%84%B1%ED%98%84/Desktop/%EB%A6%AC%EB%8D%94%20%EB%84%A4%EC%9D%B4%EB%B2%84%20%EC%9E%90%EB%8F%99%ED%99%94/node_modules/@vitest/runner/dist/chunk-artifact.js:302:11
    at file:///C:/Users/%EB%B0%95%EC%84%B1%ED%98%84/Desktop/%EB%A6%AC%EB%8D%94%20%EB%84%A4%EC%9D%B4%EB%B2%84%20%EC%9E%90%EB%8F%99%ED%99%94/node_modules/@vitest/runner/dist/chunk-artifact.js:1903:26
    at file:///C:/Users/%EB%B0%95%EC%84%B1%ED%98%84/Desktop/%EB%A6%AC%EB%8D%94%20%EB%84%A4%EC%9D%B4%EB%B2%84%20%EC%9E%90%EB%8F%99%ED%99%94/node_modules/@vitest/runner/dist/chunk-artifact.js:2326:20
    at new Promise (<anonymous>)
[PromptLoader] base 프롬프트 로드 실패: homefeed/base.prompt

stdout | src/__tests__/smoke/price-zero-bug.test.ts > hookHint — user-provided 1-sentence hook injection (W2) > omits the hook block when hookHint is empty string
[PromptLoader] 말투 보정 최종 적용: friendly

stderr | src/__tests__/smoke/price-zero-bug.test.ts > hookHint — user-provided 1-sentence hook injection (W2) > omits the hook block when hookHint is empty string
[PromptLoader] 프롬프트 파일 로드 실패: homefeed/base.prompt TypeError: __vite_ssr_import_2__.app.getAppPath is not a function
    at getPromptsDir (C:/Users/박성현/Desktop/리더 네이버 자동화/src/promptLoader.ts:29:26)
    at loadPromptFile (C:/Users/박성현/Desktop/리더 네이버 자동화/src/promptLoader.ts:126:32)
    at buildSystemPrompt (C:/Users/박성현/Desktop/리더 네이버 자동화/src/promptLoader.ts:172:22)
    at buildSystemPromptFromHint (C:/Users/박성현/Desktop/리더 네이버 자동화/src/promptLoader.ts:212:10)
    at buildFullPrompt (C:/Users/박성현/Desktop/리더 네이버 자동화/src/promptLoader.ts:966:22)
    at C:/Users/박성현/Desktop/리더 네이버 자동화/src/__tests__/smoke/price-zero-bug.test.ts:135:20
    at file:///C:/Users/%EB%B0%95%EC%84%B1%ED%98%84/Desktop/%EB%A6%AC%EB%8D%94%20%EB%84%A4%EC%9D%B4%EB%B2%84%20%EC%9E%90%EB%8F%99%ED%99%94/node_modules/@vitest/runner/dist/chunk-artifact.js:302:11
    at file:///C:/Users/%EB%B0%95%EC%84%B1%ED%98%84/Desktop/%EB%A6%AC%EB%8D%94%20%EB%84%A4%EC%9D%B4%EB%B2%84%20%EC%9E%90%EB%8F%99%ED%99%94/node_modules/@vitest/runner/dist/chunk-artifact.js:1903:26
    at file:///C:/Users/%EB%B0%95%EC%84%B1%ED%98%84/Desktop/%EB%A6%AC%EB%8D%94%20%EB%84%A4%EC%9D%B4%EB%B2%84%20%EC%9E%90%EB%8F%99%ED%99%94/node_modules/@vitest/runner/dist/chunk-artifact.js:2326:20
    at new Promise (<anonymous>)
[PromptLoader] base 프롬프트 로드 실패: homefeed/base.prompt

stdout | src/__tests__/smoke/price-zero-bug.test.ts > hookHint — user-provided 1-sentence hook injection (W2) > omits the hook block when hookHint is undefined
[PromptLoader] 말투 보정 최종 적용: friendly

stderr | src/__tests__/smoke/price-zero-bug.test.ts > hookHint — user-provided 1-sentence hook injection (W2) > omits the hook block when hookHint is undefined
[PromptLoader] 프롬프트 파일 로드 실패: homefeed/base.prompt TypeError: __vite_ssr_import_2__.app.getAppPath is not a function
    at getPromptsDir (C:/Users/박성현/Desktop/리더 네이버 자동화/src/promptLoader.ts:29:26)
    at loadPromptFile (C:/Users/박성현/Desktop/리더 네이버 자동화/src/promptLoader.ts:126:32)
    at buildSystemPrompt (C:/Users/박성현/Desktop/리더 네이버 자동화/src/promptLoader.ts:172:22)
    at buildSystemPromptFromHint (C:/Users/박성현/Desktop/리더 네이버 자동화/src/promptLoader.ts:212:10)
    at buildFullPrompt (C:/Users/박성현/Desktop/리더 네이버 자동화/src/promptLoader.ts:966:22)
    at C:/Users/박성현/Desktop/리더 네이버 자동화/src/__tests__/smoke/price-zero-bug.test.ts:140:20
    at file:///C:/Users/%EB%B0%95%EC%84%B1%ED%98%84/Desktop/%EB%A6%AC%EB%8D%94%20%EB%84%A4%EC%9D%B4%EB%B2%84%20%EC%9E%90%EB%8F%99%ED%99%94/node_modules/@vitest/runner/dist/chunk-artifact.js:302:11
    at file:///C:/Users/%EB%B0%95%EC%84%B1%ED%98%84/Desktop/%EB%A6%AC%EB%8D%94%20%EB%84%A4%EC%9D%B4%EB%B2%84%20%EC%9E%90%EB%8F%99%ED%99%94/node_modules/@vitest/runner/dist/chunk-artifact.js:1903:26
    at file:///C:/Users/%EB%B0%95%EC%84%B1%ED%98%84/Desktop/%EB%A6%AC%EB%8D%94%20%EB%84%A4%EC%9D%B4%EB%B2%84%20%EC%9E%90%EB%8F%99%ED%99%94/node_modules/@vitest/runner/dist/chunk-artifact.js:2326:20
    at new Promise (<anonymous>)
[PromptLoader] base 프롬프트 로드 실패: homefeed/base.prompt

stdout | src/__tests__/smoke/price-zero-bug.test.ts > hookHint — user-provided 1-sentence hook injection (W2) > trims whitespace and caps the hook at 40 chars
[PromptLoader] 말투 보정 최종 적용: friendly

stderr | src/__tests__/smoke/price-zero-bug.test.ts > hookHint — user-provided 1-sentence hook injection (W2) > trims whitespace and caps the hook at 40 chars
[PromptLoader] 프롬프트 파일 로드 실패: homefeed/base.prompt TypeError: __vite_ssr_import_2__.app.getAppPath is not a function
    at getPromptsDir (C:/Users/박성현/Desktop/리더 네이버 자동화/src/promptLoader.ts:29:26)
    at loadPromptFile (C:/Users/박성현/Desktop/리더 네이버 자동화/src/promptLoader.ts:126:32)
    at buildSystemPrompt (C:/Users/박성현/Desktop/리더 네이버 자동화/src/promptLoader.ts:172:22)
    at buildSystemPromptFromHint (C:/Users/박성현/Desktop/리더 네이버 자동화/src/promptLoader.ts:212:10)
    at buildFullPrompt (C:/Users/박성현/Desktop/리더 네이버 자동화/src/promptLoader.ts:966:22)
    at C:/Users/박성현/Desktop/리더 네이버 자동화/src/__tests__/smoke/price-zero-bug.test.ts:146:20
    at file:///C:/Users/%EB%B0%95%EC%84%B1%ED%98%84/Desktop/%EB%A6%AC%EB%8D%94%20%EB%84%A4%EC%9D%B4%EB%B2%84%20%EC%9E%90%EB%8F%99%ED%99%94/node_modules/@vitest/runner/dist/chunk-artifact.js:302:11
    at file:///C:/Users/%EB%B0%95%EC%84%B1%ED%98%84/Desktop/%EB%A6%AC%EB%8D%94%20%EB%84%A4%EC%9D%B4%EB%B2%84%20%EC%9E%90%EB%8F%99%ED%99%94/node_modules/@vitest/runner/dist/chunk-artifact.js:1903:26
    at file:///C:/Users/%EB%B0%95%EC%84%B1%ED%98%84/Desktop/%EB%A6%AC%EB%8D%94%20%EB%84%A4%EC%9D%B4%EB%B2%84%20%EC%9E%90%EB%8F%99%ED%99%94/node_modules/@vitest/runner/dist/chunk-artifact.js:2326:20
    at new Promise (<anonymous>)
[PromptLoader] base 프롬프트 로드 실패: homefeed/base.prompt

stdout | src/__tests__/smoke/price-zero-bug.test.ts > hookHint — user-provided 1-sentence hook injection (W2) > omits when hookHint is whitespace only
[PromptLoader] 말투 보정 최종 적용: friendly

stderr | src/__tests__/smoke/price-zero-bug.test.ts > hookHint — user-provided 1-sentence hook injection (W2) > omits when hookHint is whitespace only
[PromptLoader] 프롬프트 파일 로드 실패: homefeed/base.prompt TypeError: __vite_ssr_import_2__.app.getAppPath is not a function
    at getPromptsDir (C:/Users/박성현/Desktop/리더 네이버 자동화/src/promptLoader.ts:29:26)
    at loadPromptFile (C:/Users/박성현/Desktop/리더 네이버 자동화/src/promptLoader.ts:126:32)
    at buildSystemPrompt (C:/Users/박성현/Desktop/리더 네이버 자동화/src/promptLoader.ts:172:22)
    at buildSystemPromptFromHint (C:/Users/박성현/Desktop/리더 네이버 자동화/src/promptLoader.ts:212:10)
    at buildFullPrompt (C:/Users/박성현/Desktop/리더 네이버 자동화/src/promptLoader.ts:966:22)
    at C:/Users/박성현/Desktop/리더 네이버 자동화/src/__tests__/smoke/price-zero-bug.test.ts:154:20
    at file:///C:/Users/%EB%B0%95%EC%84%B1%ED%98%84/Desktop/%EB%A6%AC%EB%8D%94%20%EB%84%A4%EC%9D%B4%EB%B2%84%20%EC%9E%90%EB%8F%99%ED%99%94/node_modules/@vitest/runner/dist/chunk-artifact.js:302:11
    at file:///C:/Users/%EB%B0%95%EC%84%B1%ED%98%84/Desktop/%EB%A6%AC%EB%8D%94%20%EB%84%A4%EC%9D%B4%EB%B2%84%20%EC%9E%90%EB%8F%99%ED%99%94/node_modules/@vitest/runner/dist/chunk-artifact.js:1903:26
    at file:///C:/Users/%EB%B0%95%EC%84%B1%ED%98%84/Desktop/%EB%A6%AC%EB%8D%94%20%EB%84%A4%EC%9D%B4%EB%B2%84%20%EC%9E%90%EB%8F%99%ED%99%94/node_modules/@vitest/runner/dist/chunk-artifact.js:2326:20
    at new Promise (<anonymous>)
[PromptLoader] base 프롬프트 로드 실패: homefeed/base.prompt

 ✓ src/__tests__/chainCache.test.ts > ChainCache — LRU 동작 > miss는 undefined, set 후 hit 반환 4ms
 ✓ src/__tests__/chainCache.test.ts > ChainCache — LRU 동작 > maxSize 초과 시 가장 오래된 키 evict 1ms
 ✓ src/__tests__/chainCache.test.ts > ChainCache — LRU 동작 > get 호출 시 LRU bump — 최근 사용 항목은 evict 대상에서 빠짐 0ms
 ✓ src/__tests__/chainCache.test.ts > ChainCache — LRU 동작 > TTL 만료 시 miss 처리 56ms
 ✓ src/__tests__/chainCache.test.ts > ChainCache — LRU 동작 > stats에 hits/misses/hitRate 노출 1ms
 ✓ src/__tests__/chainCache.test.ts > ChainCache — LRU 동작 > maxSize 0 또는 음수는 throw 2ms
 ✓ src/__tests__/chainCache.test.ts > ChainCache — LRU 동작 > clear는 항목·통계 모두 리셋 2ms
 ✓ src/__tests__/chainCache.test.ts > buildClassifyKey — 결정론 해시 > 같은 입력은 같은 키 0ms
 ✓ src/__tests__/chainCache.test.ts > buildClassifyKey — 결정론 해시 > 다른 입력은 다른 키 (충돌 회피) 1ms
 ✓ src/__tests__/chainCache.test.ts > buildClassifyKey — 결정론 해시 > rawText 200자 초과는 키 폭주 방지 위해 잘라냄 1ms
 ✓ src/__tests__/chainCache.test.ts > buildClassifyKey — 결정론 해시 > 빈 입력도 안전 (모든 필드 undefined) 1ms
 ✓ src/__tests__/chainCache.test.ts > buildPersonaKey — 결정론 해시 > 같은 입력은 같은 키 0ms
 ✓ src/__tests__/chainCache.test.ts > buildPersonaKey — 결정론 해시 > toneOverride·userVoice가 키에 반영됨 1ms
 ✓ src/__tests__/chainCache.test.ts > chainedGeneration 통합 — 캐시 적중 검증 > 동일 입력 재호출 시 classify·persona 캐시 hit 3ms
 ✓ src/__tests__/chainCache.test.ts > chainedGeneration 통합 — 캐시 적중 검증 > 다른 입력은 캐시 miss (서로 다른 키) 1ms
 ✓ src/__tests__/chainCache.test.ts > chainedGeneration 통합 — 캐시 적중 검증 > feature flag OFF면 캐시도 사용 안 함 (early return) 1ms
 ✓ src/__tests__/chainCache.test.ts > SPEC 메모리 원칙 > 캐시 hit 시에도 결과는 결정론 (같은 객체 또는 동일 값) 0ms
 ✓ src/__tests__/cohortAnalyzer.test.ts > compareCohort — timeWindow (SEO W3) > "all" window (default) includes everything 7ms
 ✓ src/__tests__/cohortAnalyzer.test.ts > compareCohort — timeWindow (SEO W3) > respects explicit daysSincePublish when provided 7ms
 ✓ src/__tests__/cohortAnalyzer.test.ts > compareCohort — AI briefing citation rate (SEO W3) > computes citation rate when data is present 10ms
 ✓ src/__tests__/cohortAnalyzer.test.ts > compareCohort — AI briefing citation rate (SEO W3) > returns null citation rate when no metric has the flag set 8ms
 ✓ src/__tests__/cohortAnalyzer.test.ts > compareCohort — AI briefing citation rate (SEO W3) > citationRateDelta is null when one side lacks data 5ms
 ✓ src/__tests__/cohortAnalyzer.test.ts > rankFeaturesByImpact > sorts features with data first, by delta desc, nulls last 12ms
 ✓ src/__tests__/cohortAnalyzer.test.ts > rankFeaturesByImpact > returns empty-safe result when no data exists 1ms
 ✓ src/__tests__/serpHistory.test.ts > computeAdaptiveLearningImpact (Phase 3.10) > 6건 미만이면 canMeasure=false 2ms
 ✓ src/__tests__/serpHistory.test.ts > computeAdaptiveLearningImpact (Phase 3.10) > 학습 전 평균 < 학습 후 평균 — scoreDelta 양수 3ms
 ✓ src/__tests__/serpHistory.test.ts > computeAdaptiveLearningImpact (Phase 3.10) > gap 개선 측정 — afterGap > beforeGap이면 양수 2ms
 ✓ src/__tests__/serpHistory.test.ts > computeAdaptiveLearningImpact (Phase 3.10) > 시간 역순 입력도 정렬 후 처리 4ms
 ✓ src/__tests__/serpHistory.test.ts > computeAdaptiveLearningImpact (Phase 3.10) > 학습 전후 ranking 분포 추적 2ms
 ✓ src/__tests__/serpHistory.test.ts > buildAdaptiveLearningDirective (Phase 3.9) > history 5건 미만이면 빈 문자열 7ms
 ✓ src/__tests__/serpHistory.test.ts > buildAdaptiveLearningDirective (Phase 3.9) > count >= 3인 신호만 추출 11ms
 ✓ src/__tests__/serpHistory.test.ts > buildAdaptiveLearningDirective (Phase 3.9) > topK개 신호 추출 + 보강 가이드 포함 12ms
 ✓ src/__tests__/serpHistory.test.ts > buildAdaptiveLearningDirective (Phase 3.9) > 자주 미달 신호 없으면 빈 문자열 (모든 글이 통과) 15ms
stdout | src/__tests__/smoke/price-zero-bug.test.ts > Price-zero bug — valid prices must still render > renders price block when price is number 15370
[PromptLoader] 말투 보정 최종 적용: friendly
[PromptLoader] 🛒 쇼핑커넥트 제품 정보 프롬프트에 추가 (가격 유효)

stderr | src/__tests__/smoke/price-zero-bug.test.ts > Price-zero bug — valid prices must still render > renders price block when price is number 15370
[PromptLoader] 프롬프트 파일 로드 실패: homefeed/base.prompt TypeError: __vite_ssr_import_2__.app.getAppPath is not a function
    at getPromptsDir (C:/Users/박성현/Desktop/리더 네이버 자동화/src/promptLoader.ts:29:26)
    at loadPromptFile (C:/Users/박성현/Desktop/리더 네이버 자동화/src/promptLoader.ts:126:32)
    at buildSystemPrompt (C:/Users/박성현/Desktop/리더 네이버 자동화/src/promptLoader.ts:172:22)
    at buildSystemPromptFromHint (C:/Users/박성현/Desktop/리더 네이버 자동화/src/promptLoader.ts:212:10)
    at buildFullPrompt (C:/Users/박성현/Desktop/리더 네이버 자동화/src/promptLoader.ts:966:22)
    at C:/Users/박성현/Desktop/리더 네이버 자동화/src/__tests__/smoke/price-zero-bug.test.ts:169:22
    at file:///C:/Users/%EB%B0%95%EC%84%B1%ED%98%84/Desktop/%EB%A6%AC%EB%8D%94%20%EB%84%A4%EC%9D%B4%EB%B2%84%20%EC%9E%90%EB%8F%99%ED%99%94/node_modules/@vitest/runner/dist/chunk-artifact.js:302:11
    at file:///C:/Users/%EB%B0%95%EC%84%B1%ED%98%84/Desktop/%EB%A6%AC%EB%8D%94%20%EB%84%A4%EC%9D%B4%EB%B2%84%20%EC%9E%90%EB%8F%99%ED%99%94/node_modules/@vitest/runner/dist/chunk-artifact.js:1903:26
    at file:///C:/Users/%EB%B0%95%EC%84%B1%ED%98%84/Desktop/%EB%A6%AC%EB%8D%94%20%EB%84%A4%EC%9D%B4%EB%B2%84%20%EC%9E%90%EB%8F%99%ED%99%94/node_modules/@vitest/runner/dist/chunk-artifact.js:2326:20
    at new Promise (<anonymous>)
[PromptLoader] base 프롬프트 로드 실패: homefeed/base.prompt

 ✓ src/__tests__/smoke/price-zero-bug.test.ts > Price-zero bug reproduction — prompt must not render invalid prices > omits price line and swaps directive when price is number 0 23ms
 ✓ src/__tests__/smoke/price-zero-bug.test.ts > Price-zero bug reproduction — prompt must not render invalid prices > omits price line and swaps directive when price is string "0원" 3ms
 ✓ src/__tests__/smoke/price-zero-bug.test.ts > Price-zero bug reproduction — prompt must not render invalid prices > omits price line and swaps directive when price is string "0" 3ms
 ✓ src/__tests__/smoke/price-zero-bug.test.ts > Price-zero bug reproduction — prompt must not render invalid prices > omits price line and swaps directive when price is legacy "가격 정보 없음" 3ms
 ✓ src/__tests__/smoke/price-zero-bug.test.ts > Price-zero bug reproduction — prompt must not render invalid prices > omits price line and swaps directive when price is empty string 2ms
 ✓ src/__tests__/smoke/price-zero-bug.test.ts > Price-zero bug reproduction — prompt must not render invalid prices > omits price line and swaps directive when price is undefined 2ms
 ✓ src/__tests__/smoke/price-zero-bug.test.ts > Price-zero bug reproduction — prompt must not render invalid prices > omits price line and swaps directive when price is 품절 3ms
 ✓ src/__tests__/smoke/price-zero-bug.test.ts > Price-zero bug reproduction — prompt must not render invalid prices > omits price line and swaps directive when price is 문의 3ms
 ✓ src/__tests__/smoke/price-zero-bug.test.ts > recentWinnersBlock — feedback loop few-shot injection (W4) > injects the winners block when provided 2ms
 ✓ src/__tests__/smoke/price-zero-bug.test.ts > recentWinnersBlock — feedback loop few-shot injection (W4) > omits the winners block when undefined 2ms
 ✓ src/__tests__/smoke/price-zero-bug.test.ts > recentWinnersBlock — feedback loop few-shot injection (W4) > omits the winners block when empty string 2ms
 ✓ src/__tests__/smoke/price-zero-bug.test.ts > recentWinnersBlock — feedback loop few-shot injection (W4) > combines with hookHint when both are provided 2ms
 ✓ src/__tests__/smoke/price-zero-bug.test.ts > hookHint — user-provided 1-sentence hook injection (W2) > injects the hook block when provided 11ms
 ✓ src/__tests__/smoke/price-zero-bug.test.ts > hookHint — user-provided 1-sentence hook injection (W2) > omits the hook block when hookHint is empty string 2ms
 ✓ src/__tests__/smoke/price-zero-bug.test.ts > hookHint — user-provided 1-sentence hook injection (W2) > omits the hook block when hookHint is undefined 2ms
 ✓ src/__tests__/smoke/price-zero-bug.test.ts > hookHint — user-provided 1-sentence hook injection (W2) > trims whitespace and caps the hook at 40 chars 2ms
 ✓ src/__tests__/smoke/price-zero-bug.test.ts > hookHint — user-provided 1-sentence hook injection (W2) > omits when hookHint is whitespace only 2ms
 ✓ src/__tests__/smoke/price-zero-bug.test.ts > Price-zero bug — valid prices must still render > renders price block when price is number 15370 93ms
stdout | src/__tests__/smoke/price-zero-bug.test.ts > Price-zero bug — valid prices must still render > renders price block when price is string "15370"
[PromptLoader] 말투 보정 최종 적용: friendly
[PromptLoader] 🛒 쇼핑커넥트 제품 정보 프롬프트에 추가 (가격 유효)

stderr | src/__tests__/smoke/price-zero-bug.test.ts > Price-zero bug — valid prices must still render > renders price block when price is string "15370"
[PromptLoader] 프롬프트 파일 로드 실패: homefeed/base.prompt TypeError: __vite_ssr_import_2__.app.getAppPath is not a function
    at getPromptsDir (C:/Users/박성현/Desktop/리더 네이버 자동화/src/promptLoader.ts:29:26)
    at loadPromptFile (C:/Users/박성현/Desktop/리더 네이버 자동화/src/promptLoader.ts:126:32)
    at buildSystemPrompt (C:/Users/박성현/Desktop/리더 네이버 자동화/src/promptLoader.ts:172:22)
    at buildSystemPromptFromHint (C:/Users/박성현/Desktop/리더 네이버 자동화/src/promptLoader.ts:212:10)
    at buildFullPrompt (C:/Users/박성현/Desktop/리더 네이버 자동화/src/promptLoader.ts:966:22)
    at C:/Users/박성현/Desktop/리더 네이버 자동화/src/__tests__/smoke/price-zero-bug.test.ts:169:22
    at file:///C:/Users/%EB%B0%95%EC%84%B1%ED%98%84/Desktop/%EB%A6%AC%EB%8D%94%20%EB%84%A4%EC%9D%B4%EB%B2%84%20%EC%9E%90%EB%8F%99%ED%99%94/node_modules/@vitest/runner/dist/chunk-artifact.js:302:11
    at file:///C:/Users/%EB%B0%95%EC%84%B1%ED%98%84/Desktop/%EB%A6%AC%EB%8D%94%20%EB%84%A4%EC%9D%B4%EB%B2%84%20%EC%9E%90%EB%8F%99%ED%99%94/node_modules/@vitest/runner/dist/chunk-artifact.js:1903:26
    at file:///C:/Users/%EB%B0%95%EC%84%B1%ED%98%84/Desktop/%EB%A6%AC%EB%8D%94%20%EB%84%A4%EC%9D%B4%EB%B2%84%20%EC%9E%90%EB%8F%99%ED%99%94/node_modules/@vitest/runner/dist/chunk-artifact.js:2326:20
    at new Promise (<anonymous>)
[PromptLoader] base 프롬프트 로드 실패: homefeed/base.prompt

stdout | src/__tests__/smoke/price-zero-bug.test.ts > Price-zero bug — valid prices must still render > renders price block when price is formatted "15,370원"
[PromptLoader] 말투 보정 최종 적용: friendly
[PromptLoader] 🛒 쇼핑커넥트 제품 정보 프롬프트에 추가 (가격 유효)

stderr | src/__tests__/smoke/price-zero-bug.test.ts > Price-zero bug — valid prices must still render > renders price block when price is formatted "15,370원"
[PromptLoader] 프롬프트 파일 로드 실패: homefeed/base.prompt TypeError: __vite_ssr_import_2__.app.getAppPath is not a function
    at getPromptsDir (C:/Users/박성현/Desktop/리더 네이버 자동화/src/promptLoader.ts:29:26)
    at loadPromptFile (C:/Users/박성현/Desktop/리더 네이버 자동화/src/promptLoader.ts:126:32)
    at buildSystemPrompt (C:/Users/박성현/Desktop/리더 네이버 자동화/src/promptLoader.ts:172:22)
    at buildSystemPromptFromHint (C:/Users/박성현/Desktop/리더 네이버 자동화/src/promptLoader.ts:212:10)
    at buildFullPrompt (C:/Users/박성현/Desktop/리더 네이버 자동화/src/promptLoader.ts:966:22)
    at C:/Users/박성현/Desktop/리더 네이버 자동화/src/__tests__/smoke/price-zero-bug.test.ts:169:22
    at file:///C:/Users/%EB%B0%95%EC%84%B1%ED%98%84/Desktop/%EB%A6%AC%EB%8D%94%20%EB%84%A4%EC%9D%B4%EB%B2%84%20%EC%9E%90%EB%8F%99%ED%99%94/node_modules/@vitest/runner/dist/chunk-artifact.js:302:11
    at file:///C:/Users/%EB%B0%95%EC%84%B1%ED%98%84/Desktop/%EB%A6%AC%EB%8D%94%20%EB%84%A4%EC%9D%B4%EB%B2%84%20%EC%9E%90%EB%8F%99%ED%99%94/node_modules/@vitest/runner/dist/chunk-artifact.js:1903:26
    at file:///C:/Users/%EB%B0%95%EC%84%B1%ED%98%84/Desktop/%EB%A6%AC%EB%8D%94%20%EB%84%A4%EC%9D%B4%EB%B2%84%20%EC%9E%90%EB%8F%99%ED%99%94/node_modules/@vitest/runner/dist/chunk-artifact.js:2326:20
    at new Promise (<anonymous>)
[PromptLoader] base 프롬프트 로드 실패: homefeed/base.prompt

stdout | src/__tests__/smoke/price-zero-bug.test.ts > Price-zero bug — valid prices must still render > renders price block when price is number 3200000
[PromptLoader] 말투 보정 최종 적용: friendly
[PromptLoader] 🛒 쇼핑커넥트 제품 정보 프롬프트에 추가 (가격 유효)

stderr | src/__tests__/smoke/price-zero-bug.test.ts > Price-zero bug — valid prices must still render > renders price block when price is number 3200000
[PromptLoader] 프롬프트 파일 로드 실패: homefeed/base.prompt TypeError: __vite_ssr_import_2__.app.getAppPath is not a function
    at getPromptsDir (C:/Users/박성현/Desktop/리더 네이버 자동화/src/promptLoader.ts:29:26)
    at loadPromptFile (C:/Users/박성현/Desktop/리더 네이버 자동화/src/promptLoader.ts:126:32)
    at buildSystemPrompt (C:/Users/박성현/Desktop/리더 네이버 자동화/src/promptLoader.ts:172:22)
    at buildSystemPromptFromHint (C:/Users/박성현/Desktop/리더 네이버 자동화/src/promptLoader.ts:212:10)
    at buildFullPrompt (C:/Users/박성현/Desktop/리더 네이버 자동화/src/promptLoader.ts:966:22)
    at C:/Users/박성현/Desktop/리더 네이버 자동화/src/__tests__/smoke/price-zero-bug.test.ts:169:22
    at file:///C:/Users/%EB%B0%95%EC%84%B1%ED%98%84/Desktop/%EB%A6%AC%EB%8D%94%20%EB%84%A4%EC%9D%B4%EB%B2%84%20%EC%9E%90%EB%8F%99%ED%99%94/node_modules/@vitest/runner/dist/chunk-artifact.js:302:11
    at file:///C:/Users/%EB%B0%95%EC%84%B1%ED%98%84/Desktop/%EB%A6%AC%EB%8D%94%20%EB%84%A4%EC%9D%B4%EB%B2%84%20%EC%9E%90%EB%8F%99%ED%99%94/node_modules/@vitest/runner/dist/chunk-artifact.js:1903:26
    at file:///C:/Users/%EB%B0%95%EC%84%B1%ED%98%84/Desktop/%EB%A6%AC%EB%8D%94%20%EB%84%A4%EC%9D%B4%EB%B2%84%20%EC%9E%90%EB%8F%99%ED%99%94/node_modules/@vitest/runner/dist/chunk-artifact.js:2326:20
    at new Promise (<anonymous>)
[PromptLoader] base 프롬프트 로드 실패: homefeed/base.prompt

 ✓ src/__tests__/recentWinnersExtractor.test.ts > extractRecentWinners — ranking > caps results at maxWinners 42ms
 ✓ src/__tests__/recentWinnersExtractor.test.ts > extractRecentWinners — resolver integration > silently skips posts whose text cannot be resolved 13ms
 ✓ src/__tests__/recentWinnersExtractor.test.ts > extractRecentWinners — resolver integration > skips posts with empty title or intro 13ms
 ✓ src/__tests__/recentWinnersExtractor.test.ts > formatWinnersForPrompt > returns empty string when winners list is empty 1ms
stdout | src/__tests__/smoke/review-guard.test.ts > SPEC-REVIEW-001 P0 — affiliate prompt assembly > empty reviews triggers review-absence notice and appends guard block
[PromptLoader] 말투 보정 최종 적용: friendly
[PromptLoader] 🛒 쇼핑커넥트 제품 정보 프롬프트에 추가 (가격 유효)

stderr | src/__tests__/smoke/review-guard.test.ts > SPEC-REVIEW-001 P0 — affiliate prompt assembly > empty reviews triggers review-absence notice and appends guard block
[PromptLoader] 프롬프트 파일 로드 실패: seo/base.prompt TypeError: __vite_ssr_import_2__.app.getAppPath is not a function
    at getPromptsDir (C:/Users/박성현/Desktop/리더 네이버 자동화/src/promptLoader.ts:29:26)
    at loadPromptFile (C:/Users/박성현/Desktop/리더 네이버 자동화/src/promptLoader.ts:126:32)
    at buildSystemPrompt (C:/Users/박성현/Desktop/리더 네이버 자동화/src/promptLoader.ts:172:22)
    at buildSystemPromptFromHint (C:/Users/박성현/Desktop/리더 네이버 자동화/src/promptLoader.ts:212:10)
    at buildFullPrompt (C:/Users/박성현/Desktop/리더 네이버 자동화/src/promptLoader.ts:966:22)
    at assembleAffiliatePrompt (C:/Users/박성현/Desktop/리더 네이버 자동화/src/__tests__/smoke/review-guard.test.ts:37:16)
    at C:/Users/박성현/Desktop/리더 네이버 자동화/src/__tests__/smoke/review-guard.test.ts:133:20
    at file:///C:/Users/%EB%B0%95%EC%84%B1%ED%98%84/Desktop/%EB%A6%AC%EB%8D%94%20%EB%84%A4%EC%9D%B4%EB%B2%84%20%EC%9E%90%EB%8F%99%ED%99%94/node_modules/@vitest/runner/dist/chunk-artifact.js:302:11
    at file:///C:/Users/%EB%B0%95%EC%84%B1%ED%98%84/Desktop/%EB%A6%AC%EB%8D%94%20%EB%84%A4%EC%9D%B4%EB%B2%84%20%EC%9E%90%EB%8F%99%ED%99%94/node_modules/@vitest/runner/dist/chunk-artifact.js:1903:26
    at file:///C:/Users/%EB%B0%95%EC%84%B1%ED%98%84/Desktop/%EB%A6%AC%EB%8D%94%20%EB%84%A4%EC%9D%B4%EB%B2%84%20%EC%9E%90%EB%8F%99%ED%99%94/node_modules/@vitest/runner/dist/chunk-artifact.js:2326:20
[PromptLoader] base 프롬프트 로드 실패: seo/base.prompt

 ✓ src/__tests__/smoke/review-guard.test.ts > SPEC-REVIEW-001 P0 — forbiddenPhrases (AC1 infra) > detects experiential phrases that would signal hallucination 5ms
 ✓ src/__tests__/smoke/review-guard.test.ts > SPEC-REVIEW-001 P0 — forbiddenPhrases (AC1 infra) > passes clean spec-based analytical text 2ms
 ✓ src/__tests__/smoke/review-guard.test.ts > SPEC-REVIEW-001 P0 — forbiddenPhrases (AC1 infra) > exports a non-empty list of banned phrases 1ms
 ✓ src/__tests__/smoke/review-guard.test.ts > SPEC-REVIEW-001 P0 — reviewGuard helpers > isReviewAvailable reflects reviews array length 1ms
 ✓ src/__tests__/smoke/review-guard.test.ts > SPEC-REVIEW-001 P0 — reviewGuard helpers > isReviewGuardEnabled defaults to true and flips on "false" 1ms
 ✓ src/__tests__/smoke/review-guard.test.ts > SPEC-REVIEW-001 P0 — reviewGuard helpers > buildReviewGuardBlock injects the SPEC marker and conversion steering 1ms
 ✓ src/__tests__/smoke/review-guard.test.ts > SPEC-REVIEW-001 P0 — reviewGuard helpers > buildReviewGuardBlock omits missing data from the inventory line 1ms
 ✓ src/__tests__/recentWinnersExtractor.test.ts > formatWinnersForPrompt > includes RECENT_WINNERS header and examples 95ms
 ✓ src/__tests__/smoke/price-zero-bug.test.ts > Price-zero bug — valid prices must still render > renders price block when price is string "15370" 2ms
 ✓ src/__tests__/smoke/price-zero-bug.test.ts > Price-zero bug — valid prices must still render > renders price block when price is formatted "15,370원" 2ms
 ✓ src/__tests__/smoke/price-zero-bug.test.ts > Price-zero bug — valid prices must still render > renders price block when price is number 3200000 2ms
stdout | src/__tests__/smoke/review-guard.test.ts > SPEC-REVIEW-001 P0 — affiliate prompt assembly > populated reviews keeps the review list and omits the guard block
[PromptLoader] 말투 보정 최종 적용: friendly
[PromptLoader] 🛒 쇼핑커넥트 제품 정보 프롬프트에 추가 (가격 유효)

stderr | src/__tests__/smoke/review-guard.test.ts > SPEC-REVIEW-001 P0 — affiliate prompt assembly > populated reviews keeps the review list and omits the guard block
[PromptLoader] 프롬프트 파일 로드 실패: seo/base.prompt TypeError: __vite_ssr_import_2__.app.getAppPath is not a function
    at getPromptsDir (C:/Users/박성현/Desktop/리더 네이버 자동화/src/promptLoader.ts:29:26)
    at loadPromptFile (C:/Users/박성현/Desktop/리더 네이버 자동화/src/promptLoader.ts:126:32)
    at buildSystemPrompt (C:/Users/박성현/Desktop/리더 네이버 자동화/src/promptLoader.ts:172:22)
    at buildSystemPromptFromHint (C:/Users/박성현/Desktop/리더 네이버 자동화/src/promptLoader.ts:212:10)
    at buildFullPrompt (C:/Users/박성현/Desktop/리더 네이버 자동화/src/promptLoader.ts:966:22)
    at assembleAffiliatePrompt (C:/Users/박성현/Desktop/리더 네이버 자동화/src/__tests__/smoke/review-guard.test.ts:37:16)
    at C:/Users/박성현/Desktop/리더 네이버 자동화/src/__tests__/smoke/review-guard.test.ts:151:20
    at file:///C:/Users/%EB%B0%95%EC%84%B1%ED%98%84/Desktop/%EB%A6%AC%EB%8D%94%20%EB%84%A4%EC%9D%B4%EB%B2%84%20%EC%9E%90%EB%8F%99%ED%99%94/node_modules/@vitest/runner/dist/chunk-artifact.js:302:11
    at file:///C:/Users/%EB%B0%95%EC%84%B1%ED%98%84/Desktop/%EB%A6%AC%EB%8D%94%20%EB%84%A4%EC%9D%B4%EB%B2%84%20%EC%9E%90%EB%8F%99%ED%99%94/node_modules/@vitest/runner/dist/chunk-artifact.js:1903:26
    at file:///C:/Users/%EB%B0%95%EC%84%B1%ED%98%84/Desktop/%EB%A6%AC%EB%8D%94%20%EB%84%A4%EC%9D%B4%EB%B2%84%20%EC%9E%90%EB%8F%99%ED%99%94/node_modules/@vitest/runner/dist/chunk-artifact.js:2326:20
[PromptLoader] base 프롬프트 로드 실패: seo/base.prompt

stdout | src/__tests__/smoke/review-guard.test.ts > SPEC-REVIEW-001 P0 — affiliate prompt assembly > REVIEW_GUARD_V1=false suppresses the guard block (legacy path)
[PromptLoader] 말투 보정 최종 적용: friendly
[PromptLoader] 🛒 쇼핑커넥트 제품 정보 프롬프트에 추가 (가격 유효)

stderr | src/__tests__/smoke/review-guard.test.ts > SPEC-REVIEW-001 P0 — affiliate prompt assembly > REVIEW_GUARD_V1=false suppresses the guard block (legacy path)
[PromptLoader] 프롬프트 파일 로드 실패: seo/base.prompt TypeError: __vite_ssr_import_2__.app.getAppPath is not a function
    at getPromptsDir (C:/Users/박성현/Desktop/리더 네이버 자동화/src/promptLoader.ts:29:26)
    at loadPromptFile (C:/Users/박성현/Desktop/리더 네이버 자동화/src/promptLoader.ts:126:32)
    at buildSystemPrompt (C:/Users/박성현/Desktop/리더 네이버 자동화/src/promptLoader.ts:172:22)
    at buildSystemPromptFromHint (C:/Users/박성현/Desktop/리더 네이버 자동화/src/promptLoader.ts:212:10)
    at buildFullPrompt (C:/Users/박성현/Desktop/리더 네이버 자동화/src/promptLoader.ts:966:22)
    at assembleAffiliatePrompt (C:/Users/박성현/Desktop/리더 네이버 자동화/src/__tests__/smoke/review-guard.test.ts:37:16)
    at C:/Users/박성현/Desktop/리더 네이버 자동화/src/__tests__/smoke/review-guard.test.ts:167:20
    at file:///C:/Users/%EB%B0%95%EC%84%B1%ED%98%84/Desktop/%EB%A6%AC%EB%8D%94%20%EB%84%A4%EC%9D%B4%EB%B2%84%20%EC%9E%90%EB%8F%99%ED%99%94/node_modules/@vitest/runner/dist/chunk-artifact.js:302:11
    at file:///C:/Users/%EB%B0%95%EC%84%B1%ED%98%84/Desktop/%EB%A6%AC%EB%8D%94%20%EB%84%A4%EC%9D%B4%EB%B2%84%20%EC%9E%90%EB%8F%99%ED%99%94/node_modules/@vitest/runner/dist/chunk-artifact.js:1903:26
    at file:///C:/Users/%EB%B0%95%EC%84%B1%ED%98%84/Desktop/%EB%A6%AC%EB%8D%94%20%EB%84%A4%EC%9D%B4%EB%B2%84%20%EC%9E%90%EB%8F%99%ED%99%94/node_modules/@vitest/runner/dist/chunk-artifact.js:2326:20
[PromptLoader] base 프롬프트 로드 실패: seo/base.prompt

 ✓ src/__tests__/smoke/review-guard.test.ts > SPEC-REVIEW-001 P0 — affiliate prompt assembly > empty reviews triggers review-absence notice and appends guard block 113ms
 ✓ src/__tests__/smoke/review-guard.test.ts > SPEC-REVIEW-001 P0 — affiliate prompt assembly > populated reviews keeps the review list and omits the guard block 3ms
 ✓ src/__tests__/smoke/review-guard.test.ts > SPEC-REVIEW-001 P0 — affiliate prompt assembly > REVIEW_GUARD_V1=false suppresses the guard block (legacy path) 3ms
stdout | src/__tests__/smoke/integration-hooks.test.ts > integration: buildFullPrompt 7-param signature > accepts all 7 optional params without throwing
[PromptLoader] 말투 보정 최종 적용: friendly
[PromptLoader] 🛒 쇼핑커넥트 제품 정보 프롬프트에 추가 (가격 유효)

stderr | src/__tests__/smoke/integration-hooks.test.ts > integration: buildFullPrompt 7-param signature > accepts all 7 optional params without throwing
[PromptLoader] 프롬프트 파일 로드 실패: seo/base.prompt TypeError: __vite_ssr_import_2__.app.getAppPath is not a function
    at getPromptsDir (C:/Users/박성현/Desktop/리더 네이버 자동화/src/promptLoader.ts:29:26)
    at loadPromptFile (C:/Users/박성현/Desktop/리더 네이버 자동화/src/promptLoader.ts:126:32)
    at buildSystemPrompt (C:/Users/박성현/Desktop/리더 네이버 자동화/src/promptLoader.ts:172:22)
    at buildSystemPromptFromHint (C:/Users/박성현/Desktop/리더 네이버 자동화/src/promptLoader.ts:212:10)
    at buildFullPrompt (C:/Users/박성현/Desktop/리더 네이버 자동화/src/promptLoader.ts:966:22)
    at C:/Users/박성현/Desktop/리더 네이버 자동화/src/__tests__/smoke/integration-hooks.test.ts:53:20
    at file:///C:/Users/%EB%B0%95%EC%84%B1%ED%98%84/Desktop/%EB%A6%AC%EB%8D%94%20%EB%84%A4%EC%9D%B4%EB%B2%84%20%EC%9E%90%EB%8F%99%ED%99%94/node_modules/@vitest/runner/dist/chunk-artifact.js:302:11
    at file:///C:/Users/%EB%B0%95%EC%84%B1%ED%98%84/Desktop/%EB%A6%AC%EB%8D%94%20%EB%84%A4%EC%9D%B4%EB%B2%84%20%EC%9E%90%EB%8F%99%ED%99%94/node_modules/@vitest/runner/dist/chunk-artifact.js:1903:26
    at file:///C:/Users/%EB%B0%95%EC%84%B1%ED%98%84/Desktop/%EB%A6%AC%EB%8D%94%20%EB%84%A4%EC%9D%B4%EB%B2%84%20%EC%9E%90%EB%8F%99%ED%99%94/node_modules/@vitest/runner/dist/chunk-artifact.js:2326:20
    at new Promise (<anonymous>)
[PromptLoader] base 프롬프트 로드 실패: seo/base.prompt

stdout | src/__tests__/smoke/integration-hooks.test.ts > integration: buildFullPrompt 7-param signature > homefeed mode with all params works
[PromptLoader] 완전자동 발행 모드: 자동화 보조 프롬프트 추가
[PromptLoader] 말투 보정 최종 적용: mom_cafe

stderr | src/__tests__/smoke/integration-hooks.test.ts > integration: buildFullPrompt 7-param signature > homefeed mode with all params works
[PromptLoader] 프롬프트 파일 로드 실패: homefeed/base.prompt TypeError: __vite_ssr_import_2__.app.getAppPath is not a function
    at getPromptsDir (C:/Users/박성현/Desktop/리더 네이버 자동화/src/promptLoader.ts:29:26)
    at loadPromptFile (C:/Users/박성현/Desktop/리더 네이버 자동화/src/promptLoader.ts:126:32)
    at buildSystemPrompt (C:/Users/박성현/Desktop/리더 네이버 자동화/src/promptLoader.ts:172:22)
    at buildSystemPromptFromHint (C:/Users/박성현/Desktop/리더 네이버 자동화/src/promptLoader.ts:212:10)
    at buildFullPrompt (C:/Users/박성현/Desktop/리더 네이버 자동화/src/promptLoader.ts:966:22)
    at C:/Users/박성현/Desktop/리더 네이버 자동화/src/__tests__/smoke/integration-hooks.test.ts:68:20
    at file:///C:/Users/%EB%B0%95%EC%84%B1%ED%98%84/Desktop/%EB%A6%AC%EB%8D%94%20%EB%84%A4%EC%9D%B4%EB%B2%84%20%EC%9E%90%EB%8F%99%ED%99%94/node_modules/@vitest/runner/dist/chunk-artifact.js:302:11
    at file:///C:/Users/%EB%B0%95%EC%84%B1%ED%98%84/Desktop/%EB%A6%AC%EB%8D%94%20%EB%84%A4%EC%9D%B4%EB%B2%84%20%EC%9E%90%EB%8F%99%ED%99%94/node_modules/@vitest/runner/dist/chunk-artifact.js:1903:26
    at file:///C:/Users/%EB%B0%95%EC%84%B1%ED%98%84/Desktop/%EB%A6%AC%EB%8D%94%20%EB%84%A4%EC%9D%B4%EB%B2%84%20%EC%9E%90%EB%8F%99%ED%99%94/node_modules/@vitest/runner/dist/chunk-artifact.js:2326:20
    at new Promise (<anonymous>)
[PromptLoader] base 프롬프트 로드 실패: homefeed/base.prompt
[PromptLoader] 프롬프트 파일 로드 실패: automation.prompt TypeError: __vite_ssr_import_2__.app.getAppPath is not a function
    at getPromptsDir (C:/Users/박성현/Desktop/리더 네이버 자동화/src/promptLoader.ts:29:26)
    at loadPromptFile (C:/Users/박성현/Desktop/리더 네이버 자동화/src/promptLoader.ts:126:32)
    at getAutomationPrompt (C:/Users/박성현/Desktop/리더 네이버 자동화/src/promptLoader.ts:317:28)
    at buildFullPrompt (C:/Users/박성현/Desktop/리더 네이버 자동화/src/promptLoader.ts:1004:30)
    at C:/Users/박성현/Desktop/리더 네이버 자동화/src/__tests__/smoke/integration-hooks.test.ts:68:20
    at file:///C:/Users/%EB%B0%95%EC%84%B1%ED%98%84/Desktop/%EB%A6%AC%EB%8D%94%20%EB%84%A4%EC%9D%B4%EB%B2%84%20%EC%9E%90%EB%8F%99%ED%99%94/node_modules/@vitest/runner/dist/chunk-artifact.js:302:11
    at file:///C:/Users/%EB%B0%95%EC%84%B1%ED%98%84/Desktop/%EB%A6%AC%EB%8D%94%20%EB%84%A4%EC%9D%B4%EB%B2%84%20%EC%9E%90%EB%8F%99%ED%99%94/node_modules/@vitest/runner/dist/chunk-artifact.js:1903:26
    at file:///C:/Users/%EB%B0%95%EC%84%B1%ED%98%84/Desktop/%EB%A6%AC%EB%8D%94%20%EB%84%A4%EC%9D%B4%EB%B2%84%20%EC%9E%90%EB%8F%99%ED%99%94/node_modules/@vitest/runner/dist/chunk-artifact.js:2326:20
    at new Promise (<anonymous>)
    at runWithCancel (file:///C:/Users/%EB%B0%95%EC%84%B1%ED%98%84/Desktop/%EB%A6%AC%EB%8D%94%20%EB%84%A4%EC%9D%B4%EB%B2%84%20%EC%9E%90%EB%8F%99%ED%99%94/node_modules/@vitest/runner/dist/chunk-artifact.js:2323:10)
[PromptLoader] automation.prompt 로드 실패 - 폴백 사용

stdout | src/__tests__/chainedDraftRunner.test.ts > runChainedDraft — 정상 흐름 > competitor flag OFF면 contextBlock 빈 문자열 + draft 정상 진행
[CategoryClassifier] 매칭 키워드 없음 → general 폴백 (silent X, 명시 로그)

stdout | src/__tests__/chainedDraftRunner.test.ts > runChainedDraft — 정상 흐름 > extraContext + competitor 둘 다 합성
[CategoryClassifier] 매칭 키워드 없음 → general 폴백 (silent X, 명시 로그)

stdout | src/__tests__/smoke/integration-hooks.test.ts > integration: validator result → publishMeta attachment > propagates validation metrics from pipeline to meta log
[QualityChecker] ✅ Critical 위반 없음

stdout | src/__tests__/smoke/integration-hooks.test.ts > integration: validator result → publishMeta attachment > SEO mode validator metrics round-trip through meta log
[QualityChecker] ✅ Critical 위반 없음

stderr | src/__tests__/chainedDraftRunner.test.ts > runChainedDraft — L3 통합 (RAG·trend·season) > 잘못된 seasonDate는 silent — 콘솔 경고 + 블록 미주입
[chainedDraftRunner] resolveSeason 실패: SEASON_INVALID_DATE: not-a-date

 ✓ src/__tests__/smoke/integration-hooks.test.ts > integration: buildFullPrompt 7-param signature > accepts all 7 optional params without throwing 40ms
 ✓ src/__tests__/smoke/integration-hooks.test.ts > integration: buildFullPrompt 7-param signature > homefeed mode with all params works 5ms
 ✓ src/__tests__/smoke/integration-hooks.test.ts > integration: recordPublishMeta × featureFlagConfig > records a publish event with flags from config file 8ms
 ✓ src/__tests__/smoke/integration-hooks.test.ts > integration: recordPublishMeta × featureFlagConfig > default-on behavior: all flags enabled when config absent 9ms
 ✓ src/__tests__/smoke/integration-hooks.test.ts > integration: validator result → publishMeta attachment > propagates validation metrics from pipeline to meta log 6ms
 ✓ src/__tests__/smoke/integration-hooks.test.ts > integration: validator result → publishMeta attachment > SEO mode validator metrics round-trip through meta log 6ms
 ✓ src/__tests__/smoke/integration-hooks.test.ts > integration: contentGenerator calls production hooks (grep proof) > contentGenerator imports the validation pipeline facade 5ms
 ✓ src/__tests__/smoke/integration-hooks.test.ts > integration: contentGenerator calls production hooks (grep proof) > contentGenerator defines runPostGenValidator helper 6ms
 ✓ src/__tests__/smoke/integration-hooks.test.ts > integration: contentGenerator calls production hooks (grep proof) > finalizeStructuredContent calls runPostGenValidator at least twice 7ms
stdout | src/__tests__/chainedDraftRunner.test.ts > runChainedDraft — 명시 throw (silent 폴백 X) > LLM 실패는 그대로 전파 (DRAFT_LLM_FAILED)
[CategoryClassifier] 매칭 키워드 없음 → general 폴백 (silent X, 명시 로그)

 ✓ src/__tests__/chainedDraftRunner.test.ts > runChainedDraft — 정상 흐름 > chained ON, 경쟁 데이터 없음 → draft 단일 호출 9ms
 ✓ src/__tests__/chainedDraftRunner.test.ts > runChainedDraft — 정상 흐름 > chained ON + competitor ON → draft prompt에 경쟁 블록 합성 29ms
 ✓ src/__tests__/chainedDraftRunner.test.ts > runChainedDraft — 정상 흐름 > competitor flag OFF면 contextBlock 빈 문자열 + draft 정상 진행 3ms
 ✓ src/__tests__/chainedDraftRunner.test.ts > runChainedDraft — 정상 흐름 > extraContext + competitor 둘 다 합성 2ms
 ✓ src/__tests__/chainedDraftRunner.test.ts > runChainedDraft — L3 통합 (RAG·trend·season) > rag retriever 주입 시 ragHits + 블록 합성 23ms
 ✓ src/__tests__/chainedDraftRunner.test.ts > runChainedDraft — L3 통합 (RAG·trend·season) > trend fetcher + cache 주입 시 trend 블록 합성 11ms
 ✓ src/__tests__/chainedDraftRunner.test.ts > runChainedDraft — L3 통합 (RAG·trend·season) > seasonDate 주입 시 season 블록 합성 1ms
 ✓ src/__tests__/chainedDraftRunner.test.ts > runChainedDraft — L3 통합 (RAG·trend·season) > 잘못된 seasonDate는 silent — 콘솔 경고 + 블록 미주입 2ms
 ✓ src/__tests__/chainedDraftRunner.test.ts > runChainedDraft — 명시 throw (silent 폴백 X) > CHAINED_GEN_V1 OFF (forceFlag=false)면 명시 throw 2ms
 ✓ src/__tests__/chainedDraftRunner.test.ts > runChainedDraft — 명시 throw (silent 폴백 X) > LLM 실패는 그대로 전파 (DRAFT_LLM_FAILED) 2ms
 ✓ src/__tests__/smoke/integration-hooks.test.ts > integration: contentGenerator calls production hooks (grep proof) > buildFullPrompt is called with 7 args (winners block) at least 3 times 6ms
 ✓ src/__tests__/smoke/integration-hooks.test.ts > integration: contentGenerator calls production hooks (grep proof) > main.ts records publish meta on success branch 7ms
 ✓ src/__tests__/chainedFullRunner.test.ts > runChainedFull — Stage 1~5 정상 흐름 > factGate 통과 + optimize 적용 (editor OFF) 17ms
 ✓ src/__tests__/chainedFullRunner.test.ts > runChainedFull — Stage 1~5 정상 흐름 > editor flag ON + 변경률 임계 이내 → editor 적용 4ms
 ✓ src/__tests__/chainedFullRunner.test.ts > runChainedFull — Stage 1~5 정상 흐름 > editor 변경률 임계 초과 → 원본(optimized) 유지 3ms
 ✓ src/__tests__/chainedFullRunner.test.ts > runChainedFull — fact gate 실패 > sourceText에 없는 환각 수치 → factGate 실패 + retry instruction 5ms
 ✓ src/__tests__/chainedFullRunner.test.ts > runChainedFull — 5단계 + competitor + RAG + trend + season smoke > 전체 옵션 동시 사용 시 모든 컨텍스트 블록이 prompt에 합성 35ms
 ✓ src/__tests__/chainedFullRunner.test.ts > summarizeFullRun > 정상 흐름 요약 1ms
 ✓ src/__tests__/chainedFullRunner.test.ts > summarizeFullRun > fallback 포함 0ms
 ✓ src/__tests__/conversionOptimizer.test.ts > buildOptimizerPrompt — 5가지 퇴고 영역 > 5가지 영역 모두 프롬프트에 명시 4ms
 ✓ src/__tests__/conversionOptimizer.test.ts > buildOptimizerPrompt — 5가지 퇴고 영역 > socialProof 없으면 환각 차단 명시 1ms
 ✓ src/__tests__/conversionOptimizer.test.ts > buildOptimizerPrompt — 5가지 퇴고 영역 > socialProof 있으면 데이터 블록 포함 26ms
 ✓ src/__tests__/conversionOptimizer.test.ts > buildOptimizerPrompt — 5가지 퇴고 영역 > 금칙어 명시 1ms
 ✓ src/__tests__/conversionOptimizer.test.ts > optimizeForConversion — 정상 동작 > 정상 LLM 응답으로 OptimizedResult 반환 4ms
 ✓ src/__tests__/conversionOptimizer.test.ts > optimizeForConversion — 정상 동작 > 결정 마찰 제거 패턴 감지 1ms
 ✓ src/__tests__/conversionOptimizer.test.ts > optimizeForConversion — 정상 동작 > 강압 CTA 감지 (경고 플래그) 1ms
 ✓ src/__tests__/conversionOptimizer.test.ts > optimizeForConversion — 정상 동작 > 금칙어 잔존 감지 1ms
 ✓ src/__tests__/conversionOptimizer.test.ts > optimizeForConversion — 명시 오류 > 초안 800자 미만 throw 3ms
 ✓ src/__tests__/conversionOptimizer.test.ts > optimizeForConversion — 명시 오류 > 초안 8000자 초과 throw 1ms
 ✓ src/__tests__/conversionOptimizer.test.ts > optimizeForConversion — 명시 오류 > LLM provider 미주입 throw 1ms
 ✓ src/__tests__/conversionOptimizer.test.ts > optimizeForConversion — 명시 오류 > LLM 호출 실패 OPT_LLM_FAILED 2ms
 ✓ src/__tests__/conversionOptimizer.test.ts > optimizeForConversion — 명시 오류 > LLM 응답 800자 미만 OPT_RESULT_TOO_SHORT 1ms
 ✓ src/__tests__/conversionOptimizer.test.ts > SPEC 메모리 원칙 > silent 폴백 부재 — 결과에 imageSource·subWorkProvider 없음 2ms
 ✓ src/__tests__/benchmarkRetention.test.ts > expireRawBenchmarks — 정상 만료 > TTL 7일 초과 파일만 삭제, 미만은 보존 16ms
 ✓ src/__tests__/benchmarkRetention.test.ts > expireRawBenchmarks — 정상 만료 > TTL 1일 옵션 5ms
 ✓ src/__tests__/benchmarkRetention.test.ts > expireRawBenchmarks — 정상 만료 > 재귀 디렉토리 탐색 7ms
 ✓ src/__tests__/benchmarkRetention.test.ts > expireRawBenchmarks — 정상 만료 > dryRun=true는 삭제 안 하고 결과만 반환 5ms
 ✓ src/__tests__/benchmarkRetention.test.ts > expireRawBenchmarks — 정상 만료 > 현재 시각 주입 (테스트 결정론) 3ms
 ✓ src/__tests__/benchmarkRetention.test.ts > expireRawBenchmarks — 명시 fallback > rawDir 없으면 errors에 명시 2ms
 ✓ src/__tests__/benchmarkRetention.test.ts > expireRawBenchmarks — 명시 fallback > rawDir이 파일이면 errors에 명시 3ms
 ✓ src/__tests__/benchmarkRetention.test.ts > expireRawBenchmarks — 명시 fallback > 빈 디렉토리는 scanned=0, errors 없음 2ms
 ✓ src/__tests__/benchmarkRetention.test.ts > SPEC 메모리 원칙 > 결과 객체에 dryRun · ttlDays 명시 (silent 추정 X) 4ms
 ✓ src/__tests__/competitorIntegration.test.ts > runCompetitorIntegration — flag OFF (silent 폴백 X) > forceFlag=false면 enabled=false + 빈 contextBlock + 명시 reason 5ms
 ✓ src/__tests__/competitorIntegration.test.ts > runCompetitorIntegration — flag ON 정상 흐름 > 수집 성공 → contextBlock 비어있지 않음 28ms
 ✓ src/__tests__/competitorIntegration.test.ts > runCompetitorIntegration — flag ON 정상 흐름 > targetPriceWon 주어지면 pricePositioning 활성 2ms
 ✓ src/__tests__/competitorIntegration.test.ts > runCompetitorIntegration — flag ON 정상 흐름 > targetPriceWon 미주어지면 pricePositioning 생략 3ms
 ✓ src/__tests__/competitorIntegration.test.ts > runCompetitorIntegration — fallback (L2-2.6) > 수집 0건이면 contextBlock 빈 문자열 1ms
 ✓ src/__tests__/competitorIntegration.test.ts > runCompetitorIntegration — fallback (L2-2.6) > 네트워크 실패는 collectorResult.fallbackReason으로 노출 1ms
 ✓ src/__tests__/errorCodes.test.ts > ErrorCode enum > 모든 에러 코드가 "카테고리.사유" 형식이다 5ms
 ✓ src/__tests__/errorCodes.test.ts > ErrorCode enum > 고유한 값을 가진다 (중복 없음) 1ms
 ✓ src/__tests__/errorCodes.test.ts > getErrorProperties > 모든 에러 코드에 대해 속성을 반환한다 13ms
 ✓ src/__tests__/errorCodes.test.ts > getErrorProperties > NETWORK_TIMEOUT은 재시도 가능하다 0ms
 ✓ src/__tests__/errorCodes.test.ts > getErrorProperties > BROWSER_CLOSED는 치명적이다 1ms
 ✓ src/__tests__/errorCodes.test.ts > getErrorProperties > AUTH_CAPTCHA_REQUIRED는 치명적이고 재시도 불가다 0ms
 ✓ src/__tests__/errorCodes.test.ts > getErrorProperties > PUBLISH_DAILY_LIMIT는 재시도 불가지만 치명적이지 않다 0ms
 ✓ src/__tests__/errorCodes.test.ts > getUserMessage > 한국어 사용자 메시지를 반환한다 0ms
 ✓ src/__tests__/errorCodes.test.ts > getCategory > 올바른 카테고리를 반환한다 1ms
 ✓ src/__tests__/errorCodes.test.ts > AutomationError > ErrorCode 기반으로 생성된다 3ms
 ✓ src/__tests__/errorCodes.test.ts > AutomationError > 커스텀 메시지를 지원한다 1ms
 ✓ src/__tests__/errorCodes.test.ts > AutomationError > context를 포함한다 2ms
 ✓ src/__tests__/errorCodes.test.ts > AutomationError > toJSON이 올바른 구조를 반환한다 9ms
 ✓ src/__tests__/errorCodes.test.ts > AutomationError > timestamp이 ISO 형식이다 1ms
 ✓ src/__tests__/errorCodes.test.ts > AutomationError.fromError > 일반 Error를 AutomationError로 변환한다 1ms
 ✓ src/__tests__/errorCodes.test.ts > AutomationError.fromError > 이미 AutomationError면 그대로 반환한다 1ms
 ✓ src/__tests__/errorCodes.test.ts > AutomationError.fromError > 분류 불가한 에러는 fallbackCode를 사용한다 1ms
 ✓ src/__tests__/errorCodes.test.ts > AutomationError.fromError > 분류 불가 + fallback 미지정 시 SYSTEM_UNKNOWN 1ms
 ✓ src/__tests__/errorCodes.test.ts > classifyErrorMessage > "timeout exceeded" → NETWORK.TIMEOUT 0ms
 ✓ src/__tests__/errorCodes.test.ts > classifyErrorMessage > "Timed out waiting" → NETWORK.TIMEOUT 0ms
 ✓ src/__tests__/errorCodes.test.ts > classifyErrorMessage > "net::ERR_CONNECTION_REFUSED" → NETWORK.CONNECTION_RESET 0ms
 ✓ src/__tests__/errorCodes.test.ts > classifyErrorMessage > "browser is closed" → BROWSER.CLOSED 0ms
 ✓ src/__tests__/errorCodes.test.ts > classifyErrorMessage > "target closed" → BROWSER.TARGET_CLOSED 0ms
 ✓ src/__tests__/errorCodes.test.ts > classifyErrorMessage > "frame detached" → BROWSER.FRAME_DETACHED 0ms
 ✓ src/__tests__/errorCodes.test.ts > classifyErrorMessage > "Execution context was destroyed" → BROWSER.CONTEXT_DESTROYED 0ms
 ✓ src/__tests__/errorCodes.test.ts > classifyErrorMessage > "Protocol error" → BROWSER.PROTOCOL_ERROR 0ms
 ✓ src/__tests__/errorCodes.test.ts > classifyErrorMessage > "로그인 실패" → AUTH.LOGIN_FAILED 1ms
 ✓ src/__tests__/errorCodes.test.ts > classifyErrorMessage > "잘못된 비밀번호" → AUTH.WRONG_PASSWORD 0ms
 ✓ src/__tests__/errorCodes.test.ts > classifyErrorMessage > "captcha required" → AUTH.CAPTCHA_REQUIRED 0ms
 ✓ src/__tests__/errorCodes.test.ts > classifyErrorMessage > "캡차 감지" → AUTH.CAPTCHA_REQUIRED 0ms
 ✓ src/__tests__/errorCodes.test.ts > classifyErrorMessage > 매칭 안 되면 null 1ms
 ✓ src/__tests__/priceValueObject.test.ts > v1.4.77 P2 — Price Value Object > Price.from() — 원시 입력 변환 > 정상 숫자 입력 → isValid()=true 4ms
 ✓ src/__tests__/priceValueObject.test.ts > v1.4.77 P2 — Price Value Object > Price.from() — 원시 입력 변환 > 포맷 문자열 입력 → 숫자로 정규화 1ms
 ✓ src/__tests__/priceValueObject.test.ts > v1.4.77 P2 — Price Value Object > Price.from() — 원시 입력 변환 > ₩ 접두어 입력 → 정상 처리 1ms
 ✓ src/__tests__/priceValueObject.test.ts > v1.4.77 P2 — Price Value Object > absent 상태 흡수 (0원 비상구 차단) > 0 → absent 0ms
 ✓ src/__tests__/priceValueObject.test.ts > v1.4.77 P2 — Price Value Object > absent 상태 흡수 (0원 비상구 차단) > '0' 문자열 → absent 0ms
 ✓ src/__tests__/priceValueObject.test.ts > v1.4.77 P2 — Price Value Object > absent 상태 흡수 (0원 비상구 차단) > '0원' 문자열 → absent 0ms
 ✓ src/__tests__/priceValueObject.test.ts > v1.4.77 P2 — Price Value Object > absent 상태 흡수 (0원 비상구 차단) > NaN → absent 0ms
 ✓ src/__tests__/priceValueObject.test.ts > v1.4.77 P2 — Price Value Object > absent 상태 흡수 (0원 비상구 차단) > 음수 → absent 0ms
 ✓ src/__tests__/priceValueObject.test.ts > v1.4.77 P2 — Price Value Object > absent 상태 흡수 (0원 비상구 차단) > null → absent 0ms
 ✓ src/__tests__/priceValueObject.test.ts > v1.4.77 P2 — Price Value Object > absent 상태 흡수 (0원 비상구 차단) > undefined → absent 0ms
 ✓ src/__tests__/priceValueObject.test.ts > v1.4.77 P2 — Price Value Object > absent 상태 흡수 (0원 비상구 차단) > 빈 문자열 → absent 0ms
 ✓ src/__tests__/priceValueObject.test.ts > v1.4.77 P2 — Price Value Object > absent 상태 흡수 (0원 비상구 차단) > '가격 문의' → absent 0ms
 ✓ src/__tests__/priceValueObject.test.ts > v1.4.77 P2 — Price Value Object > absent 상태 흡수 (0원 비상구 차단) > '품절' → absent 0ms
 ✓ src/__tests__/priceValueObject.test.ts > v1.4.77 P2 — Price Value Object > absent 상태에서 amount()/display() 호출 시 throw > absent에서 amount() → throw 1ms
 ✓ src/__tests__/priceValueObject.test.ts > v1.4.77 P2 — Price Value Object > absent 상태에서 amount()/display() 호출 시 throw > absent에서 display() → throw 1ms
 ✓ src/__tests__/priceValueObject.test.ts > v1.4.77 P2 — Price Value Object > display() 포맷팅 > 15370 → '15,370원' 29ms
 ✓ src/__tests__/priceValueObject.test.ts > v1.4.77 P2 — Price Value Object > display() 포맷팅 > 1000000 → '1,000,000원' 0ms
 ✓ src/__tests__/priceValueObject.test.ts > v1.4.77 P2 — Price Value Object > display() 포맷팅 > 99 → '99원' 0ms
 ✓ src/__tests__/priceValueObject.test.ts > v1.4.77 P2 — Price Value Object > 안전 API — displayOr() / amountOrUndefined() > absent.displayOr() → 기본 '가격 문의' 반환 0ms
 ✓ src/__tests__/priceValueObject.test.ts > v1.4.77 P2 — Price Value Object > 안전 API — displayOr() / amountOrUndefined() > absent.displayOr(custom) → 커스텀 폴백 반환 0ms
 ✓ src/__tests__/priceValueObject.test.ts > v1.4.77 P2 — Price Value Object > 안전 API — displayOr() / amountOrUndefined() > valid.displayOr() → 정상 표시 6ms
 ✓ src/__tests__/priceValueObject.test.ts > v1.4.77 P2 — Price Value Object > 안전 API — displayOr() / amountOrUndefined() > absent.amountOrUndefined() → undefined (0 폴백 금지) 1ms
 ✓ src/__tests__/priceValueObject.test.ts > v1.4.77 P2 — Price Value Object > 안전 API — displayOr() / amountOrUndefined() > valid.amountOrUndefined() → 숫자 반환 0ms
 ✓ src/__tests__/priceValueObject.test.ts > v1.4.77 P2 — Price Value Object > absentReason — 디버깅 지원 > Price.absent('test reason')에 이유 저장 0ms
 ✓ src/__tests__/priceValueObject.test.ts > v1.4.77 P2 — Price Value Object > absentReason — 디버깅 지원 > Price.from(0)의 이유는 'invalid:' 접두어 포함 0ms
 ✓ src/__tests__/priceValueObject.test.ts > v1.4.77 P2 — Price Value Object > absentReason — 디버깅 지원 > valid Price는 absentReason이 undefined 1ms
 ✓ src/__tests__/priceValueObject.test.ts > v1.4.77 P2 — Price Value Object > 실전 사용 패턴 > 타입 가드 패턴: isValid() 분기 후 안전 접근 1ms
 ✓ src/__tests__/priceValueObject.test.ts > v1.4.77 P2 — Price Value Object > 실전 사용 패턴 > absent 경로: 가격 문의 폴백 3ms
 ✓ src/__tests__/priceValueObject.test.ts > v1.4.77 P2 — Price Value Object > 실전 사용 패턴 > 체이닝: Price.from → displayOr (한 줄 안전 표시) 1ms
 ✓ src/__tests__/conversionStore.test.ts > InMemoryConversionStore — 기본 동작 > record + size + query 7ms
 ✓ src/__tests__/conversionStore.test.ts > InMemoryConversionStore — 기본 동작 > recordBatch 2ms
 ✓ src/__tests__/conversionStore.test.ts > InMemoryConversionStore — 기본 동작 > query 필터 (postId·accountId·eventType·기간) 2ms
 ✓ src/__tests__/conversionStore.test.ts > InMemoryConversionStore — 기본 동작 > query limit 1ms
 ✓ src/__tests__/conversionStore.test.ts > InMemoryConversionStore — 기본 동작 > aggregateByPost — click rate · conversion rate 2ms
 ✓ src/__tests__/conversionStore.test.ts > InMemoryConversionStore — 기본 동작 > 미존재 postId aggregate는 null 0ms
 ✓ src/__tests__/conversionStore.test.ts > InMemoryConversionStore — 검증 (silent 폴백 X) > postId 누락은 throw 4ms
 ✓ src/__tests__/conversionStore.test.ts > InMemoryConversionStore — 검증 (silent 폴백 X) > 잘못된 timestamp는 throw 1ms
 ✓ src/__tests__/conversionStore.test.ts > InMemoryConversionStore — 검증 (silent 폴백 X) > 음수 value는 throw 1ms
 ✓ src/__tests__/conversionStore.test.ts > InMemoryConversionStore — 검증 (silent 폴백 X) > clear 0ms
 ✓ src/__tests__/conversionStore.test.ts > FileConversionStore — 영속 > record 후 새 인스턴스에서 load 7ms
 ✓ src/__tests__/conversionStore.test.ts > FileConversionStore — 영속 > recordBatch 후 즉시 flush 4ms
 ✓ src/__tests__/conversionStore.test.ts > FileConversionStore — 영속 > clear 후 빈 배열로 flush 7ms
 ✓ src/__tests__/conversionStore.test.ts > FileConversionStore — 영속 > 손상된 JSON 파일은 명시 throw 5ms
 ✓ src/__tests__/fileVectorStore.test.ts > FileVectorStore — 기본 영속 > upsert 후 새 인스턴스에서 hydrate 14ms
 ✓ src/__tests__/fileVectorStore.test.ts > FileVectorStore — 기본 영속 > 동일 id 재upsert는 교체 (중복 X) 5ms
 ✓ src/__tests__/fileVectorStore.test.ts > FileVectorStore — 기본 영속 > delete 영속 7ms
 ✓ src/__tests__/fileVectorStore.test.ts > FileVectorStore — 기본 영속 > clear 후 빈 파일 10ms
 ✓ src/__tests__/fileVectorStore.test.ts > FileVectorStore — 손상·버전 (silent 폴백 X) > 잘못된 JSON은 명시 throw 6ms
 ✓ src/__tests__/fileVectorStore.test.ts > FileVectorStore — 손상·버전 (silent 폴백 X) > version mismatch는 명시 throw 3ms
 ✓ src/__tests__/fileVectorStore.test.ts > FileVectorStore — 손상·버전 (silent 폴백 X) > records 배열 아니면 throw 4ms
 ✓ src/__tests__/fileVectorStore.test.ts > FileVectorStore — 검색 동작 (InMemory 동등) > cosine 정렬 + topK 6ms
 ✓ src/__tests__/fileVectorStore.test.ts > FileVectorStore — 검색 동작 (InMemory 동등) > metadata filter 영속 후에도 동작 6ms
 ✓ src/__tests__/pricePositioning.test.ts > buildPricePositioning — 정상 분류 > 타겟이 최저가면 lowest tier 13ms
 ✓ src/__tests__/pricePositioning.test.ts > buildPricePositioning — 정상 분류 > 타겟이 최고가면 highest tier 1ms
 ✓ src/__tests__/pricePositioning.test.ts > buildPricePositioning — 정상 분류 > 타겟이 중앙값(±5%) 근처면 median tier 0ms
 ✓ src/__tests__/pricePositioning.test.ts > buildPricePositioning — 정상 분류 > 타겟이 중앙값보다 낮으면 below_median 0ms
 ✓ src/__tests__/pricePositioning.test.ts > buildPricePositioning — 정상 분류 > 타겟이 중앙값보다 높으면 above_median 2ms
 ✓ src/__tests__/pricePositioning.test.ts > buildPricePositioning — 데이터 부족·이상 입력 > 경쟁 데이터 3건 미만이면 unknown + 빈 문자열 1ms
 ✓ src/__tests__/pricePositioning.test.ts > buildPricePositioning — 데이터 부족·이상 입력 > targetPriceWon이 0 이하면 unknown 1ms
 ✓ src/__tests__/pricePositioning.test.ts > buildPricePositioning — 데이터 부족·이상 입력 > NaN/Infinity 가격은 필터링 후 sample size 검사 1ms
 ✓ src/__tests__/pricePositioning.test.ts > buildPricePositioning — 데이터 부족·이상 입력 > minSampleSize 커스텀 적용 1ms
 ✓ src/__tests__/pricePositioning.test.ts > buildPricePositioning — 가격 포맷 > 1만원 이상은 만원 단위로 표기 1ms
 ✓ src/__tests__/pricePositioning.test.ts > buildPricePositioning — 가격 포맷 > 1만원 미만은 원 단위로 표기 29ms
 ✓ src/__tests__/pricePositioning.test.ts > SPEC 메모리 원칙 > 데이터 부족 시 환각 문장 만들지 않음 (silent 위조 X) 1ms
 ✓ src/__tests__/pricePositioning.test.ts > SPEC 메모리 원칙 > 전환률 등 추정 효과 약속 미포함 1ms
 ✓ src/__tests__/naverStorePriceExtractor.test.ts > extractNaverStorePrice — stage 1 JSON-LD > picks up price from a Product schema JSON-LD 31ms
 ✓ src/__tests__/naverStorePriceExtractor.test.ts > extractNaverStorePrice — stage 1 JSON-LD > captures both price and highPrice (원가/할인가) 1ms
 ✓ src/__tests__/naverStorePriceExtractor.test.ts > extractNaverStorePrice — stage 1 JSON-LD > returns null stage when JSON-LD contains only price=0 1ms
 ✓ src/__tests__/naverStorePriceExtractor.test.ts > extractNaverStorePrice — stage 2 meta > reads og:price:amount when no JSON-LD 1ms
 ✓ src/__tests__/naverStorePriceExtractor.test.ts > extractNaverStorePrice — stage 5 text regex > picks the MAX "N,NNN원" mention from body text 1ms
 ✓ src/__tests__/naverStorePriceExtractor.test.ts > extractNaverStorePrice — stage 5 text regex > returns null when body has no price mentions 1ms
 ✓ src/__tests__/naverStorePriceExtractor.test.ts > extractNaverStorePrice — stage 5 text regex > ignores "0원" in text (no positive values to pick) 0ms
 ✓ src/__tests__/naverStorePriceExtractor.test.ts > extractNaverStorePrice — zero-guard contract > returns null instead of "0원" when every stage fails 1ms
 ✓ src/__tests__/naverStorePriceExtractor.test.ts > extractNaverStorePrice — zero-guard contract > never produces a formatted "0원" string 2ms
 ✓ src/__tests__/naverStorePriceExtractor.test.ts > extractNaverStorePrice — reproduces 2026-04-21 TV case > extracts 1,178,610원 from a smartstore-like page via JSON-LD 1ms
 ✓ src/__tests__/naverStorePriceExtractor.test.ts > extractNaverStorePrice — reproduces 2026-04-21 TV case > extracts from body text when JSON-LD is missing 8ms
 ✓ src/__tests__/priceNormalizer.test.ts > parsePrice — reproduction cases for "0원에 판매중" bug > returns null for number 0 (품절/단종 상품) 3ms
 ✓ src/__tests__/priceNormalizer.test.ts > parsePrice — reproduction cases for "0원에 판매중" bug > returns null for string "0" 0ms
 ✓ src/__tests__/priceNormalizer.test.ts > parsePrice — reproduction cases for "0원에 판매중" bug > returns null for string "0원" 0ms
 ✓ src/__tests__/priceNormalizer.test.ts > parsePrice — reproduction cases for "0원에 판매중" bug > returns null for string "0,000원" (formatted zero) 0ms
 ✓ src/__tests__/priceNormalizer.test.ts > parsePrice — reproduction cases for "0원에 판매중" bug > returns null for legacy fallback "가격 정보 없음" 0ms
 ✓ src/__tests__/priceNormalizer.test.ts > parsePrice — reproduction cases for "0원에 판매중" bug > returns null for empty string 0ms
 ✓ src/__tests__/priceNormalizer.test.ts > parsePrice — reproduction cases for "0원에 판매중" bug > returns null for whitespace-only string 0ms
 ✓ src/__tests__/priceNormalizer.test.ts > parsePrice — reproduction cases for "0원에 판매중" bug > returns null for undefined 0ms
 ✓ src/__tests__/priceNormalizer.test.ts > parsePrice — reproduction cases for "0원에 판매중" bug > returns null for null 0ms
 ✓ src/__tests__/priceNormalizer.test.ts > parsePrice — reproduction cases for "0원에 판매중" bug > returns null for negative number 0ms
 ✓ src/__tests__/priceNormalizer.test.ts > parsePrice — reproduction cases for "0원에 판매중" bug > returns null for NaN 0ms
 ✓ src/__tests__/priceNormalizer.test.ts > parsePrice — reproduction cases for "0원에 판매중" bug > returns null for "문의" (contact-for-price) 0ms
 ✓ src/__tests__/priceNormalizer.test.ts > parsePrice — reproduction cases for "0원에 판매중" bug > returns null for "무료" 0ms
 ✓ src/__tests__/priceNormalizer.test.ts > parsePrice — reproduction cases for "0원에 판매중" bug > returns null for "품절" 1ms
 ✓ src/__tests__/priceNormalizer.test.ts > parsePrice — valid inputs > parses plain number 15370 1ms
 ✓ src/__tests__/priceNormalizer.test.ts > parsePrice — valid inputs > parses formatted string "15,370원" 0ms
 ✓ src/__tests__/priceNormalizer.test.ts > parsePrice — valid inputs > parses string with spaces " 12345 " 0ms
 ✓ src/__tests__/priceNormalizer.test.ts > parsePrice — valid inputs > parses string with currency symbol "₩12,345" 0ms
 ✓ src/__tests__/priceNormalizer.test.ts > parsePrice — valid inputs > parses stringified number "32900" 1ms
 ✓ src/__tests__/priceNormalizer.test.ts > parsePrice — valid inputs > floors fractional numbers 1ms
 ✓ src/__tests__/priceNormalizer.test.ts > formatPrice > returns null for zero 0ms
 ✓ src/__tests__/priceNormalizer.test.ts > formatPrice > returns null for "0원" 0ms
 ✓ src/__tests__/priceNormalizer.test.ts > formatPrice > formats 15370 as "15,370원" 26ms
 ✓ src/__tests__/priceNormalizer.test.ts > formatPrice > formats "15370" as "15,370원" 0ms
 ✓ src/__tests__/priceNormalizer.test.ts > formatPrice > preserves existing formatting "15,370원" as-is 0ms
 ✓ src/__tests__/priceNormalizer.test.ts > hasValidPrice > returns false for zero 0ms
 ✓ src/__tests__/priceNormalizer.test.ts > hasValidPrice > returns false for "0원" 0ms
 ✓ src/__tests__/priceNormalizer.test.ts > hasValidPrice > returns false for "가격 정보 없음" 0ms
 ✓ src/__tests__/priceNormalizer.test.ts > hasValidPrice > returns true for valid positive price 0ms
 ✓ src/__tests__/priceNormalizer.test.ts > hasValidPrice > returns true for formatted valid price 0ms
 ✓ src/__tests__/priceNormalizer.test.ts > formatPriceOrEmpty — legacy compatibility > returns empty string for invalid price 0ms
 ✓ src/__tests__/priceNormalizer.test.ts > formatPriceOrEmpty — legacy compatibility > returns formatted string for valid price 0ms
stdout | src/__tests__/smoke/shopping-connect-zero-price.test.ts > SC-1 — crawler returns undefined price > omits price line when crawler returns undefined
[PromptLoader] 말투 보정 최종 적용: friendly
[PromptLoader] 🛒 쇼핑커넥트 제품 정보 프롬프트에 추가 (가격 미수집/무효 → 생략)

stderr | src/__tests__/smoke/shopping-connect-zero-price.test.ts > SC-1 — crawler returns undefined price > omits price line when crawler returns undefined
[PromptLoader] 프롬프트 파일 로드 실패: affiliate/base.prompt TypeError: __vite_ssr_import_2__.app.getAppPath is not a function
    at getPromptsDir (C:/Users/박성현/Desktop/리더 네이버 자동화/src/promptLoader.ts:29:26)
    at loadPromptFile (C:/Users/박성현/Desktop/리더 네이버 자동화/src/promptLoader.ts:126:32)
    at buildSystemPrompt (C:/Users/박성현/Desktop/리더 네이버 자동화/src/promptLoader.ts:172:22)
    at buildSystemPromptFromHint (C:/Users/박성현/Desktop/리더 네이버 자동화/src/promptLoader.ts:212:10)
    at buildFullPrompt (C:/Users/박성현/Desktop/리더 네이버 자동화/src/promptLoader.ts:966:22)
    at C:/Users/박성현/Desktop/리더 네이버 자동화/src/__tests__/smoke/shopping-connect-zero-price.test.ts:57:20
    at file:///C:/Users/%EB%B0%95%EC%84%B1%ED%98%84/Desktop/%EB%A6%AC%EB%8D%94%20%EB%84%A4%EC%9D%B4%EB%B2%84%20%EC%9E%90%EB%8F%99%ED%99%94/node_modules/@vitest/runner/dist/chunk-artifact.js:302:11
    at file:///C:/Users/%EB%B0%95%EC%84%B1%ED%98%84/Desktop/%EB%A6%AC%EB%8D%94%20%EB%84%A4%EC%9D%B4%EB%B2%84%20%EC%9E%90%EB%8F%99%ED%99%94/node_modules/@vitest/runner/dist/chunk-artifact.js:1903:26
    at file:///C:/Users/%EB%B0%95%EC%84%B1%ED%98%84/Desktop/%EB%A6%AC%EB%8D%94%20%EB%84%A4%EC%9D%B4%EB%B2%84%20%EC%9E%90%EB%8F%99%ED%99%94/node_modules/@vitest/runner/dist/chunk-artifact.js:2326:20
    at new Promise (<anonymous>)
[PromptLoader] base 프롬프트 로드 실패: affiliate/base.prompt

stdout | src/__tests__/smoke/shopping-connect-zero-price.test.ts > SC-2 — crawler returns numeric 0 > omits price line when crawler returns 0 (number)
[PromptLoader] 말투 보정 최종 적용: friendly
[PromptLoader] 🛒 쇼핑커넥트 제품 정보 프롬프트에 추가 (가격 미수집/무효 → 생략)

stderr | src/__tests__/smoke/shopping-connect-zero-price.test.ts > SC-2 — crawler returns numeric 0 > omits price line when crawler returns 0 (number)
[PromptLoader] 프롬프트 파일 로드 실패: affiliate/base.prompt TypeError: __vite_ssr_import_2__.app.getAppPath is not a function
    at getPromptsDir (C:/Users/박성현/Desktop/리더 네이버 자동화/src/promptLoader.ts:29:26)
    at loadPromptFile (C:/Users/박성현/Desktop/리더 네이버 자동화/src/promptLoader.ts:126:32)
    at buildSystemPrompt (C:/Users/박성현/Desktop/리더 네이버 자동화/src/promptLoader.ts:172:22)
    at buildSystemPromptFromHint (C:/Users/박성현/Desktop/리더 네이버 자동화/src/promptLoader.ts:212:10)
    at buildFullPrompt (C:/Users/박성현/Desktop/리더 네이버 자동화/src/promptLoader.ts:966:22)
    at C:/Users/박성현/Desktop/리더 네이버 자동화/src/__tests__/smoke/shopping-connect-zero-price.test.ts:90:20
    at file:///C:/Users/%EB%B0%95%EC%84%B1%ED%98%84/Desktop/%EB%A6%AC%EB%8D%94%20%EB%84%A4%EC%9D%B4%EB%B2%84%20%EC%9E%90%EB%8F%99%ED%99%94/node_modules/@vitest/runner/dist/chunk-artifact.js:302:11
    at file:///C:/Users/%EB%B0%95%EC%84%B1%ED%98%84/Desktop/%EB%A6%AC%EB%8D%94%20%EB%84%A4%EC%9D%B4%EB%B2%84%20%EC%9E%90%EB%8F%99%ED%99%94/node_modules/@vitest/runner/dist/chunk-artifact.js:1903:26
    at file:///C:/Users/%EB%B0%95%EC%84%B1%ED%98%84/Desktop/%EB%A6%AC%EB%8D%94%20%EB%84%A4%EC%9D%B4%EB%B2%84%20%EC%9E%90%EB%8F%99%ED%99%94/node_modules/@vitest/runner/dist/chunk-artifact.js:2326:20
    at new Promise (<anonymous>)
[PromptLoader] base 프롬프트 로드 실패: affiliate/base.prompt

stdout | src/__tests__/smoke/shopping-connect-zero-price.test.ts > SC-3 — crawler returns string "0원" > omits price line when crawler returns "0원" string
[PromptLoader] 말투 보정 최종 적용: friendly
[PromptLoader] 🛒 쇼핑커넥트 제품 정보 프롬프트에 추가 (가격 미수집/무효 → 생략)

stderr | src/__tests__/smoke/shopping-connect-zero-price.test.ts > SC-3 — crawler returns string "0원" > omits price line when crawler returns "0원" string
[PromptLoader] 프롬프트 파일 로드 실패: affiliate/base.prompt TypeError: __vite_ssr_import_2__.app.getAppPath is not a function
    at getPromptsDir (C:/Users/박성현/Desktop/리더 네이버 자동화/src/promptLoader.ts:29:26)
    at loadPromptFile (C:/Users/박성현/Desktop/리더 네이버 자동화/src/promptLoader.ts:126:32)
    at buildSystemPrompt (C:/Users/박성현/Desktop/리더 네이버 자동화/src/promptLoader.ts:172:22)
    at buildSystemPromptFromHint (C:/Users/박성현/Desktop/리더 네이버 자동화/src/promptLoader.ts:212:10)
    at buildFullPrompt (C:/Users/박성현/Desktop/리더 네이버 자동화/src/promptLoader.ts:966:22)
    at C:/Users/박성현/Desktop/리더 네이버 자동화/src/__tests__/smoke/shopping-connect-zero-price.test.ts:119:20
    at file:///C:/Users/%EB%B0%95%EC%84%B1%ED%98%84/Desktop/%EB%A6%AC%EB%8D%94%20%EB%84%A4%EC%9D%B4%EB%B2%84%20%EC%9E%90%EB%8F%99%ED%99%94/node_modules/@vitest/runner/dist/chunk-artifact.js:302:11
    at file:///C:/Users/%EB%B0%95%EC%84%B1%ED%98%84/Desktop/%EB%A6%AC%EB%8D%94%20%EB%84%A4%EC%9D%B4%EB%B2%84%20%EC%9E%90%EB%8F%99%ED%99%94/node_modules/@vitest/runner/dist/chunk-artifact.js:1903:26
    at file:///C:/Users/%EB%B0%95%EC%84%B1%ED%98%84/Desktop/%EB%A6%AC%EB%8D%94%20%EB%84%A4%EC%9D%B4%EB%B2%84%20%EC%9E%90%EB%8F%99%ED%99%94/node_modules/@vitest/runner/dist/chunk-artifact.js:2326:20
    at new Promise (<anonymous>)
[PromptLoader] base 프롬프트 로드 실패: affiliate/base.prompt

stderr | src/__tests__/smoke/shopping-connect-zero-price.test.ts > SC-4 — LLM generated "약 0원부터" despite guard > validation pipeline flags "약 0원부터 구매" as critical price artifact
[QualityChecker] ⛔ Critical 위반 1개: AI 마무리: "정리하면"

stderr | src/__tests__/smoke/shopping-connect-zero-price.test.ts > SC-4 — LLM generated "약 0원부터" despite guard > validation pipeline flags "0원 특가" in heading as critical price artifact
[QualityChecker] ⛔ Critical 위반 1개: AI 마무리: "정리하면"

stderr | src/__tests__/smoke/shopping-connect-zero-price.test.ts > SC-5 — editor typed "0원" after sanitizer passed > flags "현재 0원에 판매 중" body text as critical
[QualityChecker] ⛔ Critical 위반 1개: AI 마무리: "정리하면"

stderr | src/__tests__/smoke/shopping-connect-zero-price.test.ts > SC-5 — editor typed "0원" after sanitizer passed > flags "0원 할인가" body text as critical
[QualityChecker] ⛔ Critical 위반 1개: AI 마무리: "정리하면"

stderr | src/__tests__/smoke/shopping-connect-zero-price.test.ts > SC-5 — editor typed "0원" after sanitizer passed > does NOT flag valid price text as artifact
[QualityChecker] ⛔ Critical 위반 1개: AI 마무리: "정리하면"

stdout | src/__tests__/smoke/shopping-connect-zero-price.test.ts > SC-6 — sourceAssembler lprice="0" sentinel must be rejected by parsePrice > buildFullPrompt with lprice-origin price="0" emits guard instruction
[PromptLoader] 말투 보정 최종 적용: friendly
[PromptLoader] 🛒 쇼핑커넥트 제품 정보 프롬프트에 추가 (가격 미수집/무효 → 생략)

stderr | src/__tests__/smoke/shopping-connect-zero-price.test.ts > SC-6 — sourceAssembler lprice="0" sentinel must be rejected by parsePrice > buildFullPrompt with lprice-origin price="0" emits guard instruction
[PromptLoader] 프롬프트 파일 로드 실패: affiliate/base.prompt TypeError: __vite_ssr_import_2__.app.getAppPath is not a function
    at getPromptsDir (C:/Users/박성현/Desktop/리더 네이버 자동화/src/promptLoader.ts:29:26)
    at loadPromptFile (C:/Users/박성현/Desktop/리더 네이버 자동화/src/promptLoader.ts:126:32)
    at buildSystemPrompt (C:/Users/박성현/Desktop/리더 네이버 자동화/src/promptLoader.ts:172:22)
    at buildSystemPromptFromHint (C:/Users/박성현/Desktop/리더 네이버 자동화/src/promptLoader.ts:212:10)
    at buildFullPrompt (C:/Users/박성현/Desktop/리더 네이버 자동화/src/promptLoader.ts:966:22)
    at C:/Users/박성현/Desktop/리더 네이버 자동화/src/__tests__/smoke/shopping-connect-zero-price.test.ts:235:20
    at file:///C:/Users/%EB%B0%95%EC%84%B1%ED%98%84/Desktop/%EB%A6%AC%EB%8D%94%20%EB%84%A4%EC%9D%B4%EB%B2%84%20%EC%9E%90%EB%8F%99%ED%99%94/node_modules/@vitest/runner/dist/chunk-artifact.js:302:11
    at file:///C:/Users/%EB%B0%95%EC%84%B1%ED%98%84/Desktop/%EB%A6%AC%EB%8D%94%20%EB%84%A4%EC%9D%B4%EB%B2%84%20%EC%9E%90%EB%8F%99%ED%99%94/node_modules/@vitest/runner/dist/chunk-artifact.js:1903:26
    at file:///C:/Users/%EB%B0%95%EC%84%B1%ED%98%84/Desktop/%EB%A6%AC%EB%8D%94%20%EB%84%A4%EC%9D%B4%EB%B2%84%20%EC%9E%90%EB%8F%99%ED%99%94/node_modules/@vitest/runner/dist/chunk-artifact.js:2326:20
    at new Promise (<anonymous>)
[PromptLoader] base 프롬프트 로드 실패: affiliate/base.prompt

stderr | src/__tests__/smoke/shopping-connect-zero-price.test.ts > SC-7 — __validationResult contract on zero-price content > validateContent pass=false when body contains "0원에 판매"
[QualityChecker] ⛔ Critical 위반 1개: AI 마무리: "정리하면"

stderr | src/__tests__/smoke/shopping-connect-zero-price.test.ts > SC-7 — __validationResult contract on zero-price content > price_artifact critical issue is present when "약 0원부터" appears
[QualityChecker] ⛔ Critical 위반 1개: AI 마무리: "정리하면"

stderr | src/__tests__/smoke/shopping-connect-zero-price.test.ts > SC-7 — __validationResult contract on zero-price content > (RED-contract) content with price artifact must carry __validationResult.pass=false
[QualityChecker] ⛔ Critical 위반 1개: AI 마무리: "정리하면"

 ✓ src/__tests__/smoke/shopping-connect-zero-price.test.ts > SC-1 — crawler returns undefined price > omits price line when crawler returns undefined 21ms
 ✓ src/__tests__/smoke/shopping-connect-zero-price.test.ts > SC-2 — crawler returns numeric 0 > omits price line when crawler returns 0 (number) 3ms
 ✓ src/__tests__/smoke/shopping-connect-zero-price.test.ts > SC-3 — crawler returns string "0원" > omits price line when crawler returns "0원" string 3ms
 ✓ src/__tests__/smoke/shopping-connect-zero-price.test.ts > SC-4 — LLM generated "약 0원부터" despite guard > validation pipeline flags "약 0원부터 구매" as critical price artifact 4ms
 ✓ src/__tests__/smoke/shopping-connect-zero-price.test.ts > SC-4 — LLM generated "약 0원부터" despite guard > validation pipeline flags "0원 특가" in heading as critical price artifact 1ms
 ✓ src/__tests__/smoke/shopping-connect-zero-price.test.ts > SC-5 — editor typed "0원" after sanitizer passed > flags "현재 0원에 판매 중" body text as critical 1ms
 ✓ src/__tests__/smoke/shopping-connect-zero-price.test.ts > SC-5 — editor typed "0원" after sanitizer passed > flags "0원 할인가" body text as critical 1ms
 ✓ src/__tests__/smoke/shopping-connect-zero-price.test.ts > SC-5 — editor typed "0원" after sanitizer passed > does NOT flag valid price text as artifact 2ms
 ✓ src/__tests__/smoke/shopping-connect-zero-price.test.ts > SC-6 — sourceAssembler lprice="0" sentinel must be rejected by parsePrice > parsePrice("0") returns null (not a valid price) 1ms
 ✓ src/__tests__/smoke/shopping-connect-zero-price.test.ts > SC-6 — sourceAssembler lprice="0" sentinel must be rejected by parsePrice > buildFullPrompt with lprice-origin price="0" emits guard instruction 2ms
 ✓ src/__tests__/smoke/shopping-connect-zero-price.test.ts > SC-7 — __validationResult contract on zero-price content > validateContent pass=false when body contains "0원에 판매" 1ms
 ✓ src/__tests__/smoke/shopping-connect-zero-price.test.ts > SC-7 — __validationResult contract on zero-price content > price_artifact critical issue is present when "약 0원부터" appears 1ms
 ✓ src/__tests__/smoke/shopping-connect-zero-price.test.ts > SC-7 — __validationResult contract on zero-price content > (RED-contract) content with price artifact must carry __validationResult.pass=false 1ms
 ✓ src/__tests__/costInvariants.test.ts > v1.4.77 — 비용 최적화 소스 불변식 > 출력 토큰 상한 축소 유지 > Gemini Flash maxOutputTokens는 8192 이하 (Pro는 thinking 필요로 16384 허용) 4ms
 ✓ src/__tests__/costInvariants.test.ts > v1.4.77 — 비용 최적화 소스 불변식 > 출력 토큰 상한 축소 유지 > OpenAI max_completion_tokens는 8192 이하 1ms
 ✓ src/__tests__/costInvariants.test.ts > v1.4.77 — 비용 최적화 소스 불변식 > 출력 토큰 상한 축소 유지 > Claude max_tokens는 8192 이하 1ms
 ✓ src/__tests__/costInvariants.test.ts > v1.4.77 — 비용 최적화 소스 불변식 > 출력 토큰 상한 축소 유지 > 60000 같은 과대 상한이 본문 생성 경로에 남아있지 않음 6ms
 ✓ src/__tests__/costInvariants.test.ts > v1.4.77 — 비용 최적화 소스 불변식 > OpenAI 모델 매핑 — UI 라벨 = 실제 호출 1:1 > 'openai-gpt41' 분기는 gpt-4.1 호출 4ms
 ✓ src/__tests__/costInvariants.test.ts > v1.4.77 — 비용 최적화 소스 불변식 > OpenAI 모델 매핑 — UI 라벨 = 실제 호출 1:1 > 'openai-gpt4o-mini' 분기는 gpt-4.1-mini 호출 1ms
 ✓ src/__tests__/costInvariants.test.ts > v1.4.77 — 비용 최적화 소스 불변식 > OpenAI 모델 매핑 — UI 라벨 = 실제 호출 1:1 > 'openai-gpt4o' 분기는 gpt-4o 호출 6ms
 ✓ src/__tests__/costInvariants.test.ts > v1.4.77 — 비용 최적화 소스 불변식 > OpenAI 모델 매핑 — UI 라벨 = 실제 호출 1:1 > OpenAI 폴백 배열은 단일 모델만 허용 (크로스 모델 폴백 금지) 2ms
 ✓ src/__tests__/costInvariants.test.ts > v1.4.77 — 비용 최적화 소스 불변식 > 이미지 기본 엔진 — schnell(저가) 고정 > DEFAULT_DEEPINFRA_MODEL은 FLUX-1-schnell 1ms
 ✓ src/__tests__/costInvariants.test.ts > v1.4.77 — 비용 최적화 소스 불변식 > 이미지 기본 엔진 — schnell(저가) 고정 > DEFAULT_DEEPINFRA_MODEL은 FLUX-2-dev가 아님 (회귀 방지) 1ms
 ✓ src/__tests__/costInvariants.test.ts > v1.4.77 — 비용 최적화 소스 불변식 > Gemini 캐싱 — 무료/유료 구분 없음 + 자동 학습 > cacheEnabled 조건이 "paid 플랜 한정"으로 하드코딩되지 않음 1ms
 ✓ src/__tests__/costInvariants.test.ts > v1.4.77 — 비용 최적화 소스 불변식 > Gemini 캐싱 — 무료/유료 구분 없음 + 자동 학습 > isCacheSupportedForKey 기반 세션 학습 구조 사용 1ms
 ✓ src/__tests__/costInvariants.test.ts > v1.4.77 — 비용 최적화 소스 불변식 > Gemini 캐싱 — 무료/유료 구분 없음 + 자동 학습 > markCacheUnsupported 실패 기록 로직 존재 1ms
 ✓ src/__tests__/costInvariants.test.ts > v1.4.77 — 비용 최적화 소스 불변식 > Gemini 캐싱 — 무료/유료 구분 없음 + 자동 학습 > 캐시 호출 실패 시 일반 모델 재시도 보호막 존재 1ms
 ✓ src/__tests__/costInvariants.test.ts > v1.4.77 — 비용 최적화 소스 불변식 > Gemini 캐싱 — 무료/유료 구분 없음 + 자동 학습 > GEMINI_CACHE_DISABLED ENV 비상 탈출구 유지 2ms
 ✓ src/__tests__/costInvariants.test.ts > v1.4.77 — 비용 최적화 소스 불변식 > OpenAI 재시도 — 단일 모델이므로 2회로 충분 > maxRetriesPerModel은 2 (이전 3에서 축소) 1ms
 ✓ src/__tests__/costInvariants.test.ts > v1.4.77 — 비용 최적화 소스 불변식 > UI 기본값 — Claude Haiku가 디폴트 선택 > claude-haiku 라디오 버튼에 checked 속성 1ms
 ✓ src/__tests__/costInvariants.test.ts > v1.4.77 — 비용 최적화 소스 불변식 > UI 기본값 — Claude Haiku가 디폴트 선택 > gemini-2.5-flash 라디오 버튼은 더 이상 checked 아님 5ms
 ✓ src/__tests__/competitorContextBuilder.test.ts > buildCompetitorContextBlock — 정상 흐름 > 수집 결과 + 헤더 + 표 + 활용 규칙 포함 28ms
 ✓ src/__tests__/competitorContextBuilder.test.ts > buildCompetitorContextBlock — 정상 흐름 > maxProducts 옵션으로 표 행 제한 1ms
 ✓ src/__tests__/competitorContextBuilder.test.ts > buildCompetitorContextBlock — 정상 흐름 > 가격 포지셔닝 sentence 포함 1ms
 ✓ src/__tests__/competitorContextBuilder.test.ts > buildCompetitorContextBlock — 정상 흐름 > 가격 포지셔닝 sentence 빈 문자열이면 가격 포지셔닝 섹션 생략 0ms
 ✓ src/__tests__/competitorContextBuilder.test.ts > buildCompetitorContextBlock — 정상 흐름 > 제품명이 30자 초과면 ellipsis 처리 1ms
 ✓ src/__tests__/competitorContextBuilder.test.ts > buildCompetitorContextBlock — 정상 흐름 > 가격 0(미수집) · rating null · reviewCount null도 안전 표기 0ms
 ✓ src/__tests__/competitorContextBuilder.test.ts > buildCompetitorContextBlock — fallback (L2-2.6) > enabled=false면 빈 문자열 0ms
 ✓ src/__tests__/competitorContextBuilder.test.ts > buildCompetitorContextBlock — fallback (L2-2.6) > products 0건이면 빈 문자열 (silent 위조 X) 0ms
 ✓ src/__tests__/competitorContextBuilder.test.ts > SPEC 메모리 원칙 > 환각 금지·일반화 권장 문구 포함 1ms
 ✓ src/__tests__/competitorContextBuilder.test.ts > SPEC 메모리 원칙 > 전환률·매출 추정 효과 약속 미포함 1ms
 ✓ src/__tests__/dynamicSerpProbe.test.ts > detectSmartblock > 스마트블록 클래스 있으면 감지 14ms
 ✓ src/__tests__/dynamicSerpProbe.test.ts > detectSmartblock > AI 라벨 텍스트만 있어도 감지 3ms
 ✓ src/__tests__/dynamicSerpProbe.test.ts > detectSmartblock > 스마트블록 부재 시 has=false 2ms
 ✓ src/__tests__/dynamicSerpProbe.test.ts > detectSmartblock > class*="sb_inner" 패턴 매칭 5ms
 ✓ src/__tests__/dynamicSerpProbe.test.ts > extractCards > 블로그 카드 추출 8ms
 ✓ src/__tests__/dynamicSerpProbe.test.ts > extractCards > 인플루언서 표지 감지 4ms
 ✓ src/__tests__/dynamicSerpProbe.test.ts > extractCards > maxCards 제한 6ms
 ✓ src/__tests__/dynamicSerpProbe.test.ts > extractCards > 네이버 블로그 URL 아니면 제외 2ms
 ✓ src/__tests__/dynamicSerpProbe.test.ts > extractCards > 카드 3개 미만이면 빈 배열 2ms
 ✓ src/__tests__/dynamicSerpProbe.test.ts > extractCards > title/snippet 100자/200자 잘림 4ms
 ✓ src/__tests__/competitorDataCollector.test.ts > parseKoreanPrice > "12,500원" → 12500 4ms
 ✓ src/__tests__/competitorDataCollector.test.ts > parseKoreanPrice > "1만원" → 10000 1ms
 ✓ src/__tests__/competitorDataCollector.test.ts > parseKoreanPrice > "3만5천원" → 35000 0ms
 ✓ src/__tests__/competitorDataCollector.test.ts > parseKoreanPrice > 빈 문자열 → 0 0ms
 ✓ src/__tests__/competitorDataCollector.test.ts > parseKoreanPrice > null → 0 0ms
 ✓ src/__tests__/competitorDataCollector.test.ts > parseKoreanPrice > 100원 미만 (비현실적) → 0 0ms
 ✓ src/__tests__/competitorDataCollector.test.ts > parseKoreanPrice > 1억 초과 → 0 0ms
 ✓ src/__tests__/competitorDataCollector.test.ts > parseRating > "4.5" → 4.5 1ms
 ✓ src/__tests__/competitorDataCollector.test.ts > parseRating > "별점 5점" → 5 1ms
 ✓ src/__tests__/competitorDataCollector.test.ts > parseRating > "6.0" (5 초과) → null 1ms
 ✓ src/__tests__/competitorDataCollector.test.ts > parseRating > null → null 0ms
 ✓ src/__tests__/competitorDataCollector.test.ts > parseReviewCount > "(123)" → 123 1ms
 ✓ src/__tests__/competitorDataCollector.test.ts > parseReviewCount > "리뷰 1,234" → 1234 0ms
 ✓ src/__tests__/competitorDataCollector.test.ts > parseReviewCount > 빈 문자열 → null 1ms
 ✓ src/__tests__/competitorDataCollector.test.ts > isCompetitorCollectorEnabled > forceFlag=true 면 env 무시하고 ON 1ms
 ✓ src/__tests__/competitorDataCollector.test.ts > isCompetitorCollectorEnabled > forceFlag=false 면 env 무시하고 OFF 0ms
 ✓ src/__tests__/competitorDataCollector.test.ts > isCompetitorCollectorEnabled > env 미설정·forceFlag undefined 면 OFF (기본값) 0ms
 ✓ src/__tests__/competitorDataCollector.test.ts > isCompetitorCollectorEnabled > env=1 면 ON 0ms
 ✓ src/__tests__/competitorDataCollector.test.ts > collectCompetitorProducts — 정상 흐름 > mock page에서 3건 정상 수집 + 가격 정규화 4ms
 ✓ src/__tests__/competitorDataCollector.test.ts > collectCompetitorProducts — 정상 흐름 > topN으로 결과 제한 1ms
 ✓ src/__tests__/competitorDataCollector.test.ts > collectCompetitorProducts — 정상 흐름 > 일부 가격 파싱 실패 시 successRate 반영 4ms
 ✓ src/__tests__/competitorDataCollector.test.ts > collectCompetitorProducts — 명시 fallback (silent 폴백 X) > forceFlag=false 면 enabled=false + reason 명시 1ms
 ✓ src/__tests__/competitorDataCollector.test.ts > collectCompetitorProducts — 명시 fallback (silent 폴백 X) > 빈 query는 명시 fallback 1ms
 ✓ src/__tests__/competitorDataCollector.test.ts > collectCompetitorProducts — 명시 fallback (silent 폴백 X) > 네트워크 실패 시 명시 reason — silent 0건 반환 X 1ms
 ✓ src/__tests__/imageEngineRouting.test.ts > v1.4.80 — 이미지 엔진 라우팅 매트릭스 > P0-1: types.ts — ImageProvider / ALLOWED_PROVIDER > 'nano-banana-pro' ImageProvider 유니온에 포함 5ms
 ✓ src/__tests__/imageEngineRouting.test.ts > v1.4.80 — 이미지 엔진 라우팅 매트릭스 > P0-1: types.ts — ImageProvider / ALLOWED_PROVIDER > 'nano-banana-pro' ALLOWED_PROVIDER 배열에 포함 1ms
 ✓ src/__tests__/imageEngineRouting.test.ts > v1.4.80 — 이미지 엔진 라우팅 매트릭스 > P0-1: types.ts — ImageProvider / ALLOWED_PROVIDER > 'deepinfra' ImageProvider 유니온에 포함 1ms
 ✓ src/__tests__/imageEngineRouting.test.ts > v1.4.80 — 이미지 엔진 라우팅 매트릭스 > P0-1: types.ts — ImageProvider / ALLOWED_PROVIDER > 'deepinfra' ALLOWED_PROVIDER 배열에 포함 1ms
 ✓ src/__tests__/imageEngineRouting.test.ts > v1.4.80 — 이미지 엔진 라우팅 매트릭스 > P0-1: types.ts — ImageProvider / ALLOWED_PROVIDER > 'openai-image' ImageProvider 유니온에 포함 0ms
 ✓ src/__tests__/imageEngineRouting.test.ts > v1.4.80 — 이미지 엔진 라우팅 매트릭스 > P0-1: types.ts — ImageProvider / ALLOWED_PROVIDER > 'openai-image' ALLOWED_PROVIDER 배열에 포함 0ms
 ✓ src/__tests__/imageEngineRouting.test.ts > v1.4.80 — 이미지 엔진 라우팅 매트릭스 > P0-1: types.ts — ImageProvider / ALLOWED_PROVIDER > 'dall-e-3' ImageProvider 유니온에 포함 0ms
 ✓ src/__tests__/imageEngineRouting.test.ts > v1.4.80 — 이미지 엔진 라우팅 매트릭스 > P0-1: types.ts — ImageProvider / ALLOWED_PROVIDER > 'dall-e-3' ALLOWED_PROVIDER 배열에 포함 1ms
 ✓ src/__tests__/imageEngineRouting.test.ts > v1.4.80 — 이미지 엔진 라우팅 매트릭스 > P0-1: types.ts — ImageProvider / ALLOWED_PROVIDER > 'leonardoai' ImageProvider 유니온에 포함 1ms
 ✓ src/__tests__/imageEngineRouting.test.ts > v1.4.80 — 이미지 엔진 라우팅 매트릭스 > P0-1: types.ts — ImageProvider / ALLOWED_PROVIDER > 'leonardoai' ALLOWED_PROVIDER 배열에 포함 1ms
 ✓ src/__tests__/imageEngineRouting.test.ts > v1.4.80 — 이미지 엔진 라우팅 매트릭스 > P0-1: types.ts — ImageProvider / ALLOWED_PROVIDER > 'imagefx' ImageProvider 유니온에 포함 0ms
 ✓ src/__tests__/imageEngineRouting.test.ts > v1.4.80 — 이미지 엔진 라우팅 매트릭스 > P0-1: types.ts — ImageProvider / ALLOWED_PROVIDER > 'imagefx' ALLOWED_PROVIDER 배열에 포함 0ms
 ✓ src/__tests__/imageEngineRouting.test.ts > v1.4.80 — 이미지 엔진 라우팅 매트릭스 > P0-1: types.ts — ImageProvider / ALLOWED_PROVIDER > 'flow' ImageProvider 유니온에 포함 0ms
 ✓ src/__tests__/imageEngineRouting.test.ts > v1.4.80 — 이미지 엔진 라우팅 매트릭스 > P0-1: types.ts — ImageProvider / ALLOWED_PROVIDER > 'flow' ALLOWED_PROVIDER 배열에 포함 1ms
 ✓ src/__tests__/imageEngineRouting.test.ts > v1.4.80 — 이미지 엔진 라우팅 매트릭스 > P0-2: unifiedDOMCache.ts — VALID_AI_SOURCES > 'nano-banana-pro' VALID_AI_SOURCES에 포함 (오염값 판정 방지) 1ms
 ✓ src/__tests__/imageEngineRouting.test.ts > v1.4.80 — 이미지 엔진 라우팅 매트릭스 > P0-2: unifiedDOMCache.ts — VALID_AI_SOURCES > 'deepinfra' VALID_AI_SOURCES에 포함 (오염값 판정 방지) 0ms
 ✓ src/__tests__/imageEngineRouting.test.ts > v1.4.80 — 이미지 엔진 라우팅 매트릭스 > P0-2: unifiedDOMCache.ts — VALID_AI_SOURCES > 'openai-image' VALID_AI_SOURCES에 포함 (오염값 판정 방지) 0ms
 ✓ src/__tests__/imageEngineRouting.test.ts > v1.4.80 — 이미지 엔진 라우팅 매트릭스 > P0-2: unifiedDOMCache.ts — VALID_AI_SOURCES > 'dall-e-3' VALID_AI_SOURCES에 포함 (오염값 판정 방지) 0ms
 ✓ src/__tests__/imageEngineRouting.test.ts > v1.4.80 — 이미지 엔진 라우팅 매트릭스 > P0-2: unifiedDOMCache.ts — VALID_AI_SOURCES > 'leonardoai' VALID_AI_SOURCES에 포함 (오염값 판정 방지) 0ms
 ✓ src/__tests__/imageEngineRouting.test.ts > v1.4.80 — 이미지 엔진 라우팅 매트릭스 > P0-2: unifiedDOMCache.ts — VALID_AI_SOURCES > 'imagefx' VALID_AI_SOURCES에 포함 (오염값 판정 방지) 0ms
 ✓ src/__tests__/imageEngineRouting.test.ts > v1.4.80 — 이미지 엔진 라우팅 매트릭스 > P0-2: unifiedDOMCache.ts — VALID_AI_SOURCES > 'flow' VALID_AI_SOURCES에 포함 (오염값 판정 방지) 0ms
 ✓ src/__tests__/imageEngineRouting.test.ts > v1.4.80 — 이미지 엔진 라우팅 매트릭스 > P0-3: HeadingImageSettings.ts — GlobalImageSource + VALID_SOURCES > 'nano-banana-pro' GlobalImageSource 타입 유니온에 포함 1ms
 ✓ src/__tests__/imageEngineRouting.test.ts > v1.4.80 — 이미지 엔진 라우팅 매트릭스 > P0-3: HeadingImageSettings.ts — GlobalImageSource + VALID_SOURCES > 'nano-banana-pro' VALID_SOURCES 배열에 포함 1ms
 ✓ src/__tests__/imageEngineRouting.test.ts > v1.4.80 — 이미지 엔진 라우팅 매트릭스 > P0-3: HeadingImageSettings.ts — GlobalImageSource + VALID_SOURCES > 'deepinfra' GlobalImageSource 타입 유니온에 포함 0ms
 ✓ src/__tests__/imageEngineRouting.test.ts > v1.4.80 — 이미지 엔진 라우팅 매트릭스 > P0-3: HeadingImageSettings.ts — GlobalImageSource + VALID_SOURCES > 'deepinfra' VALID_SOURCES 배열에 포함 0ms
 ✓ src/__tests__/imageEngineRouting.test.ts > v1.4.80 — 이미지 엔진 라우팅 매트릭스 > P0-3: HeadingImageSettings.ts — GlobalImageSource + VALID_SOURCES > 'openai-image' GlobalImageSource 타입 유니온에 포함 0ms
 ✓ src/__tests__/imageEngineRouting.test.ts > v1.4.80 — 이미지 엔진 라우팅 매트릭스 > P0-3: HeadingImageSettings.ts — GlobalImageSource + VALID_SOURCES > 'openai-image' VALID_SOURCES 배열에 포함 0ms
 ✓ src/__tests__/imageEngineRouting.test.ts > v1.4.80 — 이미지 엔진 라우팅 매트릭스 > P0-3: HeadingImageSettings.ts — GlobalImageSource + VALID_SOURCES > 'dall-e-3' GlobalImageSource 타입 유니온에 포함 0ms
 ✓ src/__tests__/imageEngineRouting.test.ts > v1.4.80 — 이미지 엔진 라우팅 매트릭스 > P0-3: HeadingImageSettings.ts — GlobalImageSource + VALID_SOURCES > 'dall-e-3' VALID_SOURCES 배열에 포함 0ms
 ✓ src/__tests__/imageEngineRouting.test.ts > v1.4.80 — 이미지 엔진 라우팅 매트릭스 > P0-3: HeadingImageSettings.ts — GlobalImageSource + VALID_SOURCES > 'leonardoai' GlobalImageSource 타입 유니온에 포함 0ms
 ✓ src/__tests__/imageEngineRouting.test.ts > v1.4.80 — 이미지 엔진 라우팅 매트릭스 > P0-3: HeadingImageSettings.ts — GlobalImageSource + VALID_SOURCES > 'leonardoai' VALID_SOURCES 배열에 포함 0ms
 ✓ src/__tests__/imageEngineRouting.test.ts > v1.4.80 — 이미지 엔진 라우팅 매트릭스 > P0-3: HeadingImageSettings.ts — GlobalImageSource + VALID_SOURCES > 'imagefx' GlobalImageSource 타입 유니온에 포함 0ms
 ✓ src/__tests__/imageEngineRouting.test.ts > v1.4.80 — 이미지 엔진 라우팅 매트릭스 > P0-3: HeadingImageSettings.ts — GlobalImageSource + VALID_SOURCES > 'imagefx' VALID_SOURCES 배열에 포함 0ms
 ✓ src/__tests__/imageEngineRouting.test.ts > v1.4.80 — 이미지 엔진 라우팅 매트릭스 > P0-3: HeadingImageSettings.ts — GlobalImageSource + VALID_SOURCES > 'flow' GlobalImageSource 타입 유니온에 포함 0ms
 ✓ src/__tests__/imageEngineRouting.test.ts > v1.4.80 — 이미지 엔진 라우팅 매트릭스 > P0-3: HeadingImageSettings.ts — GlobalImageSource + VALID_SOURCES > 'flow' VALID_SOURCES 배열에 포함 0ms
 ✓ src/__tests__/imageEngineRouting.test.ts > v1.4.80 — 이미지 엔진 라우팅 매트릭스 > P0-3: HeadingImageSettings.ts — GlobalImageSource + VALID_SOURCES > SOURCE_NAMES Record에 'flow' 라벨 존재 (Nano Banana 시리즈) 1ms
 ✓ src/__tests__/imageEngineRouting.test.ts > v1.4.80 — 이미지 엔진 라우팅 매트릭스 > P0-4: imageFxGenerator.ts — ensureImageFxBrowserPage export > ensureImageFxBrowserPage export 함수 존재 (Flow 엔진이 import 가능) 1ms
 ✓ src/__tests__/imageEngineRouting.test.ts > v1.4.80 — 이미지 엔진 라우팅 매트릭스 > P0-5: headingImageGen.ts 개별 재생성 — flow/deepinfra 분기 존재 > imageSource === 'flow' 분기 존재 1ms
 ✓ src/__tests__/imageEngineRouting.test.ts > v1.4.80 — 이미지 엔진 라우팅 매트릭스 > P0-5: headingImageGen.ts 개별 재생성 — flow/deepinfra 분기 존재 > imageSource === 'deepinfra' 분기 존재 10ms
 ✓ src/__tests__/imageEngineRouting.test.ts > v1.4.80 — 이미지 엔진 라우팅 매트릭스 > P1: flowGenerator.ts — v2.7.x 신 구조 안정성 > 자체 launchWithStealthFallback (System Chrome/Edge/Chromium 폴백 체인) 1ms
 ✓ src/__tests__/imageEngineRouting.test.ts > v1.4.80 — 이미지 엔진 라우팅 매트릭스 > P1: flowGenerator.ts — v2.7.x 신 구조 안정성 > cachedContext/cachedPage 세션 캐싱 변수 12ms
 ✓ src/__tests__/imageEngineRouting.test.ts > v1.4.80 — 이미지 엔진 라우팅 매트릭스 > P1: flowGenerator.ts — v2.7.x 신 구조 안정성 > 헤드리스 옵션 (offScreen에 따라 가변, 기본은 사용자 로그인 가능하게) 1ms
 ✓ src/__tests__/imageEngineRouting.test.ts > v1.4.80 — 이미지 엔진 라우팅 매트릭스 > P1: flowGenerator.ts — v2.7.x 신 구조 안정성 > webdriver 자동화 플래그 위장 20ms
 ✓ src/__tests__/imageEngineRouting.test.ts > v1.4.80 — 이미지 엔진 라우팅 매트릭스 > P2: 한글 텍스트 엔진 등록 + 라벨 통일 > isKoreanTextSupportedEngine에 'flow' 포함 (Nano Banana Pro 기반) 2ms
 ✓ src/__tests__/imageEngineRouting.test.ts > v1.4.80 — 이미지 엔진 라우팅 매트릭스 > P2: 한글 텍스트 엔진 등록 + 라벨 통일 > providerDisplayNames에 'flow' 라벨 존재 7ms
 ✓ src/__tests__/imageEngineRouting.test.ts > v1.4.80 — 이미지 엔진 라우팅 매트릭스 > P2: 한글 텍스트 엔진 등록 + 라벨 통일 > continuousPublishing imageSourceNames에 'flow' 라벨 6ms
 ✓ src/__tests__/imageEngineRouting.test.ts > v1.4.80 — 이미지 엔진 라우팅 매트릭스 > P2: 한글 텍스트 엔진 등록 + 라벨 통일 > headingImageGen imageSourceNames에 'flow' 라벨 12ms
 ✓ src/__tests__/imageEngineRouting.test.ts > v1.4.80 — 이미지 엔진 라우팅 매트릭스 > P2: 한글 텍스트 엔진 등록 + 라벨 통일 > fullAutoFlow sourceNames에 'flow' 라벨 9ms
 ✓ src/__tests__/imageEngineRouting.test.ts > v1.4.80 — 이미지 엔진 라우팅 매트릭스 > 회귀 방지 — local-folder 폴백 오작동 차단 > 'local-folder'가 generateImages에 전달되면 명시적 throw 3ms
 ✓ src/__tests__/imageEngineRouting.test.ts > v1.4.80 — 이미지 엔진 라우팅 매트릭스 > 회귀 방지 — imageGenerator if 분기 독립성 > 'flow' 분기가 imagefx 이후, deepinfra 이전에 존재 1ms
 ✓ src/__tests__/flowAntiModalObserver.syntax.test.ts > addInitScript callback — syntax 검증 > Flow injectAntiModalObserver 콜백 추출 13ms
 ✓ src/__tests__/flowAntiModalObserver.syntax.test.ts > addInitScript callback — syntax 검증 > ImageFX injectImageFxAntiModalObserver 콜백 추출 3ms
 ✓ src/__tests__/flowAntiModalObserver.syntax.test.ts > observer 코드 self-contained 검증 > Flow 콜백에 setInterval style 재설정 우회 포함 6ms
 ✓ src/__tests__/flowAntiModalObserver.syntax.test.ts > observer 코드 self-contained 검증 > ImageFX 콜백에 동일 setInterval 포함 5ms
 ✓ src/__tests__/flowAntiModalObserver.syntax.test.ts > observer 코드 self-contained 검증 > Flow 콜백에 Shadow DOM 재귀 (deepQueryAll) 포함 4ms
 ✓ src/__tests__/flowAntiModalObserver.syntax.test.ts > observer 코드 self-contained 검증 > ImageFX 콜백에 Shadow DOM 재귀 (deepQ) 포함 2ms
 ✓ src/__tests__/flowAntiModalObserver.syntax.test.ts > observer 코드 self-contained 검증 > Flow attribute observer 6종 필터 2ms
 ✓ src/__tests__/flowAntiModalObserver.syntax.test.ts > observer 코드 회귀 방지 (사용자 디버그 로그 케이스) > Flow 콜백에 changelogs URL 패턴 포함 2ms
 ✓ src/__tests__/flowAntiModalObserver.syntax.test.ts > observer 코드 회귀 방지 (사용자 디버그 로그 케이스) > Flow 콜백에 SAFE_TEXT_RE (로그인 화이트리스트) 포함 3ms
 ✓ src/__tests__/flowAntiModalObserver.syntax.test.ts > observer 코드 회귀 방지 (사용자 디버그 로그 케이스) > ImageFX 콜백에 SAFE_RE 포함 2ms
stdout | src/__tests__/recoveryCoordinator.test.ts > RecoveryCoordinator — heading isolation (E) > startHeading 호출 시 모든 카운터 리셋된다
[RECOVERY:HEADING_START] {"headingIndex":0,"engine":"imageFx"}
[RECOVERY:TOAST] {"message":"🔄 [R1] first"}
[RECOVERY:HEADING_START] {"headingIndex":1,"engine":"imageFx"}

stdout | src/__tests__/recoveryCoordinator.test.ts > RecoveryCoordinator — toast on retry > applyRetry 시 toast 1회 호출
[RECOVERY:HEADING_START] {"headingIndex":0,"engine":"imageFx"}
[RECOVERY:TOAST] {"message":"🔄 [R2] 백오프 1/3"}

stdout | src/__tests__/recoveryCoordinator.test.ts > RecoveryCoordinator — modal flushes checkpoint (M-4) > showBlockingModal 호출 시 flush 먼저 실행
[RECOVERY:HEADING_START] {"headingIndex":0,"engine":"imageFx"}

stdout | src/__tests__/recoveryCoordinator.test.ts > RecoveryCoordinator — modal flushes checkpoint (M-4) > showBlockingModal 호출 시 flush 먼저 실행
[RECOVERY:HALT] {"code":"B7","heading":"h1"}

stdout | src/__tests__/recoveryCoordinator.test.ts > RecoveryCoordinator — modal flushes checkpoint (M-4) > showBlockingModal 호출 시 flush 먼저 실행
[RECOVERY:USER_CHOICE] {"code":"B7","choice":{"chosenId":"cancel","choiceLabel":"취소","timestampMs":0}}

stdout | src/__tests__/recoveryCoordinator.test.ts > RecoveryCoordinator — modal flushes checkpoint (M-4) > modalNotifier 부재 시 fallback choice가 cancel
[RECOVERY:HEADING_START] {"headingIndex":0,"engine":"imageFx"}

stdout | src/__tests__/recoveryCoordinator.test.ts > RecoveryCoordinator — modal flushes checkpoint (M-4) > modalNotifier 부재 시 fallback choice가 cancel
[RECOVERY:HALT] {"code":"B7","heading":"h1"}

stdout | src/__tests__/recoveryCoordinator.test.ts > Silent fallback absence (C.1) > any block decision은 사용자 choice 없이 자동 진행되지 않는다
[RECOVERY:HEADING_START] {"headingIndex":0,"engine":"imageFx"}

stdout | src/__tests__/recoveryCoordinator.test.ts > Silent fallback absence (C.1) > any block decision은 사용자 choice 없이 자동 진행되지 않는다
[RECOVERY:HALT] {"code":"B1","heading":"h1"}

stdout | src/__tests__/recoveryCoordinator.test.ts > Silent fallback absence (C.1) > any block decision은 사용자 choice 없이 자동 진행되지 않는다
[RECOVERY:USER_CHOICE] {"code":"B1","choice":{"chosenId":"cancel","choiceLabel":"취소","timestampMs":0}}

 ✓ src/__tests__/recoveryCoordinator.test.ts > classifyError — A.1 R1 session 401 > 첫 401에서 R1 retry 결정 4ms
 ✓ src/__tests__/recoveryCoordinator.test.ts > classifyError — A.1 R1 session 401 > R1 이미 시도된 헤딩은 즉시 모달 B5 1ms
 ✓ src/__tests__/recoveryCoordinator.test.ts > classifyError — A.2 R2 backoff > 백오프 시퀀스 2/4/8초 1ms
 ✓ src/__tests__/recoveryCoordinator.test.ts > classifyError — A.2 R2 backoff > 1차 503은 R2(2초) 1ms
 ✓ src/__tests__/recoveryCoordinator.test.ts > classifyError — A.2 R2 backoff > 2차 503은 4초, 3차는 8초 1ms
 ✓ src/__tests__/recoveryCoordinator.test.ts > classifyError — A.2 R2 backoff > R2 한도(3회) 초과 시 헤딩 격리 1ms
 ✓ src/__tests__/recoveryCoordinator.test.ts > classifyError — A.5 R5 login activity > 첫 로그인 timeout은 R5 retry로 5분 연장 0ms
 ✓ src/__tests__/recoveryCoordinator.test.ts > classifyError — A.5 R5 login activity > R5_MAX_EXTENSIONS 초과 시 B5 모달 0ms
 ✓ src/__tests__/recoveryCoordinator.test.ts > classifyError — B1/B2/B3 immediate blocks > HTTP 403은 즉시 B1 1ms
 ✓ src/__tests__/recoveryCoordinator.test.ts > classifyError — B1/B2/B3 immediate blocks > safety 키워드는 B2 0ms
 ✓ src/__tests__/recoveryCoordinator.test.ts > classifyError — B1/B2/B3 immediate blocks > HTTP 429는 B3 0ms
 ✓ src/__tests__/recoveryCoordinator.test.ts > classifyError — B6 Flow UI change > FLOW_NEW_PROJECT_BUTTON_NOT_FOUND은 B6 1ms
 ✓ src/__tests__/recoveryCoordinator.test.ts > RecoveryCoordinator — heading isolation (E) > startHeading 호출 시 모든 카운터 리셋된다 5ms
 ✓ src/__tests__/recoveryCoordinator.test.ts > RecoveryCoordinator — heading isolation (E) > decide 전에 startHeading 안 부르면 throw 2ms
 ✓ src/__tests__/recoveryCoordinator.test.ts > RecoveryCoordinator — toast on retry > applyRetry 시 toast 1회 호출 1ms
 ✓ src/__tests__/recoveryCoordinator.test.ts > RecoveryCoordinator — modal flushes checkpoint (M-4) > showBlockingModal 호출 시 flush 먼저 실행 3ms
 ✓ src/__tests__/recoveryCoordinator.test.ts > RecoveryCoordinator — modal flushes checkpoint (M-4) > modalNotifier 부재 시 fallback choice가 cancel 1ms
 ✓ src/__tests__/recoveryCoordinator.test.ts > Silent fallback absence (C.1) > classifier가 imageSource나 model을 변경하지 않는다 1ms
 ✓ src/__tests__/recoveryCoordinator.test.ts > Silent fallback absence (C.1) > any block decision은 사용자 choice 없이 자동 진행되지 않는다 2ms
 ✓ src/__tests__/recoveryCoordinator.test.ts > Phase 6 — C3: IMAGEFX_QUOTA_EXCEEDED → B3 (not B4) > IMAGEFX_QUOTA_EXCEEDED는 B3 모달로 분류 1ms
 ✓ src/__tests__/recoveryCoordinator.test.ts > Phase 6 — C3: IMAGEFX_QUOTA_EXCEEDED → B3 (not B4) > PLAYWRIGHT_INSTALL_FAILED는 B4 모달로 분류 0ms
 ✓ src/__tests__/recoveryCoordinator.test.ts > Phase 6 — C5: R6 small image classifier > FLOW_IMAGE_DOWNLOAD_TINY는 R6 retry (5초 대기) 1ms
 ✓ src/__tests__/recoveryCoordinator.test.ts > Phase 6 — C5: R6 small image classifier > R6 이미 시도한 헤딩은 skip-heading 0ms
 ✓ src/__tests__/recoveryCoordinator.test.ts > Phase 6 — C4: 503 storm guard > 503 누적 임계 도달 시 B3로 escalate 0ms
 ✓ src/__tests__/recoveryCoordinator.test.ts > Phase 6 — C4: 503 storm guard > 첫 503은 R2 retry (storm 미발동) 0ms
 ✓ src/__tests__/recoveryCoordinator.test.ts > Phase 6 — V2: ReDoS 방어 (긴 입력 길이 상한) > 1000자 이상 errorMessage는 잘려서 처리됨 (regex 폭주 없음) 1ms
 ✓ src/__tests__/recoveryCoordinator.test.ts > Phase 6 — C8: heading-level outcome counters > headingsAttempted/Succeeded/Skipped 추적 1ms
 ✓ src/__tests__/recoveryCoordinator.test.ts > Recovery metrics (D) > 성공 시도 누적 + avgRecoveryMs 계산 0ms
 ✓ src/__tests__/recoveryCoordinator.test.ts > Recovery metrics (D) > 모달 노출 횟수 + user choice 분포 0ms
 ✓ src/__tests__/trend.test.ts > resolveSeason — 계절 분기 > 3~5월은 봄 6ms
 ✓ src/__tests__/trend.test.ts > resolveSeason — 계절 분기 > 6~8월은 여름 0ms
 ✓ src/__tests__/trend.test.ts > resolveSeason — 계절 분기 > 9~11월은 가을 1ms
 ✓ src/__tests__/trend.test.ts > resolveSeason — 계절 분기 > 12~2월은 겨울 1ms
 ✓ src/__tests__/trend.test.ts > resolveSeason — 계절 분기 > 잘못된 날짜는 throw 1ms
 ✓ src/__tests__/trend.test.ts > resolveSeason — 한국 시즌 이벤트 > 5월은 가정의 달 2ms
 ✓ src/__tests__/trend.test.ts > resolveSeason — 한국 시즌 이벤트 > 11월 25일은 수능 기간 + 연말 쇼핑 1ms
 ✓ src/__tests__/trend.test.ts > resolveSeason — 한국 시즌 이벤트 > 해를 넘기는 이벤트(12/20~1/10) 1ms
 ✓ src/__tests__/trend.test.ts > resolveSeason — 한국 시즌 이벤트 > 이벤트 없는 날 (예: 6월 20일) 0ms
 ✓ src/__tests__/trend.test.ts > buildSeasonPromptBlock > 이벤트 있을 때 블록 생성 1ms
 ✓ src/__tests__/trend.test.ts > buildSeasonPromptBlock > 이벤트 없을 때도 안전 출력 0ms
 ✓ src/__tests__/trend.test.ts > TrendCache > miss → set → hit 1ms
 ✓ src/__tests__/trend.test.ts > TrendCache > TTL 만료 0ms
 ✓ src/__tests__/trend.test.ts > TrendCache > maxSize 초과 evict 2ms
 ✓ src/__tests__/trend.test.ts > TrendCache > 잘못된 maxSize·TTL은 throw 1ms
 ✓ src/__tests__/trend.test.ts > isTrendInjectEnabled > forceFlag=true → ON 1ms
 ✓ src/__tests__/trend.test.ts > isTrendInjectEnabled > forceFlag=false → OFF 0ms
 ✓ src/__tests__/trend.test.ts > isTrendInjectEnabled > env 미설정 → OFF 0ms
 ✓ src/__tests__/trend.test.ts > isTrendInjectEnabled > env=on → ON 0ms
 ✓ src/__tests__/trend.test.ts > collectTrend — 정상·OFF·캐시 > flag OFF → enabled=false, 호출 없음 3ms
 ✓ src/__tests__/trend.test.ts > collectTrend — 정상·OFF·캐시 > flag ON 정상 fetch 1ms
 ✓ src/__tests__/trend.test.ts > collectTrend — 정상·OFF·캐시 > 빈 seedTerm은 명시 fallback 1ms
 ✓ src/__tests__/trend.test.ts > collectTrend — 정상·OFF·캐시 > fetch 실패는 명시 reason 1ms
 ✓ src/__tests__/trend.test.ts > collectTrend — 정상·OFF·캐시 > cache hit 시 source=cache + fetcher 호출 안 함 1ms
 ✓ src/__tests__/trend.test.ts > buildTrendPromptBlock > keywords 있을 때 블록 생성 0ms
 ✓ src/__tests__/trend.test.ts > buildTrendPromptBlock > 비활성·빈 결과는 빈 문자열 0ms
 ✓ src/__tests__/rag.test.ts > cosineSimilarity > 동일 벡터는 1 3ms
 ✓ src/__tests__/rag.test.ts > cosineSimilarity > 직교 벡터는 0 1ms
 ✓ src/__tests__/rag.test.ts > cosineSimilarity > 영벡터는 0 0ms
 ✓ src/__tests__/rag.test.ts > cosineSimilarity > 차원 불일치는 throw 1ms
 ✓ src/__tests__/rag.test.ts > InMemoryVectorStore > upsert + size 3ms
 ✓ src/__tests__/rag.test.ts > InMemoryVectorStore > 차원 불일치 upsert는 throw 2ms
 ✓ src/__tests__/rag.test.ts > InMemoryVectorStore > 빈 vector·id는 throw 1ms
 ✓ src/__tests__/rag.test.ts > InMemoryVectorStore > search top-K + score 정렬 2ms
 ✓ src/__tests__/rag.test.ts > InMemoryVectorStore > minScore 임계 미만 제외 1ms
 ✓ src/__tests__/rag.test.ts > InMemoryVectorStore > metadata filter 1ms
 ✓ src/__tests__/rag.test.ts > InMemoryVectorStore > delete 후 빈 store는 dim 리셋 0ms
 ✓ src/__tests__/rag.test.ts > InMemoryVectorStore > clear 0ms
 ✓ src/__tests__/rag.test.ts > InMemoryVectorStore > 빈 store search → 빈 배열 1ms
 ✓ src/__tests__/rag.test.ts > HashEmbedder > 결정론 — 같은 텍스트는 같은 벡터 1ms
 ✓ src/__tests__/rag.test.ts > HashEmbedder > 빈 텍스트는 0 벡터 1ms
 ✓ src/__tests__/rag.test.ts > HashEmbedder > L2 정규화 (norm ≈ 1) 1ms
 ✓ src/__tests__/rag.test.ts > HashEmbedder > embedBatch 0ms
 ✓ src/__tests__/rag.test.ts > HashEmbedder > dim 16 미만 또는 4096 초과는 throw 1ms
 ✓ src/__tests__/rag.test.ts > Retriever (createRetriever) > upsertDocument + search 1ms
 ✓ src/__tests__/rag.test.ts > Retriever (createRetriever) > upsertDocuments 배치 1ms
 ✓ src/__tests__/rag.test.ts > Retriever (createRetriever) > 빈 query → 빈 결과 0ms
 ✓ src/__tests__/rag.test.ts > Retriever (createRetriever) > embedder 없이 createRetriever 호출은 throw 0ms
 ✓ src/__tests__/publishMetadataRecorder.test.ts > recordPublishMeta — core contract > persists a record with validation success 8ms
 ✓ src/__tests__/publishMetadataRecorder.test.ts > recordPublishMeta — core contract > persists a record with validation failure 3ms
 ✓ src/__tests__/publishMetadataRecorder.test.ts > recordPublishMeta — core contract > generates an auto postId when none is provided 3ms
 ✓ src/__tests__/publishMetadataRecorder.test.ts > recordPublishMeta — core contract > uses CURRENT_PROMPT_VERSION when no version is provided 2ms
 ✓ src/__tests__/publishMetadataRecorder.test.ts > recordPublishMeta — core contract > treats missing validation as pass=true, issueCount=0 3ms
 ✓ src/__tests__/publishMetadataRecorder.test.ts > collectEnabledFeatures > extracts only the true flags 1ms
 ✓ src/__tests__/publishMetadataRecorder.test.ts > collectEnabledFeatures > returns empty array when all flags are off 1ms
 ✓ src/__tests__/publishMetadataRecorder.test.ts > collectEnabledFeatures > returns empty array for empty input 1ms
 ✓ src/__tests__/publishedPostTracker.test.ts > trackPublishedPost + loadPublishedPosts > 새 글 추가 + 로드 9ms
 ✓ src/__tests__/publishedPostTracker.test.ts > trackPublishedPost + loadPublishedPosts > maxPosts 초과 시 오래된 것 제거 7ms
 ✓ src/__tests__/publishedPostTracker.test.ts > trackPublishedPost + loadPublishedPosts > 파일 없으면 빈 배열 3ms
 ✓ src/__tests__/publishedPostTracker.test.ts > getPostsNeedingExposureCheck > 24시간 후 글 검출 — 시간 윈도우 내 2ms
 ✓ src/__tests__/publishedPostTracker.test.ts > getPostsNeedingExposureCheck > 이미 같은 시점 체크한 글은 skip 2ms
 ✓ src/__tests__/publishedPostTracker.test.ts > getPostsNeedingExposureCheck > 너무 늦은 글 제외 (±6h 윈도우) 2ms
 ✓ src/__tests__/publishedPostTracker.test.ts > recordExposureCheck > 체크 결과 추가 4ms
 ✓ src/__tests__/publishedPostTracker.test.ts > splitExposureGroups > 노출/비노출/미확인 그룹 분리 2ms
 ✓ src/__tests__/publishedPostTracker.test.ts > matchPostInCards (exposureChecker) > blogId + logNo 매칭 2ms
 ✓ src/__tests__/publishedPostTracker.test.ts > matchPostInCards (exposureChecker) > 대소문자 무관 1ms
 ✓ src/__tests__/publishedPostTracker.test.ts > computeCalibration > 10건 미만이면 canCalibrate=false 4ms
 ✓ src/__tests__/publishedPostTracker.test.ts > computeCalibration > 노출 ≥3건 + 비노출 ≥3건이면 calibrate 가능 2ms
 ✓ src/__tests__/publishedPostTracker.test.ts > computeCalibration > 권장 임계는 노출 글 하위 25% 4ms
 ✓ src/__tests__/publishedPostTracker.test.ts > clearPublishedPosts > 전체 삭제 4ms
 ✓ src/__tests__/qualityEvaluator.test.ts > qualityEvaluator — Phase 1 통합 평가 > SEO 모드 평가가 정상 점수 반환 8ms
 ✓ src/__tests__/qualityEvaluator.test.ts > qualityEvaluator — Phase 1 통합 평가 > homefeed 모드는 humanlike 가중치 높음 2ms
 ✓ src/__tests__/qualityEvaluator.test.ts > qualityEvaluator — Phase 1 통합 평가 > affiliate 모드 평가가 가격/스펙 신호 감지 2ms
 ✓ src/__tests__/qualityEvaluator.test.ts > qualityEvaluator — Phase 1 통합 평가 > AI 보고체 다수 글은 humanlike 낮음 1ms
 ✓ src/__tests__/qualityEvaluator.test.ts > qualityEvaluator — Phase 1 통합 평가 > Decision은 finalScore 기반 정확히 분기 1ms
 ✓ src/__tests__/qualityEvaluator.test.ts > qualityEvaluator — Phase 1 통합 평가 > retryDirective는 pass면 null, 아니면 문자열 1ms
 ✓ src/__tests__/qualityEvaluator.test.ts > qualityEvaluator — Phase 1 통합 평가 > rawText 있을 때 fidelity 점수 포함 1ms
 ✓ src/__tests__/qualityEvaluator.test.ts > qualityEvaluator — Phase 1 통합 평가 > rawText 짧으면 fidelity 제외 (hallucination + forbidden 50/50) 1ms
 ✓ src/__tests__/qualityEvaluator.test.ts > qualityEvaluator — Phase 1 통합 평가 > Phase 2.5.1 — 구체 수치(단위 포함)는 일반 숫자보다 높은 SEO 점수 1ms
 ✓ src/__tests__/qualityEvaluator.test.ts > qualityEvaluator — Phase 1 통합 평가 > Phase 2.5.2 — AI 도입부 클리셰는 humanlike 점수 차감 1ms
 ✓ src/__tests__/qualityEvaluator.test.ts > qualityEvaluator — Phase 1 통합 평가 > Phase 2.5.3 — 직접 경험 표현은 humanlike 가산점 1ms
 ✓ src/__tests__/qualityEvaluator.test.ts > qualityEvaluator — Phase 1 통합 평가 > Phase 2.1 — safety < 50 시 decision regenerate 1ms
 ✓ src/__tests__/qualityEvaluator.test.ts > qualityEvaluator — Phase 1 통합 평가 > finalScore는 0~100 범위 2ms
 ✓ src/__tests__/titleScoringV2.test.ts > scoreTitles v2.7.17 — 5 Opus 합의 검증 > 1. 모드별 자수 (LENGTH_RULES) > SEO: 25~40자 최적 +15점 5ms
 ✓ src/__tests__/titleScoringV2.test.ts > scoreTitles v2.7.17 — 5 Opus 합의 검증 > 1. 모드별 자수 (LENGTH_RULES) > 홈판: 28~42자 최적 +15점 1ms
 ✓ src/__tests__/titleScoringV2.test.ts > scoreTitles v2.7.17 — 5 Opus 합의 검증 > 1. 모드별 자수 (LENGTH_RULES) > 자수 위반(50자 초과) -30점 1ms
 ✓ src/__tests__/titleScoringV2.test.ts > scoreTitles v2.7.17 — 5 Opus 합의 검증 > 2. 빈 수식어 블랙리스트 (즉시 0점) > "효과가 좋은 다이어트 핵심 포인트" → 0점 1ms
 ✓ src/__tests__/titleScoringV2.test.ts > scoreTitles v2.7.17 — 5 Opus 합의 검증 > 2. 빈 수식어 블랙리스트 (즉시 0점) > "필라테스 결정적 이유" → 0점 0ms
 ✓ src/__tests__/titleScoringV2.test.ts > scoreTitles v2.7.17 — 5 Opus 합의 검증 > 2. 빈 수식어 블랙리스트 (즉시 0점) > "이거 진짜 놀라운 변화 가져옴" → 0점 0ms
 ✓ src/__tests__/titleScoringV2.test.ts > scoreTitles v2.7.17 — 5 Opus 합의 검증 > 2. 빈 수식어 블랙리스트 (즉시 0점) > "운동의 완벽 정리" → 0점 0ms
 ✓ src/__tests__/titleScoringV2.test.ts > scoreTitles v2.7.17 — 5 Opus 합의 검증 > 2. 빈 수식어 블랙리스트 (즉시 0점) > "대박 효과 가져온 운동" → 0점 0ms
 ✓ src/__tests__/titleScoringV2.test.ts > scoreTitles v2.7.17 — 5 Opus 합의 검증 > 3. 금지 어미 (즉시 0점) > "강남 필라테스 진짜 뜨거워요" → 0점 0ms
 ✓ src/__tests__/titleScoringV2.test.ts > scoreTitles v2.7.17 — 5 Opus 합의 검증 > 3. 금지 어미 (즉시 0점) > "이번 효과 정말 예상돼요" → 0점 1ms
 ✓ src/__tests__/titleScoringV2.test.ts > scoreTitles v2.7.17 — 5 Opus 합의 검증 > 3. 금지 어미 (즉시 0점) > "최근 운동 화제예요" → 0점 0ms
 ✓ src/__tests__/titleScoringV2.test.ts > scoreTitles v2.7.17 — 5 Opus 합의 검증 > 3. 금지 어미 (즉시 0점) > "검색해도 정리해보겠습니다" → 0점 0ms
 ✓ src/__tests__/titleScoringV2.test.ts > scoreTitles v2.7.17 — 5 Opus 합의 검증 > 4. 광고법 위반 (Business 즉시 0점) > "100% 만족 보장" → Business 0점 1ms
 ✓ src/__tests__/titleScoringV2.test.ts > scoreTitles v2.7.17 — 5 Opus 합의 검증 > 4. 광고법 위반 (Business 즉시 0점) > "업계 1위" → Business 0점 1ms
 ✓ src/__tests__/titleScoringV2.test.ts > scoreTitles v2.7.17 — 5 Opus 합의 검증 > 4. 광고법 위반 (Business 즉시 0점) > SEO 모드에서는 같은 표현이 0점 아님 (Business 전용) 1ms
 ✓ src/__tests__/titleScoringV2.test.ts > scoreTitles v2.7.17 — 5 Opus 합의 검증 > 5. 어미 다양성 (5개 후보 비교) > 같은 어미 2개 이상 → 충돌 -30 0ms
 ✓ src/__tests__/titleScoringV2.test.ts > scoreTitles v2.7.17 — 5 Opus 합의 검증 > 6. 홈판 폭발 감정 단어 -50 (Reviewer C4 핵심) > "충격" 단어 → -50점 0ms
 ✓ src/__tests__/titleScoringV2.test.ts > scoreTitles v2.7.17 — 5 Opus 합의 검증 > 6. 홈판 폭발 감정 단어 -50 (Reviewer C4 핵심) > SEO 모드에서는 감정 단어 페널티 없음 0ms
 ✓ src/__tests__/titleScoringV2.test.ts > scoreTitles v2.7.17 — 5 Opus 합의 검증 > 7. 인지 함정 (홈판/어필 +15) > "따로 있었다" 함정 → 가점 0ms
 ✓ src/__tests__/titleScoringV2.test.ts > scoreTitles v2.7.17 — 5 Opus 합의 검증 > 7. 인지 함정 (홈판/어필 +15) > 홈판에서 함정 0개 → -20 1ms
 ✓ src/__tests__/titleScoringV2.test.ts > scoreTitles v2.7.17 — 5 Opus 합의 검증 > 7. 인지 함정 (홈판/어필 +15) > SEO 모드에서는 함정 페널티 없음 0ms
 ✓ src/__tests__/titleScoringV2.test.ts > scoreTitles v2.7.17 — 5 Opus 합의 검증 > 8. AI 못 대체 4영역 (홈판/어필 +20) > "써본" 체험 키워드 → +10~20 0ms
 ✓ src/__tests__/titleScoringV2.test.ts > scoreTitles v2.7.17 — 5 Opus 합의 검증 > 8. AI 못 대체 4영역 (홈판/어필 +20) > "평생 후회" 공감서사 → +10~20 0ms
 ✓ src/__tests__/titleScoringV2.test.ts > scoreTitles v2.7.17 — 5 Opus 합의 검증 > 8. AI 못 대체 4영역 (홈판/어필 +20) > Business 모드는 가점 없음 0ms
 ✓ src/__tests__/titleScoringV2.test.ts > scoreTitles v2.7.17 — 5 Opus 합의 검증 > 9. 가운뎃점/세미콜론 즉시 0점 > "·" 가운뎃점 → 0점 0ms
 ✓ src/__tests__/titleScoringV2.test.ts > scoreTitles v2.7.17 — 5 Opus 합의 검증 > 10. 종합 — 영상 권장 vs 비권장 제목 비교 > 영상 권장 패턴 > 영상 비권장 패턴 0ms
 ✓ src/__tests__/titleScoringV2.test.ts > scoreTitles v2.7.17 — 5 Opus 합의 검증 > 10. 종합 — 영상 권장 vs 비권장 제목 비교 > Business 권장 (구체 숫자) > 비권장 (추상) 0ms
 ✓ src/__tests__/titleScoringV2.test.ts > scoreTitles v2.7.17 — 회귀 방지 (Phase 1 Day 6-7) > mode 파라미터 미지정 시 homefeed 폴백 (호환성) 0ms
 ✓ src/__tests__/titleScoringV2.test.ts > scoreTitles v2.7.17 — 회귀 방지 (Phase 1 Day 6-7) > 빈 배열 처리 1ms
 ✓ src/__tests__/titleScoringV2.test.ts > scoreTitles v2.7.17 — 회귀 방지 (Phase 1 Day 6-7) > 점수 0~100 범위 보장 (clamp) 0ms
stdout | src/__tests__/seoValidators.test.ts > validateContent — SEO mode integration > does NOT run SEO scanners when mode is not seo (default)
[QualityChecker] ✅ Critical 위반 없음

stdout | src/__tests__/seoValidators.test.ts > validateContent — SEO mode integration > runs SEO scanners and reports metrics when mode=seo
[QualityChecker] ✅ Critical 위반 없음

stdout | src/__tests__/seoValidators.test.ts > validateContent — SEO mode integration > passes clean SEO content without SEO warnings
[QualityChecker] ✅ Critical 위반 없음

 ✓ src/__tests__/selectorRegistry.test.ts > 셀렉터 레지스트리 구조 > SELECTORS 통합 객체가 5개 카테고리를 포함한다 3ms
 ✓ src/__tests__/selectorRegistry.test.ts > 셀렉터 레지스트리 구조 > 각 카테고리에 최소 1개 이상의 셀렉터가 있다 1ms
 ✓ src/__tests__/selectorRegistry.test.ts > SelectorEntry 구조 검증 > 로그인 셀렉터가 유효하다 3ms
 ✓ src/__tests__/selectorRegistry.test.ts > SelectorEntry 구조 검증 > 에디터 셀렉터가 유효하다 5ms
 ✓ src/__tests__/selectorRegistry.test.ts > SelectorEntry 구조 검증 > 발행 셀렉터가 유효하다 4ms
 ✓ src/__tests__/selectorRegistry.test.ts > SelectorEntry 구조 검증 > 이미지 셀렉터가 유효하다 2ms
 ✓ src/__tests__/selectorRegistry.test.ts > SelectorEntry 구조 검증 > CTA 셀렉터가 유효하다 2ms
 ✓ src/__tests__/selectorRegistry.test.ts > getAllSelectors > primary + fallbacks를 순서대로 반환한다 0ms
 ✓ src/__tests__/selectorRegistry.test.ts > getAllSelectors > 모든 요소가 문자열이다 1ms
 ✓ src/__tests__/selectorRegistry.test.ts > getSelectorStrings > getAllSelectors와 동일한 결과를 반환한다 2ms
 ✓ src/__tests__/selectorRegistry.test.ts > 핵심 셀렉터 존재 확인 > 로그인에 필요한 셀렉터가 존재한다 1ms
 ✓ src/__tests__/selectorRegistry.test.ts > 핵심 셀렉터 존재 확인 > 발행에 필요한 셀렉터가 존재한다 0ms
 ✓ src/__tests__/selectorRegistry.test.ts > 핵심 셀렉터 존재 확인 > 에디터에 필요한 셀렉터가 존재한다 0ms
 ✓ src/__tests__/selectorRegistry.test.ts > 핵심 셀렉터 존재 확인 > 이미지 관련 셀렉터가 존재한다 0ms
 ✓ src/__tests__/selectorRegistry.test.ts > 셀렉터 중복 검사 > 로그인/발행/CTA 카테고리에서 primary 셀렉터가 중복되지 않는다 1ms
 ✓ src/__tests__/selectorRegistry.test.ts > 셀렉터 총 개수 > 총 76개 이상의 셀렉터 엔트리가 있다 0ms
 ✓ src/__tests__/seoValidators.test.ts > scanDefinitionFirstSentences > detects "A는 B이다" pattern 4ms
 ✓ src/__tests__/seoValidators.test.ts > scanDefinitionFirstSentences > detects "핵심은 ~" pattern 1ms
 ✓ src/__tests__/seoValidators.test.ts > scanDefinitionFirstSentences > detects "결론부터 말하면 ~" pattern 1ms
 ✓ src/__tests__/seoValidators.test.ts > scanDefinitionFirstSentences > skips non-definition emotional openings 2ms
 ✓ src/__tests__/seoValidators.test.ts > scanDefinitionFirstSentences > reports ratio across multiple headings 1ms
 ✓ src/__tests__/seoValidators.test.ts > scanMainKeywordPosition > returns emptyInput=true when no keyword provided 1ms
 ✓ src/__tests__/seoValidators.test.ts > scanMainKeywordPosition > detects keyword in first 3 chars of title 1ms
 ✓ src/__tests__/seoValidators.test.ts > scanMainKeywordPosition > flags keyword not in title first 3 chars 0ms
 ✓ src/__tests__/seoValidators.test.ts > scanMainKeywordPosition > detects conclusion keyword mention 1ms
 ✓ src/__tests__/seoValidators.test.ts > scanMainKeywordPosition > counts occurrences across the full document 1ms
 ✓ src/__tests__/seoValidators.test.ts > scanFaqHeadings > recognizes question marks 1ms
 ✓ src/__tests__/seoValidators.test.ts > scanFaqHeadings > recognizes interrogative words without ? 1ms
 ✓ src/__tests__/seoValidators.test.ts > scanFaqHeadings > flags count outside recommended 1~2 range when >=3 headings 0ms
 ✓ src/__tests__/seoValidators.test.ts > scanLongtailDepth (W4) > warns on 1-word keyword shorter than 6 chars 1ms
 ✓ src/__tests__/seoValidators.test.ts > scanLongtailDepth (W4) > does not warn on a 3-word long-tail keyword 1ms
 ✓ src/__tests__/seoValidators.test.ts > scanLongtailDepth (W4) > detects title modifiers (numeric/target/condition) 1ms
 ✓ src/__tests__/seoValidators.test.ts > scanLongtailDepth (W4) > flags title without any modifier 0ms
 ✓ src/__tests__/seoValidators.test.ts > scanLongtailDepth (W4) > counts body concreteness signals 0ms
 ✓ src/__tests__/seoValidators.test.ts > validateContent — SEO mode integration > does NOT run SEO scanners when mode is not seo (default) 5ms
 ✓ src/__tests__/seoValidators.test.ts > validateContent — SEO mode integration > runs SEO scanners and reports metrics when mode=seo 2ms
 ✓ src/__tests__/seoValidators.test.ts > validateContent — SEO mode integration > passes clean SEO content without SEO warnings 1ms
stderr | src/__tests__/featureFlagConfig.test.ts > isFeatureEnabled — default-on behavior > handles corrupt config by treating as empty (all on)
[featureFlagConfig] read failed, using defaults: SyntaxError: Expected property name or '}' in JSON at position 1
    at JSON.parse (<anonymous>)
    at readConfig (C:/Users/박성현/Desktop/리더 네이버 자동화/src/services/featureFlagConfig.ts:58:27)
    at isFeatureEnabled (C:/Users/박성현/Desktop/리더 네이버 자동화/src/services/featureFlagConfig.ts:78:18)
    at C:/Users/박성현/Desktop/리더 네이버 자동화/src/__tests__/featureFlagConfig.test.ts:48:12
    at file:///C:/Users/%EB%B0%95%EC%84%B1%ED%98%84/Desktop/%EB%A6%AC%EB%8D%94%20%EB%84%A4%EC%9D%B4%EB%B2%84%20%EC%9E%90%EB%8F%99%ED%99%94/node_modules/@vitest/runner/dist/chunk-artifact.js:302:11
    at file:///C:/Users/%EB%B0%95%EC%84%B1%ED%98%84/Desktop/%EB%A6%AC%EB%8D%94%20%EB%84%A4%EC%9D%B4%EB%B2%84%20%EC%9E%90%EB%8F%99%ED%99%94/node_modules/@vitest/runner/dist/chunk-artifact.js:1903:26
    at file:///C:/Users/%EB%B0%95%EC%84%B1%ED%98%84/Desktop/%EB%A6%AC%EB%8D%94%20%EB%84%A4%EC%9D%B4%EB%B2%84%20%EC%9E%90%EB%8F%99%ED%99%94/node_modules/@vitest/runner/dist/chunk-artifact.js:2326:20
    at new Promise (<anonymous>)
    at runWithCancel (file:///C:/Users/%EB%B0%95%EC%84%B1%ED%98%84/Desktop/%EB%A6%AC%EB%8D%94%20%EB%84%A4%EC%9D%B4%EB%B2%84%20%EC%9E%90%EB%8F%99%ED%99%94/node_modules/@vitest/runner/dist/chunk-artifact.js:2323:10)
    at file:///C:/Users/%EB%B0%95%EC%84%B1%ED%98%84/Desktop/%EB%A6%AC%EB%8D%94%20%EB%84%A4%EC%9D%B4%EB%B2%84%20%EC%9E%90%EB%8F%99%ED%99%94/node_modules/@vitest/runner/dist/chunk-artifact.js:2305:20

 ✓ src/__tests__/modelIdValidation.test.ts > v1.4.77 — 실존 모델 ID 매트릭스 (2026-04) > OpenAI: sunset 임박 ID 호출 금지 > gpt-4o / gpt-4o-mini 직접 호출이 실제 코드에서 제거됨 (2026-03-31 sunset) 5ms
 ✓ src/__tests__/modelIdValidation.test.ts > v1.4.77 — 실존 모델 ID 매트릭스 (2026-04) > OpenAI: sunset 임박 ID 호출 금지 > 번역·이미지 분석은 gpt-4.1-mini로 교체됨 (literal 또는 modelRegistry SSOT) 2ms
 ✓ src/__tests__/modelIdValidation.test.ts > v1.4.77 — 실존 모델 ID 매트릭스 (2026-04) > OpenAI: sunset 임박 ID 호출 금지 > DALL-E 3 직접 호출 없음 (2026-05-12 제거 예정) 4ms
 ✓ src/__tests__/modelIdValidation.test.ts > v1.4.77 — 실존 모델 ID 매트릭스 (2026-04) > Claude: alias 정확성 (무접미사 사용 금지) > claude-opus-4-0 alias가 가격표에 존재 (Anthropic 공식 alias) 1ms
 ✓ src/__tests__/modelIdValidation.test.ts > v1.4.77 — 실존 모델 ID 매트릭스 (2026-04) > Claude: alias 정확성 (무접미사 사용 금지) > claude-sonnet-4-0 alias가 가격표에 존재 1ms
 ✓ src/__tests__/modelIdValidation.test.ts > v1.4.77 — 실존 모델 ID 매트릭스 (2026-04) > Claude: alias 정확성 (무접미사 사용 금지) > snapshot ID (claude-opus-4-20250514) 존재 0ms
 ✓ src/__tests__/modelIdValidation.test.ts > v1.4.77 — 실존 모델 ID 매트릭스 (2026-04) > Claude: alias 정확성 (무접미사 사용 금지) > Opus 4.5 snapshot (claude-opus-4-5-20251101) 존재 0ms
 ✓ src/__tests__/modelIdValidation.test.ts > v1.4.77 — 실존 모델 ID 매트릭스 (2026-04) > Claude: alias 정확성 (무접미사 사용 금지) > Haiku 4.5 snapshot (claude-haiku-4-5-20251001) 존재 0ms
 ✓ src/__tests__/modelIdValidation.test.ts > v1.4.77 — 실존 모델 ID 매트릭스 (2026-04) > Claude: alias 정확성 (무접미사 사용 금지) > Opus 4.7 (2026-04-16 출시, 현행 최신) 존재 0ms
 ✓ src/__tests__/modelIdValidation.test.ts > v1.4.77 — 실존 모델 ID 매트릭스 (2026-04) > Claude: alias 정확성 (무접미사 사용 금지) > Sonnet 4.6 (2026-02-17 출시, 현행 최신) 존재 0ms
 ✓ src/__tests__/modelIdValidation.test.ts > v1.4.77 — 실존 모델 ID 매트릭스 (2026-04) > Gemini: 실존 모델 ID 매핑 > Nano Banana(Pro/2) 매핑은 정식 GA gemini-2.5-flash-image로 통합됨 (v2.7.24+) 2ms
 ✓ src/__tests__/modelIdValidation.test.ts > v1.4.77 — 실존 모델 ID 매트릭스 (2026-04) > Gemini: 실존 모델 ID 매핑 > Gemini 2.0 Flash Exp은 image-generation suffix 형태로만 호출 (무료 실험 모델, 2026-06-01 shutdown 예정) 2ms
 ✓ src/__tests__/modelIdValidation.test.ts > v1.4.77 — 실존 모델 ID 매트릭스 (2026-04) > Gemini: 실존 모델 ID 매핑 > 텍스트 본문 생성은 gemini-2.5 계열만 (stable) 2ms
 ✓ src/__tests__/modelIdValidation.test.ts > v1.4.77 — 실존 모델 ID 매트릭스 (2026-04) > Perplexity: sonar-reasoning deprecated 처리 > sonar-reasoning-pro (현행 대체 모델)이 가격표에 존재 1ms
 ✓ src/__tests__/modelIdValidation.test.ts > v1.4.77 — 실존 모델 ID 매트릭스 (2026-04) > Perplexity: sonar-reasoning deprecated 처리 > 구 sonar-reasoning 키가 제거됨 (2025-12-15 deprecated) 1ms
 ✓ src/__tests__/modelIdValidation.test.ts > v1.4.77 — 실존 모델 ID 매트릭스 (2026-04) > Perplexity: sonar-reasoning deprecated 처리 > sonar / sonar-pro / sonar-deep-research는 여전히 존재 (API 유지) 1ms
 ✓ src/__tests__/modelIdValidation.test.ts > v1.4.77 — 실존 모델 ID 매트릭스 (2026-04) > sunset 경고 주석 존재 (Ops 가시성) > gpt-4o sunset 경고 주석이 코드에 남아있음 0ms
 ✓ src/__tests__/modelIdValidation.test.ts > v1.4.77 — 실존 모델 ID 매트릭스 (2026-04) > sunset 경고 주석 존재 (Ops 가시성) > DALL-E 3 sunset 경고 주석이 코드에 남아있음 0ms
 ✓ src/__tests__/featureFlagConfig.test.ts > isFeatureEnabled — default-on behavior > returns true when config file is absent 4ms
 ✓ src/__tests__/featureFlagConfig.test.ts > isFeatureEnabled — default-on behavior > returns true when config exists but flag key is missing 2ms
 ✓ src/__tests__/featureFlagConfig.test.ts > isFeatureEnabled — default-on behavior > returns false ONLY when explicitly disabled 3ms
 ✓ src/__tests__/featureFlagConfig.test.ts > isFeatureEnabled — default-on behavior > handles corrupt config by treating as empty (all on) 10ms
 ✓ src/__tests__/featureFlagConfig.test.ts > getEnabledFeatures > returns all flags when config absent 2ms
 ✓ src/__tests__/featureFlagConfig.test.ts > getEnabledFeatures > filters out explicitly disabled flags 2ms
 ✓ src/__tests__/benchmarkAnalyzer.test.ts > extractHeadings > # ## ### 헤딩 모두 레벨·텍스트·위치 반환 5ms
 ✓ src/__tests__/benchmarkAnalyzer.test.ts > extractHeadings > 빈 입력은 빈 배열 0ms
 ✓ src/__tests__/benchmarkAnalyzer.test.ts > extractHeadings > # 없으면 빈 배열 0ms
 ✓ src/__tests__/benchmarkAnalyzer.test.ts > tokenizeKorean > 한글 2자+ · 영문 3자+ 추출, stopword 제거 2ms
 ✓ src/__tests__/benchmarkAnalyzer.test.ts > tokenizeKorean > 빈 입력은 빈 배열 0ms
 ✓ src/__tests__/benchmarkAnalyzer.test.ts > topKeywords > 빈도 상위 N개 반환 1ms
 ✓ src/__tests__/benchmarkAnalyzer.test.ts > topKeywords > 빈 토큰은 빈 결과 0ms
 ✓ src/__tests__/benchmarkAnalyzer.test.ts > analyzeBenchmark — 정상 분석 > charCount·헤딩·키워드·구조 시그니처 반환 3ms
 ✓ src/__tests__/benchmarkAnalyzer.test.ts > analyzeBenchmark — 정상 분석 > avgHeadingDistance가 0보다 큼 1ms
 ✓ src/__tests__/benchmarkAnalyzer.test.ts > analyzeBenchmark — fallback (silent 위조 X) > 200자 미만은 fallbackReason 명시 1ms
 ✓ src/__tests__/benchmarkAnalyzer.test.ts > analyzeBenchmark — fallback (silent 위조 X) > 빈 본문도 안전 처리 0ms
 ✓ src/__tests__/benchmarkAnalyzer.test.ts > aggregateBenchmarks > 빈 배열은 zero 통계 1ms
 ✓ src/__tests__/benchmarkAnalyzer.test.ts > aggregateBenchmarks > 카테고리별 카운트 + 시그니처 빈도 3ms
 ✓ src/__tests__/benchmarkAnalyzer.test.ts > aggregateBenchmarks > 짧은 본문(invalid) 분석 결과는 집계에서 제외 1ms
 ✓ src/__tests__/flowOverlayPatterns.test.ts > OVERLAY_URL_RE — iframe overlay URL 매칭 > 실제 changelog URL (사용자 디버그) 3ms
 ✓ src/__tests__/flowOverlayPatterns.test.ts > OVERLAY_URL_RE — iframe overlay URL 매칭 > overlay 판정: https://x.com/changelog/2026-05-09.html 1ms
 ✓ src/__tests__/flowOverlayPatterns.test.ts > OVERLAY_URL_RE — iframe overlay URL 매칭 > overlay 판정: https://x.com/changelogs/abc.html 0ms
 ✓ src/__tests__/flowOverlayPatterns.test.ts > OVERLAY_URL_RE — iframe overlay URL 매칭 > overlay 판정: https://x.com/whats_new.html 0ms
 ✓ src/__tests__/flowOverlayPatterns.test.ts > OVERLAY_URL_RE — iframe overlay URL 매칭 > overlay 판정: https://x.com/whats-new/v2.html 0ms
 ✓ src/__tests__/flowOverlayPatterns.test.ts > OVERLAY_URL_RE — iframe overlay URL 매칭 > overlay 판정: https://x.com/whatsnew/index.html 0ms
 ✓ src/__tests__/flowOverlayPatterns.test.ts > OVERLAY_URL_RE — iframe overlay URL 매칭 > overlay 판정: https://x.com/banner/promo.html 0ms
 ✓ src/__tests__/flowOverlayPatterns.test.ts > OVERLAY_URL_RE — iframe overlay URL 매칭 > overlay 판정: https://x.com/survey/feedback.html 0ms
 ✓ src/__tests__/flowOverlayPatterns.test.ts > OVERLAY_URL_RE — iframe overlay URL 매칭 > overlay 판정: https://x.com/consent/cookies.html 0ms
 ✓ src/__tests__/flowOverlayPatterns.test.ts > OVERLAY_URL_RE — iframe overlay URL 매칭 > overlay 판정: https://x.com/onboarding/tour.html 1ms
 ✓ src/__tests__/flowOverlayPatterns.test.ts > OVERLAY_URL_RE — iframe overlay URL 매칭 > overlay 판정: https://x.com/promo/spring2026.html 0ms
 ✓ src/__tests__/flowOverlayPatterns.test.ts > OVERLAY_URL_RE — iframe overlay URL 매칭 > 정상 URL (false): https://media.getMediaUrlRedirect/abc 0ms
 ✓ src/__tests__/flowOverlayPatterns.test.ts > OVERLAY_URL_RE — iframe overlay URL 매칭 > 정상 URL (false): https://flowMedia.googleapis.com/abc 0ms
 ✓ src/__tests__/flowOverlayPatterns.test.ts > OVERLAY_URL_RE — iframe overlay URL 매칭 > 정상 URL (false): https://googleusercontent.com/abc 0ms
 ✓ src/__tests__/flowOverlayPatterns.test.ts > OVERLAY_URL_RE — iframe overlay URL 매칭 > 정상 URL (false): https://accounts.google.com/signin 0ms
 ✓ src/__tests__/flowOverlayPatterns.test.ts > OVERLAY_URL_RE — iframe overlay URL 매칭 > 정상 URL (false): https://labs.google/fx/tools/flow 0ms
 ✓ src/__tests__/flowOverlayPatterns.test.ts > OVERLAY_URL_RE — iframe overlay URL 매칭 > 정상 URL (false): https://example.com/api/v1/users 0ms
 ✓ src/__tests__/flowOverlayPatterns.test.ts > OVERLAY_URL_RE — iframe overlay URL 매칭 > 정상 URL (false):  0ms
 ✓ src/__tests__/flowOverlayPatterns.test.ts > OVERLAY_URL_RE — iframe overlay URL 매칭 > null/undefined 안전 0ms
 ✓ src/__tests__/flowOverlayPatterns.test.ts > OVERLAY_TEXT_RE — dialog 텍스트 매칭 > overlay text: What's new in Flow 1ms
 ✓ src/__tests__/flowOverlayPatterns.test.ts > OVERLAY_TEXT_RE — dialog 텍스트 매칭 > overlay text: Whats new — version 2 0ms
 ✓ src/__tests__/flowOverlayPatterns.test.ts > OVERLAY_TEXT_RE — dialog 텍스트 매칭 > overlay text: 새로운 기능을 확인하세요 0ms
 ✓ src/__tests__/flowOverlayPatterns.test.ts > OVERLAY_TEXT_RE — dialog 텍스트 매칭 > overlay text: 변경 사항이 있습니다 0ms
 ✓ src/__tests__/flowOverlayPatterns.test.ts > OVERLAY_TEXT_RE — dialog 텍스트 매칭 > overlay text: Take the tour 0ms
 ✓ src/__tests__/flowOverlayPatterns.test.ts > OVERLAY_TEXT_RE — dialog 텍스트 매칭 > overlay text: Guide me through 0ms
 ✓ src/__tests__/flowOverlayPatterns.test.ts > OVERLAY_TEXT_RE — dialog 텍스트 매칭 > overlay text: Welcome to onboarding! 0ms
 ✓ src/__tests__/flowOverlayPatterns.test.ts > OVERLAY_TEXT_RE — dialog 텍스트 매칭 > overlay text: 시작하기 가이드 0ms
 ✓ src/__tests__/flowOverlayPatterns.test.ts > OVERLAY_TEXT_RE — dialog 텍스트 매칭 > overlay text: 소개합니다 0ms
 ✓ src/__tests__/flowOverlayPatterns.test.ts > OVERLAY_TEXT_RE — dialog 텍스트 매칭 > 정상 dialog 텍스트는 false 0ms
 ✓ src/__tests__/flowOverlayPatterns.test.ts > SAFE_TEXT_RE — 화이트리스트 (로그인/입력) > safe text: Sign in to your account 0ms
 ✓ src/__tests__/flowOverlayPatterns.test.ts > SAFE_TEXT_RE — 화이트리스트 (로그인/입력) > safe text: 로그인하시겠습니까? 0ms
 ✓ src/__tests__/flowOverlayPatterns.test.ts > SAFE_TEXT_RE — 화이트리스트 (로그인/입력) > safe text: Enter email address 0ms
 ✓ src/__tests__/flowOverlayPatterns.test.ts > SAFE_TEXT_RE — 화이트리스트 (로그인/입력) > safe text: Password is required 0ms
 ✓ src/__tests__/flowOverlayPatterns.test.ts > SAFE_TEXT_RE — 화이트리스트 (로그인/입력) > safe text: 비밀번호를 입력하세요 0ms
 ✓ src/__tests__/flowOverlayPatterns.test.ts > SAFE_TEXT_RE — 화이트리스트 (로그인/입력) > safe text: prompt input 0ms
 ✓ src/__tests__/flowOverlayPatterns.test.ts > SAFE_TEXT_RE — 화이트리스트 (로그인/입력) > safe text: 프롬프트를 입력하세요 0ms
 ✓ src/__tests__/flowOverlayPatterns.test.ts > SAFE_TEXT_RE — 화이트리스트 (로그인/입력) > overlay 텍스트는 화이트리스트에 안 걸림 0ms
 ✓ src/__tests__/flowOverlayPatterns.test.ts > FLOW_CDN_RE — 이미지 응답 CDN URL > CDN 매칭: https://media.getMediaUrlRedirect/abc 0ms
 ✓ src/__tests__/flowOverlayPatterns.test.ts > FLOW_CDN_RE — 이미지 응답 CDN URL > CDN 매칭: https://www.googleusercontent.com/img/123 0ms
 ✓ src/__tests__/flowOverlayPatterns.test.ts > FLOW_CDN_RE — 이미지 응답 CDN URL > CDN 매칭: https://lh3.googleusercontent.com/proxy 0ms
 ✓ src/__tests__/flowOverlayPatterns.test.ts > FLOW_CDN_RE — 이미지 응답 CDN URL > CDN 매칭: https://www.gstatic.com/aitestkitchen/img.jpg 0ms
 ✓ src/__tests__/flowOverlayPatterns.test.ts > FLOW_CDN_RE — 이미지 응답 CDN URL > CDN 매칭: https://labs.google/api/flow/image 0ms
 ✓ src/__tests__/flowOverlayPatterns.test.ts > FLOW_CDN_RE — 이미지 응답 CDN URL > CDN 매칭: https://aitestkitchen.googleapis.com/img 0ms
 ✓ src/__tests__/flowOverlayPatterns.test.ts > FLOW_CDN_RE — 이미지 응답 CDN URL > CDN 매칭: https://flowMedia.example/abc 0ms
 ✓ src/__tests__/flowOverlayPatterns.test.ts > FLOW_CDN_RE — 이미지 응답 CDN URL > CDN 매칭: https://flow-media.example/abc 0ms
 ✓ src/__tests__/flowOverlayPatterns.test.ts > FLOW_CDN_RE — 이미지 응답 CDN URL > overlay URL은 CDN 매칭에서 사전 제외 0ms
 ✓ src/__tests__/flowOverlayPatterns.test.ts > FLOW_CDN_RE — 이미지 응답 CDN URL > 일반 외부 URL은 false 0ms
 ✓ src/__tests__/flowOverlayPatterns.test.ts > GENERATED_IMAGE_ALT_RE — alt 텍스트 다국어 14언어 > ko-1: 생성된 이미지 1ms
 ✓ src/__tests__/flowOverlayPatterns.test.ts > GENERATED_IMAGE_ALT_RE — alt 텍스트 다국어 14언어 > ko-2: 이미지 결과 0ms
 ✓ src/__tests__/flowOverlayPatterns.test.ts > GENERATED_IMAGE_ALT_RE — alt 텍스트 다국어 14언어 > ko-3: 생성됨 0ms
 ✓ src/__tests__/flowOverlayPatterns.test.ts > GENERATED_IMAGE_ALT_RE — alt 텍스트 다국어 14언어 > en-1: Generated image 0ms
 ✓ src/__tests__/flowOverlayPatterns.test.ts > GENERATED_IMAGE_ALT_RE — alt 텍스트 다국어 14언어 > en-2: Generated content 0ms
 ✓ src/__tests__/flowOverlayPatterns.test.ts > GENERATED_IMAGE_ALT_RE — alt 텍스트 다국어 14언어 > cn-simplified: 已生成 0ms
 ✓ src/__tests__/flowOverlayPatterns.test.ts > GENERATED_IMAGE_ALT_RE — alt 텍스트 다국어 14언어 > cn-image: 生成图像 0ms
 ✓ src/__tests__/flowOverlayPatterns.test.ts > GENERATED_IMAGE_ALT_RE — alt 텍스트 다국어 14언어 > jp-1: 生成された 0ms
 ✓ src/__tests__/flowOverlayPatterns.test.ts > GENERATED_IMAGE_ALT_RE — alt 텍스트 다국어 14언어 > fr-1: Image générée 0ms
 ✓ src/__tests__/flowOverlayPatterns.test.ts > GENERATED_IMAGE_ALT_RE — alt 텍스트 다국어 14언어 > es-1: Imagen generada 0ms
 ✓ src/__tests__/flowOverlayPatterns.test.ts > GENERATED_IMAGE_ALT_RE — alt 텍스트 다국어 14언어 > de-1: Generiertes Bild 0ms
 ✓ src/__tests__/flowOverlayPatterns.test.ts > GENERATED_IMAGE_ALT_RE — alt 텍스트 다국어 14언어 > it-1: Immagine generata 0ms
 ✓ src/__tests__/flowOverlayPatterns.test.ts > GENERATED_IMAGE_ALT_RE — alt 텍스트 다국어 14언어 > ru-1: Сгенерированное изображение 0ms
 ✓ src/__tests__/flowOverlayPatterns.test.ts > GENERATED_IMAGE_ALT_RE — alt 텍스트 다국어 14언어 > pt-1: Imagem Gerada 0ms
 ✓ src/__tests__/flowOverlayPatterns.test.ts > GENERATED_IMAGE_ALT_RE — alt 텍스트 다국어 14언어 > th-1: รูปภาพที่สร้างแล้ว 0ms
 ✓ src/__tests__/flowOverlayPatterns.test.ts > GENERATED_IMAGE_ALT_RE — alt 텍스트 다국어 14언어 > 일반 alt는 false 0ms
 ✓ src/__tests__/flowOverlayPatterns.test.ts > isReloadRecoverable — page.reload 폴백 트리거 조건 > recoverable: locator.click: Timeout 30000ms exceeded. 1ms
 ✓ src/__tests__/flowOverlayPatterns.test.ts > isReloadRecoverable — page.reload 폴백 트리거 조건 > recoverable: FLOW_PROMPT_INPUT_NOT_FOUND:Flow 프롬프트 입력창을 찾지 못했습니다. 0ms
 ✓ src/__tests__/flowOverlayPatterns.test.ts > isReloadRecoverable — page.reload 폴백 트리거 조건 > recoverable: FLOW_SUBMIT_BUTTON_NOT_FOUND:전송 버튼(arrow_forward)을 10초 내 찾지 못함. 0ms
 ✓ src/__tests__/flowOverlayPatterns.test.ts > isReloadRecoverable — page.reload 폴백 트리거 조건 > recoverable: FLOW_IMAGE_TIMEOUT:Flow 이미지 생성이 120초 안에 끝나지 않았습니다. 0ms
 ✓ src/__tests__/flowOverlayPatterns.test.ts > isReloadRecoverable — page.reload 폴백 트리거 조건 > recoverable: <iframe>...subtree intercepts pointer events 0ms
 ✓ src/__tests__/flowOverlayPatterns.test.ts > isReloadRecoverable — page.reload 폴백 트리거 조건 > non-recoverable (reload skip): FLOW_BROWSER_LAUNCH_FAILED:모든 브라우저 실행 실패 0ms
 ✓ src/__tests__/flowOverlayPatterns.test.ts > isReloadRecoverable — page.reload 폴백 트리거 조건 > non-recoverable (reload skip): FLOW_LOGIN_TIMEOUT:Google 로그인 시간이 30분을 넘었습니다 0ms
 ✓ src/__tests__/flowOverlayPatterns.test.ts > isReloadRecoverable — page.reload 폴백 트리거 조건 > non-recoverable (reload skip): FLOW_PROJECT_REDIRECT_TIMEOUT:URL 리다이렉트 30초 초과 0ms
 ✓ src/__tests__/flowOverlayPatterns.test.ts > isReloadRecoverable — page.reload 폴백 트리거 조건 > non-recoverable (reload skip): AdsPower 연결 실패 0ms
 ✓ src/__tests__/flowOverlayPatterns.test.ts > isReloadRecoverable — page.reload 폴백 트리거 조건 > non-recoverable (reload skip): EPERM: operation not permitted 0ms
 ✓ src/__tests__/flowOverlayPatterns.test.ts > isReloadRecoverable — page.reload 폴백 트리거 조건 > 빈 메시지는 false 0ms
 ✓ src/__tests__/flowOverlayPatterns.test.ts > 교차 검증 — 사용자 실제 디버그 로그 시나리오 > flow-debug-20260506 케이스: changelog iframe → reload trigger 1ms
 ✓ src/__tests__/flowOverlayPatterns.test.ts > 교차 검증 — 사용자 실제 디버그 로그 시나리오 > alt 텍스트 매칭 실패 케이스 (Google이 새 패턴 도입 가정) 0ms
 ✓ src/__tests__/flowOverlayPatterns.test.ts > 정규식 자체 검증 (회귀 방지) > OVERLAY_URL_RE는 i 플래그 (대소문자 무시) 0ms
 ✓ src/__tests__/flowOverlayPatterns.test.ts > 정규식 자체 검증 (회귀 방지) > GENERATED_IMAGE_ALT_RE는 i 플래그 0ms
 ✓ src/__tests__/flowOverlayPatterns.test.ts > 정규식 자체 검증 (회귀 방지) > FLOW_CDN_RE는 i 플래그 0ms
 ✓ src/__tests__/draftWriter.test.ts > buildDraftPrompt — 프롬프트 조립 > 페르소나 + 카테고리 + 주제 + 분량 지시 포함 5ms
 ✓ src/__tests__/draftWriter.test.ts > buildDraftPrompt — 프롬프트 조립 > minChars 800 미만은 800으로 강제 (분량 floor) 1ms
 ✓ src/__tests__/draftWriter.test.ts > buildDraftPrompt — 프롬프트 조립 > maxChars 6000 초과는 6000으로 ceiling 1ms
 ✓ src/__tests__/draftWriter.test.ts > buildDraftPrompt — 프롬프트 조립 > additionalContext 주입 0ms
 ✓ src/__tests__/draftWriter.test.ts > writeDraft — LLM 어댑터 동작 > 정상 LLM 응답으로 초안 반환 2ms
 ✓ src/__tests__/draftWriter.test.ts > writeDraft — LLM 어댑터 동작 > LLM 응답의 코드블록·메타 머리말 제거 2ms
 ✓ src/__tests__/draftWriter.test.ts > writeDraft — 명시 오류 (silent 폴백 X) > chainResult.enabled=false면 명시 throw 2ms
 ✓ src/__tests__/draftWriter.test.ts > writeDraft — 명시 오류 (silent 폴백 X) > 빈 topic은 명시 throw 1ms
 ✓ src/__tests__/draftWriter.test.ts > writeDraft — 명시 오류 (silent 폴백 X) > LLM provider 미주입은 명시 throw 1ms
 ✓ src/__tests__/draftWriter.test.ts > writeDraft — 명시 오류 (silent 폴백 X) > LLM 호출 실패는 DRAFT_LLM_FAILED throw 1ms
 ✓ src/__tests__/draftWriter.test.ts > writeDraft — 명시 오류 (silent 폴백 X) > LLM 응답 800자 미만은 DRAFT_TOO_SHORT throw 1ms
 ✓ src/__tests__/draftWriter.test.ts > SPEC 메모리 원칙 > silent 폴백 부재 — 결과에 imageSource·subWorkProvider 없음 1ms
stdout | src/__tests__/verifyPreviousWork.test.ts > v1.4.12 — 슬림화 글자수 검증 > seo/base.prompt 파일 자체가 v1.4.7 대비 슬림화됨
[v1.4.12 검증] seo/base.prompt: 23,516자, 738줄

stdout | src/__tests__/businessMode.test.ts > Business 모드 — businessInfo 주입 > 지역구: 모든 필드가 프롬프트에 포함
[PromptBuilder] ✅ 사용자 선택 글톤 적용: professional (mode: business)
[PromptLoader] 말투 보정 최종 적용: professional
[PromptBuilder] 글톤 및 프롬프트 생성 완료: professional, 메인키워드=부산 인테리어
[PromptBuilder] 2축 분리 프롬프트 생성: mode=business, category=general, isFullAuto=false, isReviewType=false
[BusinessAngle] 🎲 이번 글 강조 각도: 전문성 + 경력

stderr | src/__tests__/businessMode.test.ts > Business 모드 — businessInfo 주입 > 지역구: 모든 필드가 프롬프트에 포함
[PromptLoader] 프롬프트 파일 로드 실패: business/base.prompt TypeError: __vite_ssr_import_2__.app.getAppPath is not a function
    at getPromptsDir (C:/Users/박성현/Desktop/리더 네이버 자동화/src/promptLoader.ts:29:26)
    at loadPromptFile (C:/Users/박성현/Desktop/리더 네이버 자동화/src/promptLoader.ts:126:32)
    at buildSystemPrompt (C:/Users/박성현/Desktop/리더 네이버 자동화/src/promptLoader.ts:172:22)
    at buildSystemPromptFromHint (C:/Users/박성현/Desktop/리더 네이버 자동화/src/promptLoader.ts:212:10)
    at buildFullPrompt (C:/Users/박성현/Desktop/리더 네이버 자동화/src/promptLoader.ts:966:22)
    at buildModeBasedPrompt (C:/Users/박성현/Desktop/리더 네이버 자동화/src/contentGenerator.ts:2303:26)
    at C:/Users/박성현/Desktop/리더 네이버 자동화/src/__tests__/businessMode.test.ts:50:20
    at file:///C:/Users/%EB%B0%95%EC%84%B1%ED%98%84/Desktop/%EB%A6%AC%EB%8D%94%20%EB%84%A4%EC%9D%B4%EB%B2%84%20%EC%9E%90%EB%8F%99%ED%99%94/node_modules/@vitest/runner/dist/chunk-artifact.js:302:11
    at file:///C:/Users/%EB%B0%95%EC%84%B1%ED%98%84/Desktop/%EB%A6%AC%EB%8D%94%20%EB%84%A4%EC%9D%B4%EB%B2%84%20%EC%9E%90%EB%8F%99%ED%99%94/node_modules/@vitest/runner/dist/chunk-artifact.js:1903:26
    at file:///C:/Users/%EB%B0%95%EC%84%B1%ED%98%84/Desktop/%EB%A6%AC%EB%8D%94%20%EB%84%A4%EC%9D%B4%EB%B2%84%20%EC%9E%90%EB%8F%99%ED%99%94/node_modules/@vitest/runner/dist/chunk-artifact.js:2326:20
[PromptLoader] base 프롬프트 로드 실패: business/base.prompt

stdout | src/__tests__/verifyPreviousWork.test.ts > v1.4.12 — 슬림화 글자수 검증 > homefeed/base.prompt 파일 자체가 v1.4.7 대비 슬림화됨
[v1.4.12 검증] homefeed/base.prompt: 27,814자

stdout | src/__tests__/businessMode.test.ts > Business 모드 — businessInfo 주입 > 지역구: "절대 변경 금지" 강제 지시 포함
[PromptBuilder] ✅ 사용자 선택 글톤 적용: professional (mode: business)
[PromptLoader] 말투 보정 최종 적용: professional
[PromptBuilder] 글톤 및 프롬프트 생성 완료: professional, 메인키워드=부산 인테리어
[PromptBuilder] 2축 분리 프롬프트 생성: mode=business, category=general, isFullAuto=false, isReviewType=false
[BusinessAngle] 🎲 이번 글 강조 각도: 전문성 + 경력

stderr | src/__tests__/businessMode.test.ts > Business 모드 — businessInfo 주입 > 지역구: "절대 변경 금지" 강제 지시 포함
[PromptLoader] 프롬프트 파일 로드 실패: business/base.prompt TypeError: __vite_ssr_import_2__.app.getAppPath is not a function
    at getPromptsDir (C:/Users/박성현/Desktop/리더 네이버 자동화/src/promptLoader.ts:29:26)
    at loadPromptFile (C:/Users/박성현/Desktop/리더 네이버 자동화/src/promptLoader.ts:126:32)
    at buildSystemPrompt (C:/Users/박성현/Desktop/리더 네이버 자동화/src/promptLoader.ts:172:22)
    at buildSystemPromptFromHint (C:/Users/박성현/Desktop/리더 네이버 자동화/src/promptLoader.ts:212:10)
    at buildFullPrompt (C:/Users/박성현/Desktop/리더 네이버 자동화/src/promptLoader.ts:966:22)
    at buildModeBasedPrompt (C:/Users/박성현/Desktop/리더 네이버 자동화/src/contentGenerator.ts:2303:26)
    at C:/Users/박성현/Desktop/리더 네이버 자동화/src/__tests__/businessMode.test.ts:63:20
    at file:///C:/Users/%EB%B0%95%EC%84%B1%ED%98%84/Desktop/%EB%A6%AC%EB%8D%94%20%EB%84%A4%EC%9D%B4%EB%B2%84%20%EC%9E%90%EB%8F%99%ED%99%94/node_modules/@vitest/runner/dist/chunk-artifact.js:302:11
    at file:///C:/Users/%EB%B0%95%EC%84%B1%ED%98%84/Desktop/%EB%A6%AC%EB%8D%94%20%EB%84%A4%EC%9D%B4%EB%B2%84%20%EC%9E%90%EB%8F%99%ED%99%94/node_modules/@vitest/runner/dist/chunk-artifact.js:1903:26
    at file:///C:/Users/%EB%B0%95%EC%84%B1%ED%98%84/Desktop/%EB%A6%AC%EB%8D%94%20%EB%84%A4%EC%9D%B4%EB%B2%84%20%EC%9E%90%EB%8F%99%ED%99%94/node_modules/@vitest/runner/dist/chunk-artifact.js:2326:20
[PromptLoader] base 프롬프트 로드 실패: business/base.prompt

stdout | src/__tests__/businessMode.test.ts > Business 모드 — businessInfo 주입 > 지역구: 첫 지역명을 제목 맨 앞에 배치하라는 지시 포함
[PromptBuilder] ✅ 사용자 선택 글톤 적용: professional (mode: business)
[PromptLoader] 말투 보정 최종 적용: professional
[PromptBuilder] 글톤 및 프롬프트 생성 완료: professional, 메인키워드=부산 인테리어
[PromptBuilder] 2축 분리 프롬프트 생성: mode=business, category=general, isFullAuto=false, isReviewType=false
[BusinessAngle] 🎲 이번 글 강조 각도: 시공 사례 (포트폴리오)

stderr | src/__tests__/businessMode.test.ts > Business 모드 — businessInfo 주입 > 지역구: 첫 지역명을 제목 맨 앞에 배치하라는 지시 포함
[PromptLoader] 프롬프트 파일 로드 실패: business/base.prompt TypeError: __vite_ssr_import_2__.app.getAppPath is not a function
    at getPromptsDir (C:/Users/박성현/Desktop/리더 네이버 자동화/src/promptLoader.ts:29:26)
    at loadPromptFile (C:/Users/박성현/Desktop/리더 네이버 자동화/src/promptLoader.ts:126:32)
    at buildSystemPrompt (C:/Users/박성현/Desktop/리더 네이버 자동화/src/promptLoader.ts:172:22)
    at buildSystemPromptFromHint (C:/Users/박성현/Desktop/리더 네이버 자동화/src/promptLoader.ts:212:10)
    at buildFullPrompt (C:/Users/박성현/Desktop/리더 네이버 자동화/src/promptLoader.ts:966:22)
    at buildModeBasedPrompt (C:/Users/박성현/Desktop/리더 네이버 자동화/src/contentGenerator.ts:2303:26)
    at C:/Users/박성현/Desktop/리더 네이버 자동화/src/__tests__/businessMode.test.ts:71:20
    at file:///C:/Users/%EB%B0%95%EC%84%B1%ED%98%84/Desktop/%EB%A6%AC%EB%8D%94%20%EB%84%A4%EC%9D%B4%EB%B2%84%20%EC%9E%90%EB%8F%99%ED%99%94/node_modules/@vitest/runner/dist/chunk-artifact.js:302:11
    at file:///C:/Users/%EB%B0%95%EC%84%B1%ED%98%84/Desktop/%EB%A6%AC%EB%8D%94%20%EB%84%A4%EC%9D%B4%EB%B2%84%20%EC%9E%90%EB%8F%99%ED%99%94/node_modules/@vitest/runner/dist/chunk-artifact.js:1903:26
    at file:///C:/Users/%EB%B0%95%EC%84%B1%ED%98%84/Desktop/%EB%A6%AC%EB%8D%94%20%EB%84%A4%EC%9D%B4%EB%B2%84%20%EC%9E%90%EB%8F%99%ED%99%94/node_modules/@vitest/runner/dist/chunk-artifact.js:2326:20
[PromptLoader] base 프롬프트 로드 실패: business/base.prompt

stdout | src/__tests__/businessMode.test.ts > Business 모드 — businessInfo 주입 > 전국구: 지역명 강제 삽입 금지 지시 포함
[PromptBuilder] ✅ 사용자 선택 글톤 적용: professional (mode: business)
[PromptLoader] 말투 보정 최종 적용: professional
[PromptBuilder] 글톤 및 프롬프트 생성 완료: professional, 메인키워드=부산 인테리어
[PromptBuilder] 2축 분리 프롬프트 생성: mode=business, category=general, isFullAuto=false, isReviewType=false
[BusinessAngle] 🎲 이번 글 강조 각도: 친절한 상담 + 고객 후기

stderr | src/__tests__/businessMode.test.ts > Business 모드 — businessInfo 주입 > 전국구: 지역명 강제 삽입 금지 지시 포함
[PromptLoader] 프롬프트 파일 로드 실패: business/base.prompt TypeError: __vite_ssr_import_2__.app.getAppPath is not a function
    at getPromptsDir (C:/Users/박성현/Desktop/리더 네이버 자동화/src/promptLoader.ts:29:26)
    at loadPromptFile (C:/Users/박성현/Desktop/리더 네이버 자동화/src/promptLoader.ts:126:32)
    at buildSystemPrompt (C:/Users/박성현/Desktop/리더 네이버 자동화/src/promptLoader.ts:172:22)
    at buildSystemPromptFromHint (C:/Users/박성현/Desktop/리더 네이버 자동화/src/promptLoader.ts:212:10)
    at buildFullPrompt (C:/Users/박성현/Desktop/리더 네이버 자동화/src/promptLoader.ts:966:22)
    at buildModeBasedPrompt (C:/Users/박성현/Desktop/리더 네이버 자동화/src/contentGenerator.ts:2303:26)
    at C:/Users/박성현/Desktop/리더 네이버 자동화/src/__tests__/businessMode.test.ts:78:20
    at file:///C:/Users/%EB%B0%95%EC%84%B1%ED%98%84/Desktop/%EB%A6%AC%EB%8D%94%20%EB%84%A4%EC%9D%B4%EB%B2%84%20%EC%9E%90%EB%8F%99%ED%99%94/node_modules/@vitest/runner/dist/chunk-artifact.js:302:11
    at file:///C:/Users/%EB%B0%95%EC%84%B1%ED%98%84/Desktop/%EB%A6%AC%EB%8D%94%20%EB%84%A4%EC%9D%B4%EB%B2%84%20%EC%9E%90%EB%8F%99%ED%99%94/node_modules/@vitest/runner/dist/chunk-artifact.js:1903:26
    at file:///C:/Users/%EB%B0%95%EC%84%B1%ED%98%84/Desktop/%EB%A6%AC%EB%8D%94%20%EB%84%A4%EC%9D%B4%EB%B2%84%20%EC%9E%90%EB%8F%99%ED%99%94/node_modules/@vitest/runner/dist/chunk-artifact.js:2326:20
[PromptLoader] base 프롬프트 로드 실패: business/base.prompt

stdout | src/__tests__/businessMode.test.ts > Business 모드 — businessInfo 주입 > 전국구: region 필드 미포함
[PromptBuilder] ✅ 사용자 선택 글톤 적용: professional (mode: business)
[PromptLoader] 말투 보정 최종 적용: professional
[PromptBuilder] 글톤 및 프롬프트 생성 완료: professional, 메인키워드=부산 인테리어
[PromptBuilder] 2축 분리 프롬프트 생성: mode=business, category=general, isFullAuto=false, isReviewType=false
[BusinessAngle] 🎲 이번 글 강조 각도: 친절한 상담 + 고객 후기

stderr | src/__tests__/businessMode.test.ts > Business 모드 — businessInfo 주입 > 전국구: region 필드 미포함
[PromptLoader] 프롬프트 파일 로드 실패: business/base.prompt TypeError: __vite_ssr_import_2__.app.getAppPath is not a function
    at getPromptsDir (C:/Users/박성현/Desktop/리더 네이버 자동화/src/promptLoader.ts:29:26)
    at loadPromptFile (C:/Users/박성현/Desktop/리더 네이버 자동화/src/promptLoader.ts:126:32)
    at buildSystemPrompt (C:/Users/박성현/Desktop/리더 네이버 자동화/src/promptLoader.ts:172:22)
    at buildSystemPromptFromHint (C:/Users/박성현/Desktop/리더 네이버 자동화/src/promptLoader.ts:212:10)
    at buildFullPrompt (C:/Users/박성현/Desktop/리더 네이버 자동화/src/promptLoader.ts:966:22)
    at buildModeBasedPrompt (C:/Users/박성현/Desktop/리더 네이버 자동화/src/contentGenerator.ts:2303:26)
    at C:/Users/박성현/Desktop/리더 네이버 자동화/src/__tests__/businessMode.test.ts:88:20
    at file:///C:/Users/%EB%B0%95%EC%84%B1%ED%98%84/Desktop/%EB%A6%AC%EB%8D%94%20%EB%84%A4%EC%9D%B4%EB%B2%84%20%EC%9E%90%EB%8F%99%ED%99%94/node_modules/@vitest/runner/dist/chunk-artifact.js:302:11
    at file:///C:/Users/%EB%B0%95%EC%84%B1%ED%98%84/Desktop/%EB%A6%AC%EB%8D%94%20%EB%84%A4%EC%9D%B4%EB%B2%84%20%EC%9E%90%EB%8F%99%ED%99%94/node_modules/@vitest/runner/dist/chunk-artifact.js:1903:26
    at file:///C:/Users/%EB%B0%95%EC%84%B1%ED%98%84/Desktop/%EB%A6%AC%EB%8D%94%20%EB%84%A4%EC%9D%B4%EB%B2%84%20%EC%9E%90%EB%8F%99%ED%99%94/node_modules/@vitest/runner/dist/chunk-artifact.js:2326:20
[PromptLoader] base 프롬프트 로드 실패: business/base.prompt

stdout | src/__tests__/businessMode.test.ts > Business 모드 — businessInfo 주입 > businessInfo 없으면 업체 정보 블록 미포함
[PromptBuilder] ✅ 사용자 선택 글톤 적용: professional (mode: business)
[PromptLoader] 말투 보정 최종 적용: professional
[PromptBuilder] 글톤 및 프롬프트 생성 완료: professional, 메인키워드=부산 인테리어
[PromptBuilder] 2축 분리 프롬프트 생성: mode=business, category=general, isFullAuto=false, isReviewType=false
[BusinessAngle] 🎲 이번 글 강조 각도: 전문성 + 경력

stderr | src/__tests__/businessMode.test.ts > Business 모드 — businessInfo 주입 > businessInfo 없으면 업체 정보 블록 미포함
[PromptLoader] 프롬프트 파일 로드 실패: business/base.prompt TypeError: __vite_ssr_import_2__.app.getAppPath is not a function
    at getPromptsDir (C:/Users/박성현/Desktop/리더 네이버 자동화/src/promptLoader.ts:29:26)
    at loadPromptFile (C:/Users/박성현/Desktop/리더 네이버 자동화/src/promptLoader.ts:126:32)
    at buildSystemPrompt (C:/Users/박성현/Desktop/리더 네이버 자동화/src/promptLoader.ts:172:22)
    at buildSystemPromptFromHint (C:/Users/박성현/Desktop/리더 네이버 자동화/src/promptLoader.ts:212:10)
    at buildFullPrompt (C:/Users/박성현/Desktop/리더 네이버 자동화/src/promptLoader.ts:966:22)
    at buildModeBasedPrompt (C:/Users/박성현/Desktop/리더 네이버 자동화/src/contentGenerator.ts:2303:26)
    at C:/Users/박성현/Desktop/리더 네이버 자동화/src/__tests__/businessMode.test.ts:95:20
    at file:///C:/Users/%EB%B0%95%EC%84%B1%ED%98%84/Desktop/%EB%A6%AC%EB%8D%94%20%EB%84%A4%EC%9D%B4%EB%B2%84%20%EC%9E%90%EB%8F%99%ED%99%94/node_modules/@vitest/runner/dist/chunk-artifact.js:302:11
    at file:///C:/Users/%EB%B0%95%EC%84%B1%ED%98%84/Desktop/%EB%A6%AC%EB%8D%94%20%EB%84%A4%EC%9D%B4%EB%B2%84%20%EC%9E%90%EB%8F%99%ED%99%94/node_modules/@vitest/runner/dist/chunk-artifact.js:1903:26
    at file:///C:/Users/%EB%B0%95%EC%84%B1%ED%98%84/Desktop/%EB%A6%AC%EB%8D%94%20%EB%84%A4%EC%9D%B4%EB%B2%84%20%EC%9E%90%EB%8F%99%ED%99%94/node_modules/@vitest/runner/dist/chunk-artifact.js:2326:20
[PromptLoader] base 프롬프트 로드 실패: business/base.prompt

stdout | src/__tests__/businessMode.test.ts > Business 모드 — 다양성 엔진 (Angle) > buildBusinessAngleDirective는 8가지 각도 중 하나 반환
[BusinessAngle] 🎲 이번 글 강조 각도: 최신 트렌드 + 디자인
[BusinessAngle] 🎲 이번 글 강조 각도: A/S 보장 (사후 관리)
[BusinessAngle] 🎲 이번 글 강조 각도: 최신 트렌드 + 디자인
[BusinessAngle] 🎲 이번 글 강조 각도: A/S 보장 (사후 관리)
[BusinessAngle] 🎲 이번 글 강조 각도: 전문성 + 경력
[BusinessAngle] 🎲 이번 글 강조 각도: 빠른 견적 + 24시간 응답
[BusinessAngle] 🎲 이번 글 강조 각도: 가격 투명성
[BusinessAngle] 🎲 이번 글 강조 각도: 무료 상담 + 비교 견적
[BusinessAngle] 🎲 이번 글 강조 각도: A/S 보장 (사후 관리)
[BusinessAngle] 🎲 이번 글 강조 각도: A/S 보장 (사후 관리)
[BusinessAngle] 🎲 이번 글 강조 각도: 가격 투명성
[BusinessAngle] 🎲 이번 글 강조 각도: 최신 트렌드 + 디자인
[BusinessAngle] 🎲 이번 글 강조 각도: 시공 사례 (포트폴리오)
[BusinessAngle] 🎲 이번 글 강조 각도: A/S 보장 (사후 관리)
[BusinessAngle] 🎲 이번 글 강조 각도: 전문성 + 경력
[BusinessAngle] 🎲 이번 글 강조 각도: 전문성 + 경력
[BusinessAngle] 🎲 이번 글 강조 각도: 무료 상담 + 비교 견적
[BusinessAngle] 🎲 이번 글 강조 각도: 친절한 상담 + 고객 후기
[BusinessAngle] 🎲 이번 글 강조 각도: 무료 상담 + 비교 견적
[BusinessAngle] 🎲 이번 글 강조 각도: A/S 보장 (사후 관리)
[BusinessAngle] 🎲 이번 글 강조 각도: 빠른 견적 + 24시간 응답
[BusinessAngle] 🎲 이번 글 강조 각도: 시공 사례 (포트폴리오)
[BusinessAngle] 🎲 이번 글 강조 각도: 최신 트렌드 + 디자인
[BusinessAngle] 🎲 이번 글 강조 각도: 무료 상담 + 비교 견적
[BusinessAngle] 🎲 이번 글 강조 각도: 친절한 상담 + 고객 후기
[BusinessAngle] 🎲 이번 글 강조 각도: 시공 사례 (포트폴리오)
[BusinessAngle] 🎲 이번 글 강조 각도: 빠른 견적 + 24시간 응답
[BusinessAngle] 🎲 이번 글 강조 각도: 무료 상담 + 비교 견적
[BusinessAngle] 🎲 이번 글 강조 각도: 최신 트렌드 + 디자인
[BusinessAngle] 🎲 이번 글 강조 각도: 가격 투명성
[BusinessAngle] 🎲 이번 글 강조 각도: 시공 사례 (포트폴리오)
[BusinessAngle] 🎲 이번 글 강조 각도: 무료 상담 + 비교 견적
[BusinessAngle] 🎲 이번 글 강조 각도: 빠른 견적 + 24시간 응답
[BusinessAngle] 🎲 이번 글 강조 각도: 시공 사례 (포트폴리오)
[BusinessAngle] 🎲 이번 글 강조 각도: 가격 투명성
[BusinessAngle] 🎲 이번 글 강조 각도: 빠른 견적 + 24시간 응답
[BusinessAngle] 🎲 이번 글 강조 각도: A/S 보장 (사후 관리)
[BusinessAngle] 🎲 이번 글 강조 각도: 시공 사례 (포트폴리오)
[BusinessAngle] 🎲 이번 글 강조 각도: A/S 보장 (사후 관리)
[BusinessAngle] 🎲 이번 글 강조 각도: 가격 투명성
[BusinessAngle] 🎲 이번 글 강조 각도: 전문성 + 경력
[BusinessAngle] 🎲 이번 글 강조 각도: 가격 투명성
[BusinessAngle] 🎲 이번 글 강조 각도: 친절한 상담 + 고객 후기
[BusinessAngle] 🎲 이번 글 강조 각도: 시공 사례 (포트폴리오)
[BusinessAngle] 🎲 이번 글 강조 각도: 최신 트렌드 + 디자인
[BusinessAngle] 🎲 이번 글 강조 각도: 빠른 견적 + 24시간 응답
[BusinessAngle] 🎲 이번 글 강조 각도: 가격 투명성
[BusinessAngle] 🎲 이번 글 강조 각도: 빠른 견적 + 24시간 응답
[BusinessAngle] 🎲 이번 글 강조 각도: 전문성 + 경력
[BusinessAngle] 🎲 이번 글 강조 각도: 최신 트렌드 + 디자인
[BusinessAngle] 🎲 이번 글 강조 각도: 전문성 + 경력
[BusinessAngle] 🎲 이번 글 강조 각도: 친절한 상담 + 고객 후기
[BusinessAngle] 🎲 이번 글 강조 각도: 최신 트렌드 + 디자인
[BusinessAngle] 🎲 이번 글 강조 각도: 시공 사례 (포트폴리오)
[BusinessAngle] 🎲 이번 글 강조 각도: 빠른 견적 + 24시간 응답
[BusinessAngle] 🎲 이번 글 강조 각도: 전문성 + 경력
[BusinessAngle] 🎲 이번 글 강조 각도: A/S 보장 (사후 관리)
[BusinessAngle] 🎲 이번 글 강조 각도: 친절한 상담 + 고객 후기
[BusinessAngle] 🎲 이번 글 강조 각도: 친절한 상담 + 고객 후기
[BusinessAngle] 🎲 이번 글 강조 각도: 가격 투명성
[BusinessAngle] 🎲 이번 글 강조 각도: 빠른 견적 + 24시간 응답
[BusinessAngle] 🎲 이번 글 강조 각도: A/S 보장 (사후 관리)
[BusinessAngle] 🎲 이번 글 강조 각도: 친절한 상담 + 고객 후기
[BusinessAngle] 🎲 이번 글 강조 각도: 가격 투명성
[BusinessAngle] 🎲 이번 글 강조 각도: 가격 투명성
[BusinessAngle] 🎲 이번 글 강조 각도: 무료 상담 + 비교 견적
[BusinessAngle] 🎲 이번 글 강조 각도: 전문성 + 경력
[BusinessAngle] 🎲 이번 글 강조 각도: 가격 투명성
[BusinessAngle] 🎲 이번 글 강조 각도: 친절한 상담 + 고객 후기
[BusinessAngle] 🎲 이번 글 강조 각도: 빠른 견적 + 24시간 응답
[BusinessAngle] 🎲 이번 글 강조 각도: 시공 사례 (포트폴리오)
[BusinessAngle] 🎲 이번 글 강조 각도: A/S 보장 (사후 관리)
[BusinessAngle] 🎲 이번 글 강조 각도: 최신 트렌드 + 디자인
[BusinessAngle] 🎲 이번 글 강조 각도: 전문성 + 경력
[BusinessAngle] 🎲 이번 글 강조 각도: 시공 사례 (포트폴리오)
[BusinessAngle] 🎲 이번 글 강조 각도: A/S 보장 (사후 관리)
[BusinessAngle] 🎲 이번 글 강조 각도: 전문성 + 경력
[BusinessAngle] 🎲 이번 글 강조 각도: 빠른 견적 + 24시간 응답
[BusinessAngle] 🎲 이번 글 강조 각도: 친절한 상담 + 고객 후기
[BusinessAngle] 🎲 이번 글 강조 각도: 시공 사례 (포트폴리오)
[BusinessAngle] 🎲 이번 글 강조 각도: A/S 보장 (사후 관리)
[BusinessAngle] 🎲 이번 글 강조 각도: 전문성 + 경력
[BusinessAngle] 🎲 이번 글 강조 각도: 최신 트렌드 + 디자인
[BusinessAngle] 🎲 이번 글 강조 각도: 전문성 + 경력
[BusinessAngle] 🎲 이번 글 강조 각도: 최신 트렌드 + 디자인
[BusinessAngle] 🎲 이번 글 강조 각도: 빠른 견적 + 24시간 응답
[BusinessAngle] 🎲 이번 글 강조 각도: 가격 투명성
[BusinessAngle] 🎲 이번 글 강조 각도: 전문성 + 경력
[BusinessAngle] 🎲 이번 글 강조 각도: 가격 투명성
[BusinessAngle] 🎲 이번 글 강조 각도: 시공 사례 (포트폴리오)
[BusinessAngle] 🎲 이번 글 강조 각도: 시공 사례 (포트폴리오)
[BusinessAngle] 🎲 이번 글 강조 각도: 전문성 + 경력
[BusinessAngle] 🎲 이번 글 강조 각도: 빠른 견적 + 24시간 응답
[BusinessAngle] 🎲 이번 글 강조 각도: 가격 투명성
[BusinessAngle] 🎲 이번 글 강조 각도: 친절한 상담 + 고객 후기
[BusinessAngle] 🎲 이번 글 강조 각도: 전문성 + 경력
[BusinessAngle] 🎲 이번 글 강조 각도: 전문성 + 경력
[BusinessAngle] 🎲 이번 글 강조 각도: 시공 사례 (포트폴리오)
[BusinessAngle] 🎲 이번 글 강조 각도: 시공 사례 (포트폴리오)
[BusinessAngle] 🎲 이번 글 강조 각도: 친절한 상담 + 고객 후기

stdout | src/__tests__/businessMode.test.ts > Business 모드 — 다양성 엔진 (Angle) > directive에 후킹 스타일과 PASTOR 변형 모두 포함
[BusinessAngle] 🎲 이번 글 강조 각도: 빠른 견적 + 24시간 응답

 ✓ src/__tests__/faqBuilder.test.ts > isFaqBuilderEnabled > 기본 OFF 3ms
 ✓ src/__tests__/faqBuilder.test.ts > isFaqBuilderEnabled > forceFlag=true → ON 1ms
 ✓ src/__tests__/faqBuilder.test.ts > isFaqBuilderEnabled > env=on → ON 0ms
 ✓ src/__tests__/faqBuilder.test.ts > buildFaqSection — flag OFF > flag OFF면 빈 결과 + 명시 reason + LLM 호출 없음 3ms
 ✓ src/__tests__/faqBuilder.test.ts > buildFaqSection — 정상 흐름 > userVoice 충분 + LLM 정상 → markdown 반환 4ms
 ✓ src/__tests__/faqBuilder.test.ts > buildFaqSection — 정상 흐름 > userVoice 15개 초과는 prompt에 15개로 제한 1ms
 ✓ src/__tests__/faqBuilder.test.ts > buildFaqSection — fallback (silent 폴백 X) > userVoice 3개 미만은 명시 reason + 빈 결과 1ms
 ✓ src/__tests__/faqBuilder.test.ts > buildFaqSection — fallback (silent 폴백 X) > LLM 실패는 명시 reason — throw X (FAQ는 보조 섹션이라 본문 흐름 보존) 1ms
 ✓ src/__tests__/faqBuilder.test.ts > buildFaqSection — fallback (silent 폴백 X) > LLM 응답 너무 짧으면 명시 reason 1ms
 ✓ src/__tests__/faqBuilder.test.ts > buildFaqSection — fallback (silent 폴백 X) > LLM provider null은 throw 2ms
 ✓ src/__tests__/faqBuilder.test.ts > buildFaqSection — 보안 (sanitize) > 전화·이메일·@핸들 제거 1ms
stdout | src/__tests__/chainedGenMetrics.test.ts > recordChainedGenRun — 누적 동작 > avgPipelineMs는 enabledRuns 기준 평균
[CategoryClassifier] 매칭 키워드 없음 → general 폴백 (silent X, 명시 로그)

stdout | src/__tests__/chainedGenMetrics.test.ts > recordChainedGenRun — 누적 동작 > avgPipelineMs는 enabledRuns 기준 평균
[CategoryClassifier] 매칭 키워드 없음 → general 폴백 (silent X, 명시 로그)

stdout | src/__tests__/chainedGenMetrics.test.ts > recordChainedGenRun — 누적 동작 > avgPipelineMs는 enabledRuns 기준 평균
[CategoryClassifier] 매칭 키워드 없음 → general 폴백 (silent X, 명시 로그)

stdout | src/__tests__/chainedGenMetrics.test.ts > getChainedGenSummary — 한 줄 요약 > 호출 후 요약에 활성 비율 포함
[CategoryClassifier] 매칭 키워드 없음 → general 폴백 (silent X, 명시 로그)

stdout | src/__tests__/chainedGenMetrics.test.ts > operationsDashboard 통합 > DashboardSnapshot에 chainedGen 필드 포함
[CategoryClassifier] 매칭 키워드 없음 → general 폴백 (silent X, 명시 로그)

stdout | src/__tests__/chainedGenMetrics.test.ts > operationsDashboard 통합 > getDashboardSummary 끝부분에 체인 요약 포함 (호출 N회)
[CategoryClassifier] 매칭 키워드 없음 → general 폴백 (silent X, 명시 로그)

stdout | src/__tests__/businessMode.test.ts > Business 모드 — 다양성 엔진 (Angle) > Business 모드 프롬프트에 angle directive 포함
[PromptBuilder] ✅ 사용자 선택 글톤 적용: professional (mode: business)
[PromptLoader] 말투 보정 최종 적용: professional
[PromptBuilder] 글톤 및 프롬프트 생성 완료: professional, 메인키워드=부산 인테리어
[PromptBuilder] 2축 분리 프롬프트 생성: mode=business, category=general, isFullAuto=false, isReviewType=false
[BusinessAngle] 🎲 이번 글 강조 각도: 전문성 + 경력

stderr | src/__tests__/businessMode.test.ts > Business 모드 — 다양성 엔진 (Angle) > Business 모드 프롬프트에 angle directive 포함
[PromptLoader] 프롬프트 파일 로드 실패: business/base.prompt TypeError: __vite_ssr_import_2__.app.getAppPath is not a function
    at getPromptsDir (C:/Users/박성현/Desktop/리더 네이버 자동화/src/promptLoader.ts:29:26)
    at loadPromptFile (C:/Users/박성현/Desktop/리더 네이버 자동화/src/promptLoader.ts:126:32)
    at buildSystemPrompt (C:/Users/박성현/Desktop/리더 네이버 자동화/src/promptLoader.ts:172:22)
    at buildSystemPromptFromHint (C:/Users/박성현/Desktop/리더 네이버 자동화/src/promptLoader.ts:212:10)
    at buildFullPrompt (C:/Users/박성현/Desktop/리더 네이버 자동화/src/promptLoader.ts:966:22)
    at buildModeBasedPrompt (C:/Users/박성현/Desktop/리더 네이버 자동화/src/contentGenerator.ts:2303:26)
    at C:/Users/박성현/Desktop/리더 네이버 자동화/src/__tests__/businessMode.test.ts:130:20
    at file:///C:/Users/%EB%B0%95%EC%84%B1%ED%98%84/Desktop/%EB%A6%AC%EB%8D%94%20%EB%84%A4%EC%9D%B4%EB%B2%84%20%EC%9E%90%EB%8F%99%ED%99%94/node_modules/@vitest/runner/dist/chunk-artifact.js:302:11
    at file:///C:/Users/%EB%B0%95%EC%84%B1%ED%98%84/Desktop/%EB%A6%AC%EB%8D%94%20%EB%84%A4%EC%9D%B4%EB%B2%84%20%EC%9E%90%EB%8F%99%ED%99%94/node_modules/@vitest/runner/dist/chunk-artifact.js:1903:26
    at file:///C:/Users/%EB%B0%95%EC%84%B1%ED%98%84/Desktop/%EB%A6%AC%EB%8D%94%20%EB%84%A4%EC%9D%B4%EB%B2%84%20%EC%9E%90%EB%8F%99%ED%99%94/node_modules/@vitest/runner/dist/chunk-artifact.js:2326:20
[PromptLoader] base 프롬프트 로드 실패: business/base.prompt

 ✓ src/__tests__/businessMode.test.ts > Business 모드 — businessInfo 주입 > 지역구: 모든 필드가 프롬프트에 포함 51ms
 ✓ src/__tests__/businessMode.test.ts > Business 모드 — businessInfo 주입 > 지역구: "절대 변경 금지" 강제 지시 포함 4ms
 ✓ src/__tests__/businessMode.test.ts > Business 모드 — businessInfo 주입 > 지역구: 첫 지역명을 제목 맨 앞에 배치하라는 지시 포함 4ms
 ✓ src/__tests__/businessMode.test.ts > Business 모드 — businessInfo 주입 > 전국구: 지역명 강제 삽입 금지 지시 포함 3ms
 ✓ src/__tests__/businessMode.test.ts > Business 모드 — businessInfo 주입 > 전국구: region 필드 미포함 3ms
 ✓ src/__tests__/businessMode.test.ts > Business 모드 — businessInfo 주입 > businessInfo 없으면 업체 정보 블록 미포함 2ms
 ✓ src/__tests__/businessMode.test.ts > Business 모드 — 다양성 엔진 (Angle) > buildBusinessAngleDirective는 8가지 각도 중 하나 반환 11ms
 ✓ src/__tests__/businessMode.test.ts > Business 모드 — 다양성 엔진 (Angle) > directive에 후킹 스타일과 PASTOR 변형 모두 포함 1ms
 ✓ src/__tests__/businessMode.test.ts > Business 모드 — 다양성 엔진 (Angle) > Business 모드 프롬프트에 angle directive 포함 22ms
 ✓ src/__tests__/chainedGenMetrics.test.ts > recordChainedGenRun — 누적 동작 > 초기 스냅샷은 모두 0 4ms
 ✓ src/__tests__/chainedGenMetrics.test.ts > recordChainedGenRun — 누적 동작 > feature flag OFF 결과는 totalRuns만 증가, stage 미집계 1ms
 ✓ src/__tests__/chainedGenMetrics.test.ts > recordChainedGenRun — 누적 동작 > feature flag ON 결과는 stage별 집계 누적 1ms
 ✓ src/__tests__/chainedGenMetrics.test.ts > recordChainedGenRun — 누적 동작 > 두 번째 호출에서 캐시 hit이 cachedHits에 반영됨 1ms
 ✓ src/__tests__/chainedGenMetrics.test.ts > recordChainedGenRun — 누적 동작 > avgPipelineMs는 enabledRuns 기준 평균 4ms
 ✓ src/__tests__/chainedGenMetrics.test.ts > getChainedGenSummary — 한 줄 요약 > 호출 0회면 명시 표기 1ms
 ✓ src/__tests__/chainedGenMetrics.test.ts > getChainedGenSummary — 한 줄 요약 > 호출 후 요약에 활성 비율 포함 1ms
 ✓ src/__tests__/chainedGenMetrics.test.ts > operationsDashboard 통합 > DashboardSnapshot에 chainedGen 필드 포함 2ms
 ✓ src/__tests__/chainedGenMetrics.test.ts > operationsDashboard 통합 > getDashboardSummary 끝부분에 체인 요약 포함 (호출 0회) 1ms
 ✓ src/__tests__/chainedGenMetrics.test.ts > operationsDashboard 통합 > getDashboardSummary 끝부분에 체인 요약 포함 (호출 N회) 1ms
 ✓ src/__tests__/chainedGenMetrics.test.ts > resetChainedGenMetrics > 모든 카운터·집계 초기화 1ms
stdout | src/__tests__/businessMode.test.ts > Business 모드 — 다양성 엔진 (Angle) > SEO 모드는 angle directive 미포함
[PromptBuilder] ✅ 사용자 선택 글톤 적용: professional (mode: seo)
[PromptLoader] 말투 보정 최종 적용: professional
[PromptBuilder] 글톤 및 프롬프트 생성 완료: professional, 메인키워드=부산 인테리어
[PromptBuilder] 2축 분리 프롬프트 생성: mode=seo, category=general, isFullAuto=false, isReviewType=false

stderr | src/__tests__/businessMode.test.ts > Business 모드 — 다양성 엔진 (Angle) > SEO 모드는 angle directive 미포함
[PromptLoader] 프롬프트 파일 로드 실패: seo/base.prompt TypeError: __vite_ssr_import_2__.app.getAppPath is not a function
    at getPromptsDir (C:/Users/박성현/Desktop/리더 네이버 자동화/src/promptLoader.ts:29:26)
    at loadPromptFile (C:/Users/박성현/Desktop/리더 네이버 자동화/src/promptLoader.ts:126:32)
    at buildSystemPrompt (C:/Users/박성현/Desktop/리더 네이버 자동화/src/promptLoader.ts:172:22)
    at buildSystemPromptFromHint (C:/Users/박성현/Desktop/리더 네이버 자동화/src/promptLoader.ts:212:10)
    at buildFullPrompt (C:/Users/박성현/Desktop/리더 네이버 자동화/src/promptLoader.ts:966:22)
    at buildModeBasedPrompt (C:/Users/박성현/Desktop/리더 네이버 자동화/src/contentGenerator.ts:2303:26)
    at C:/Users/박성현/Desktop/리더 네이버 자동화/src/__tests__/businessMode.test.ts:136:20
    at file:///C:/Users/%EB%B0%95%EC%84%B1%ED%98%84/Desktop/%EB%A6%AC%EB%8D%94%20%EB%84%A4%EC%9D%B4%EB%B2%84%20%EC%9E%90%EB%8F%99%ED%99%94/node_modules/@vitest/runner/dist/chunk-artifact.js:302:11
    at file:///C:/Users/%EB%B0%95%EC%84%B1%ED%98%84/Desktop/%EB%A6%AC%EB%8D%94%20%EB%84%A4%EC%9D%B4%EB%B2%84%20%EC%9E%90%EB%8F%99%ED%99%94/node_modules/@vitest/runner/dist/chunk-artifact.js:1903:26
    at file:///C:/Users/%EB%B0%95%EC%84%B1%ED%98%84/Desktop/%EB%A6%AC%EB%8D%94%20%EB%84%A4%EC%9D%B4%EB%B2%84%20%EC%9E%90%EB%8F%99%ED%99%94/node_modules/@vitest/runner/dist/chunk-artifact.js:2326:20
[PromptLoader] base 프롬프트 로드 실패: seo/base.prompt
[PromptLoader] 프롬프트 파일 로드 실패: seo/geo-overlay.prompt TypeError: __vite_ssr_import_2__.app.getAppPath is not a function
    at getPromptsDir (C:/Users/박성현/Desktop/리더 네이버 자동화/src/promptLoader.ts:29:26)
    at loadPromptFile (C:/Users/박성현/Desktop/리더 네이버 자동화/src/promptLoader.ts:126:32)
    at getGeoOverlayPrompt (C:/Users/박성현/Desktop/리더 네이버 자동화/src/promptLoader.ts:220:10)
    at buildModeBasedPrompt (C:/Users/박성현/Desktop/리더 네이버 자동화/src/contentGenerator.ts:2325:23)
    at C:/Users/박성현/Desktop/리더 네이버 자동화/src/__tests__/businessMode.test.ts:136:20
    at file:///C:/Users/%EB%B0%95%EC%84%B1%ED%98%84/Desktop/%EB%A6%AC%EB%8D%94%20%EB%84%A4%EC%9D%B4%EB%B2%84%20%EC%9E%90%EB%8F%99%ED%99%94/node_modules/@vitest/runner/dist/chunk-artifact.js:302:11
    at file:///C:/Users/%EB%B0%95%EC%84%B1%ED%98%84/Desktop/%EB%A6%AC%EB%8D%94%20%EB%84%A4%EC%9D%B4%EB%B2%84%20%EC%9E%90%EB%8F%99%ED%99%94/node_modules/@vitest/runner/dist/chunk-artifact.js:1903:26
    at file:///C:/Users/%EB%B0%95%EC%84%B1%ED%98%84/Desktop/%EB%A6%AC%EB%8D%94%20%EB%84%A4%EC%9D%B4%EB%B2%84%20%EC%9E%90%EB%8F%99%ED%99%94/node_modules/@vitest/runner/dist/chunk-artifact.js:2326:20
    at new Promise (<anonymous>)
    at runWithCancel (file:///C:/Users/%EB%B0%95%EC%84%B1%ED%98%84/Desktop/%EB%A6%AC%EB%8D%94%20%EB%84%A4%EC%9D%B4%EB%B2%84%20%EC%9E%90%EB%8F%99%ED%99%94/node_modules/@vitest/runner/dist/chunk-artifact.js:2323:10)
[PromptBuilder] geo-overlay.prompt 로드 실패 — 미적용

stdout | src/__tests__/businessMode.test.ts > Business 모드 — previousTitles 회피 > previousTitles가 있으면 프롬프트에 포함
[PromptBuilder] ✅ 사용자 선택 글톤 적용: professional (mode: business)
[PromptLoader] 말투 보정 최종 적용: professional
[PromptBuilder] 글톤 및 프롬프트 생성 완료: professional, 메인키워드=부산 인테리어
[PromptBuilder] 2축 분리 프롬프트 생성: mode=business, category=general, isFullAuto=false, isReviewType=false
[BusinessAngle] 🎲 이번 글 강조 각도: 가격 투명성

stderr | src/__tests__/businessMode.test.ts > Business 모드 — previousTitles 회피 > previousTitles가 있으면 프롬프트에 포함
[PromptLoader] 프롬프트 파일 로드 실패: business/base.prompt TypeError: __vite_ssr_import_2__.app.getAppPath is not a function
    at getPromptsDir (C:/Users/박성현/Desktop/리더 네이버 자동화/src/promptLoader.ts:29:26)
    at loadPromptFile (C:/Users/박성현/Desktop/리더 네이버 자동화/src/promptLoader.ts:126:32)
    at buildSystemPrompt (C:/Users/박성현/Desktop/리더 네이버 자동화/src/promptLoader.ts:172:22)
    at buildSystemPromptFromHint (C:/Users/박성현/Desktop/리더 네이버 자동화/src/promptLoader.ts:212:10)
    at buildFullPrompt (C:/Users/박성현/Desktop/리더 네이버 자동화/src/promptLoader.ts:966:22)
    at buildModeBasedPrompt (C:/Users/박성현/Desktop/리더 네이버 자동화/src/contentGenerator.ts:2303:26)
    at C:/Users/박성현/Desktop/리더 네이버 자동화/src/__tests__/businessMode.test.ts:155:20
    at file:///C:/Users/%EB%B0%95%EC%84%B1%ED%98%84/Desktop/%EB%A6%AC%EB%8D%94%20%EB%84%A4%EC%9D%B4%EB%B2%84%20%EC%9E%90%EB%8F%99%ED%99%94/node_modules/@vitest/runner/dist/chunk-artifact.js:302:11
    at file:///C:/Users/%EB%B0%95%EC%84%B1%ED%98%84/Desktop/%EB%A6%AC%EB%8D%94%20%EB%84%A4%EC%9D%B4%EB%B2%84%20%EC%9E%90%EB%8F%99%ED%99%94/node_modules/@vitest/runner/dist/chunk-artifact.js:1903:26
    at file:///C:/Users/%EB%B0%95%EC%84%B1%ED%98%84/Desktop/%EB%A6%AC%EB%8D%94%20%EB%84%A4%EC%9D%B4%EB%B2%84%20%EC%9E%90%EB%8F%99%ED%99%94/node_modules/@vitest/runner/dist/chunk-artifact.js:2326:20
[PromptLoader] base 프롬프트 로드 실패: business/base.prompt

stdout | src/__tests__/businessMode.test.ts > Business 모드 — previousTitles 회피 > previousTitles 없으면 블록 미포함
[PromptBuilder] ✅ 사용자 선택 글톤 적용: professional (mode: business)
[PromptLoader] 말투 보정 최종 적용: professional
[PromptBuilder] 글톤 및 프롬프트 생성 완료: professional, 메인키워드=부산 인테리어
[PromptBuilder] 2축 분리 프롬프트 생성: mode=business, category=general, isFullAuto=false, isReviewType=false
[BusinessAngle] 🎲 이번 글 강조 각도: A/S 보장 (사후 관리)

stderr | src/__tests__/businessMode.test.ts > Business 모드 — previousTitles 회피 > previousTitles 없으면 블록 미포함
[PromptLoader] 프롬프트 파일 로드 실패: business/base.prompt TypeError: __vite_ssr_import_2__.app.getAppPath is not a function
    at getPromptsDir (C:/Users/박성현/Desktop/리더 네이버 자동화/src/promptLoader.ts:29:26)
    at loadPromptFile (C:/Users/박성현/Desktop/리더 네이버 자동화/src/promptLoader.ts:126:32)
    at buildSystemPrompt (C:/Users/박성현/Desktop/리더 네이버 자동화/src/promptLoader.ts:172:22)
    at buildSystemPromptFromHint (C:/Users/박성현/Desktop/리더 네이버 자동화/src/promptLoader.ts:212:10)
    at buildFullPrompt (C:/Users/박성현/Desktop/리더 네이버 자동화/src/promptLoader.ts:966:22)
    at buildModeBasedPrompt (C:/Users/박성현/Desktop/리더 네이버 자동화/src/contentGenerator.ts:2303:26)
    at C:/Users/박성현/Desktop/리더 네이버 자동화/src/__tests__/businessMode.test.ts:163:20
    at file:///C:/Users/%EB%B0%95%EC%84%B1%ED%98%84/Desktop/%EB%A6%AC%EB%8D%94%20%EB%84%A4%EC%9D%B4%EB%B2%84%20%EC%9E%90%EB%8F%99%ED%99%94/node_modules/@vitest/runner/dist/chunk-artifact.js:302:11
    at file:///C:/Users/%EB%B0%95%EC%84%B1%ED%98%84/Desktop/%EB%A6%AC%EB%8D%94%20%EB%84%A4%EC%9D%B4%EB%B2%84%20%EC%9E%90%EB%8F%99%ED%99%94/node_modules/@vitest/runner/dist/chunk-artifact.js:1903:26
    at file:///C:/Users/%EB%B0%95%EC%84%B1%ED%98%84/Desktop/%EB%A6%AC%EB%8D%94%20%EB%84%A4%EC%9D%B4%EB%B2%84%20%EC%9E%90%EB%8F%99%ED%99%94/node_modules/@vitest/runner/dist/chunk-artifact.js:2326:20
[PromptLoader] base 프롬프트 로드 실패: business/base.prompt

stdout | src/__tests__/contentValidationPipeline.test.ts > contentValidationPipeline — baseline > passes clean content without critical issues
[QualityChecker] ✅ Critical 위반 없음

stdout | src/__tests__/contentValidationPipeline.test.ts > contentValidationPipeline — baseline > reports verification-loop misses for a weak conclusion
[QualityChecker] ✅ Critical 위반 없음

stdout | src/__tests__/contentValidationPipeline.test.ts > contentValidationPipeline — price artifact scanner (2nd-line defense) > flags "0원에 판매 중" as critical
[QualityChecker] ✅ Critical 위반 없음

stdout | src/__tests__/contentValidationPipeline.test.ts > contentValidationPipeline — price artifact scanner (2nd-line defense) > flags "가격 정보 없음" as critical
[QualityChecker] ✅ Critical 위반 없음

stderr | src/__tests__/contentSelfCritique.test.ts > selfCritiqueAndRewrite > rejects rewrites that lose too much content (safety guard)
[SelfCritique] 길이 변화율(50%)이 안전 범위를 벗어남 — 원본 유지

stdout | src/__tests__/businessMode.test.ts > Business 모드 — previousTitles 회피 > 5개 초과 시 마지막 5개만 표시
[PromptBuilder] ✅ 사용자 선택 글톤 적용: professional (mode: business)
[PromptLoader] 말투 보정 최종 적용: professional
[PromptBuilder] 글톤 및 프롬프트 생성 완료: professional, 메인키워드=부산 인테리어
[PromptBuilder] 2축 분리 프롬프트 생성: mode=business, category=general, isFullAuto=false, isReviewType=false
[BusinessAngle] 🎲 이번 글 강조 각도: 친절한 상담 + 고객 후기

stderr | src/__tests__/businessMode.test.ts > Business 모드 — previousTitles 회피 > 5개 초과 시 마지막 5개만 표시
[PromptLoader] 프롬프트 파일 로드 실패: business/base.prompt TypeError: __vite_ssr_import_2__.app.getAppPath is not a function
    at getPromptsDir (C:/Users/박성현/Desktop/리더 네이버 자동화/src/promptLoader.ts:29:26)
    at loadPromptFile (C:/Users/박성현/Desktop/리더 네이버 자동화/src/promptLoader.ts:126:32)
    at buildSystemPrompt (C:/Users/박성현/Desktop/리더 네이버 자동화/src/promptLoader.ts:172:22)
    at buildSystemPromptFromHint (C:/Users/박성현/Desktop/리더 네이버 자동화/src/promptLoader.ts:212:10)
    at buildFullPrompt (C:/Users/박성현/Desktop/리더 네이버 자동화/src/promptLoader.ts:966:22)
    at buildModeBasedPrompt (C:/Users/박성현/Desktop/리더 네이버 자동화/src/contentGenerator.ts:2303:26)
    at C:/Users/박성현/Desktop/리더 네이버 자동화/src/__tests__/businessMode.test.ts:170:20
    at file:///C:/Users/%EB%B0%95%EC%84%B1%ED%98%84/Desktop/%EB%A6%AC%EB%8D%94%20%EB%84%A4%EC%9D%B4%EB%B2%84%20%EC%9E%90%EB%8F%99%ED%99%94/node_modules/@vitest/runner/dist/chunk-artifact.js:302:11
    at file:///C:/Users/%EB%B0%95%EC%84%B1%ED%98%84/Desktop/%EB%A6%AC%EB%8D%94%20%EB%84%A4%EC%9D%B4%EB%B2%84%20%EC%9E%90%EB%8F%99%ED%99%94/node_modules/@vitest/runner/dist/chunk-artifact.js:1903:26
    at file:///C:/Users/%EB%B0%95%EC%84%B1%ED%98%84/Desktop/%EB%A6%AC%EB%8D%94%20%EB%84%A4%EC%9D%B4%EB%B2%84%20%EC%9E%90%EB%8F%99%ED%99%94/node_modules/@vitest/runner/dist/chunk-artifact.js:2326:20
[PromptLoader] base 프롬프트 로드 실패: business/base.prompt

stdout | src/__tests__/contentValidationPipeline.test.ts > contentValidationPipeline — price artifact scanner (2nd-line defense) > does not flag legitimate price mention like "15,370원에 판매 중"
[QualityChecker] ✅ Critical 위반 없음

stderr | src/__tests__/contentSelfCritique.test.ts > selfCritiqueAndRewrite > rejects rewrites that balloon too much (safety guard)
[SelfCritique] 길이 변화율(200%)이 안전 범위를 벗어남 — 원본 유지

stdout | src/__tests__/contentValidationPipeline.test.ts > contentValidationPipeline — price artifact scanner (2nd-line defense) > flags extended body patterns (0원 할인/특가/구매/세일)
[QualityChecker] ✅ Critical 위반 없음
[QualityChecker] ✅ Critical 위반 없음
[QualityChecker] ✅ Critical 위반 없음
[QualityChecker] ✅ Critical 위반 없음

stderr | src/__tests__/contentSelfCritique.test.ts > selfCritiqueAndRewrite > falls back to original when LLM call throws
[SelfCritique] 호출/파싱 실패, 원본 유지: network

stdout | src/__tests__/contentValidationPipeline.test.ts > contentValidationPipeline — price artifact scanner (2nd-line defense) > flags "0원" artifact in heading title (short form bypass guard)
[QualityChecker] ✅ Critical 위반 없음

stderr | src/__tests__/contentSelfCritique.test.ts > selfCritiqueAndRewrite > falls back when LLM returns invalid JSON
[SelfCritique] 호출/파싱 실패, 원본 유지: Unexpected token 'o', "not json" is not valid JSON

stdout | src/__tests__/businessMode.test.ts > Business 모드 — 키워드/소제목 강제 지시 > 메인 키워드 강제 지시 포함
[PromptBuilder] ✅ 사용자 선택 글톤 적용: professional (mode: business)
[PromptLoader] 말투 보정 최종 적용: professional
[PromptBuilder] 글톤 및 프롬프트 생성 완료: professional, 메인키워드=부산 인테리어
[PromptBuilder] 2축 분리 프롬프트 생성: mode=business, category=general, isFullAuto=false, isReviewType=false
[BusinessAngle] 🎲 이번 글 강조 각도: 가격 투명성

stdout | src/__tests__/contentValidationPipeline.test.ts > contentValidationPipeline — price artifact scanner (2nd-line defense) > flags "가격 정보 없음" even if it only appears in a heading
[QualityChecker] ✅ Critical 위반 없음

stderr | src/__tests__/businessMode.test.ts > Business 모드 — 키워드/소제목 강제 지시 > 메인 키워드 강제 지시 포함
[PromptLoader] 프롬프트 파일 로드 실패: business/base.prompt TypeError: __vite_ssr_import_2__.app.getAppPath is not a function
    at getPromptsDir (C:/Users/박성현/Desktop/리더 네이버 자동화/src/promptLoader.ts:29:26)
    at loadPromptFile (C:/Users/박성현/Desktop/리더 네이버 자동화/src/promptLoader.ts:126:32)
    at buildSystemPrompt (C:/Users/박성현/Desktop/리더 네이버 자동화/src/promptLoader.ts:172:22)
    at buildSystemPromptFromHint (C:/Users/박성현/Desktop/리더 네이버 자동화/src/promptLoader.ts:212:10)
    at buildFullPrompt (C:/Users/박성현/Desktop/리더 네이버 자동화/src/promptLoader.ts:966:22)
    at buildModeBasedPrompt (C:/Users/박성현/Desktop/리더 네이버 자동화/src/contentGenerator.ts:2303:26)
    at C:/Users/박성현/Desktop/리더 네이버 자동화/src/__tests__/businessMode.test.ts:185:20
    at file:///C:/Users/%EB%B0%95%EC%84%B1%ED%98%84/Desktop/%EB%A6%AC%EB%8D%94%20%EB%84%A4%EC%9D%B4%EB%B2%84%20%EC%9E%90%EB%8F%99%ED%99%94/node_modules/@vitest/runner/dist/chunk-artifact.js:302:11
    at file:///C:/Users/%EB%B0%95%EC%84%B1%ED%98%84/Desktop/%EB%A6%AC%EB%8D%94%20%EB%84%A4%EC%9D%B4%EB%B2%84%20%EC%9E%90%EB%8F%99%ED%99%94/node_modules/@vitest/runner/dist/chunk-artifact.js:1903:26
    at file:///C:/Users/%EB%B0%95%EC%84%B1%ED%98%84/Desktop/%EB%A6%AC%EB%8D%94%20%EB%84%A4%EC%9D%B4%EB%B2%84%20%EC%9E%90%EB%8F%99%ED%99%94/node_modules/@vitest/runner/dist/chunk-artifact.js:2326:20
[PromptLoader] base 프롬프트 로드 실패: business/base.prompt

stdout | src/__tests__/contentValidationPipeline.test.ts > contentValidationPipeline — price artifact scanner (2nd-line defense) > does NOT flag headings containing legitimate "10,000원" pricing
[QualityChecker] ✅ Critical 위반 없음

stdout | src/__tests__/contentValidationPipeline.test.ts > contentValidationPipeline — QUMA anchor scanner > warns when image count > 0 but anchor keywords are absent
[QualityChecker] ✅ Critical 위반 없음

stdout | src/__tests__/contentValidationPipeline.test.ts > contentValidationPipeline — QUMA anchor scanner > does not warn when imageCount is 0
[QualityChecker] ✅ Critical 위반 없음

stdout | src/__tests__/contentValidationPipeline.test.ts > contentValidationPipeline — non-blocking contract > never mutates the input content
[QualityChecker] ✅ Critical 위반 없음

stdout | src/__tests__/businessMode.test.ts > Business 모드 — 키워드/소제목 강제 지시 > 서브 키워드가 있으면 포함
[PromptBuilder] ✅ 사용자 선택 글톤 적용: professional (mode: business)
[PromptLoader] 말투 보정 최종 적용: professional
[PromptBuilder] 글톤 및 프롬프트 생성 완료: professional, 메인키워드=부산 인테리어
[PromptBuilder] 2축 분리 프롬프트 생성: mode=business, category=general, isFullAuto=false, isReviewType=false
[BusinessAngle] 🎲 이번 글 강조 각도: 빠른 견적 + 24시간 응답

stderr | src/__tests__/businessMode.test.ts > Business 모드 — 키워드/소제목 강제 지시 > 서브 키워드가 있으면 포함
[PromptLoader] 프롬프트 파일 로드 실패: business/base.prompt TypeError: __vite_ssr_import_2__.app.getAppPath is not a function
    at getPromptsDir (C:/Users/박성현/Desktop/리더 네이버 자동화/src/promptLoader.ts:29:26)
    at loadPromptFile (C:/Users/박성현/Desktop/리더 네이버 자동화/src/promptLoader.ts:126:32)
    at buildSystemPrompt (C:/Users/박성현/Desktop/리더 네이버 자동화/src/promptLoader.ts:172:22)
    at buildSystemPromptFromHint (C:/Users/박성현/Desktop/리더 네이버 자동화/src/promptLoader.ts:212:10)
    at buildFullPrompt (C:/Users/박성현/Desktop/리더 네이버 자동화/src/promptLoader.ts:966:22)
    at buildModeBasedPrompt (C:/Users/박성현/Desktop/리더 네이버 자동화/src/contentGenerator.ts:2303:26)
    at C:/Users/박성현/Desktop/리더 네이버 자동화/src/__tests__/businessMode.test.ts:195:20
    at file:///C:/Users/%EB%B0%95%EC%84%B1%ED%98%84/Desktop/%EB%A6%AC%EB%8D%94%20%EB%84%A4%EC%9D%B4%EB%B2%84%20%EC%9E%90%EB%8F%99%ED%99%94/node_modules/@vitest/runner/dist/chunk-artifact.js:302:11
    at file:///C:/Users/%EB%B0%95%EC%84%B1%ED%98%84/Desktop/%EB%A6%AC%EB%8D%94%20%EB%84%A4%EC%9D%B4%EB%B2%84%20%EC%9E%90%EB%8F%99%ED%99%94/node_modules/@vitest/runner/dist/chunk-artifact.js:1903:26
    at file:///C:/Users/%EB%B0%95%EC%84%B1%ED%98%84/Desktop/%EB%A6%AC%EB%8D%94%20%EB%84%A4%EC%9D%B4%EB%B2%84%20%EC%9E%90%EB%8F%99%ED%99%94/node_modules/@vitest/runner/dist/chunk-artifact.js:2326:20
[PromptLoader] base 프롬프트 로드 실패: business/base.prompt

stdout | src/__tests__/contentValidationPipeline.test.ts > contentValidationPipeline — non-blocking contract > is deterministic across repeated calls (pure function)
[QualityChecker] ✅ Critical 위반 없음
[QualityChecker] ✅ Critical 위반 없음

stdout | src/__tests__/verifyPreviousWork.test.ts > v1.4.12 — 슬림화 글자수 검증 > 모든 prompt 파일 합계가 v1.4.7 대비 슬림화됨
[v1.4.12 검증] 전체 .prompt 파일 합계: 248,416자

stdout | src/__tests__/businessMode.test.ts > Business 모드 — 최종 강제 조건 > 마지막에 [최종 강제 조건] 블록 포함
[PromptBuilder] ✅ 사용자 선택 글톤 적용: professional (mode: business)
[PromptLoader] 말투 보정 최종 적용: professional
[PromptBuilder] 글톤 및 프롬프트 생성 완료: professional, 메인키워드=부산 인테리어
[PromptBuilder] 2축 분리 프롬프트 생성: mode=business, category=general, isFullAuto=false, isReviewType=false
[BusinessAngle] 🎲 이번 글 강조 각도: 친절한 상담 + 고객 후기

stderr | src/__tests__/businessMode.test.ts > Business 모드 — 최종 강제 조건 > 마지막에 [최종 강제 조건] 블록 포함
[PromptLoader] 프롬프트 파일 로드 실패: business/base.prompt TypeError: __vite_ssr_import_2__.app.getAppPath is not a function
    at getPromptsDir (C:/Users/박성현/Desktop/리더 네이버 자동화/src/promptLoader.ts:29:26)
    at loadPromptFile (C:/Users/박성현/Desktop/리더 네이버 자동화/src/promptLoader.ts:126:32)
    at buildSystemPrompt (C:/Users/박성현/Desktop/리더 네이버 자동화/src/promptLoader.ts:172:22)
    at buildSystemPromptFromHint (C:/Users/박성현/Desktop/리더 네이버 자동화/src/promptLoader.ts:212:10)
    at buildFullPrompt (C:/Users/박성현/Desktop/리더 네이버 자동화/src/promptLoader.ts:966:22)
    at buildModeBasedPrompt (C:/Users/박성현/Desktop/리더 네이버 자동화/src/contentGenerator.ts:2303:26)
    at C:/Users/박성현/Desktop/리더 네이버 자동화/src/__tests__/businessMode.test.ts:207:20
    at file:///C:/Users/%EB%B0%95%EC%84%B1%ED%98%84/Desktop/%EB%A6%AC%EB%8D%94%20%EB%84%A4%EC%9D%B4%EB%B2%84%20%EC%9E%90%EB%8F%99%ED%99%94/node_modules/@vitest/runner/dist/chunk-artifact.js:302:11
    at file:///C:/Users/%EB%B0%95%EC%84%B1%ED%98%84/Desktop/%EB%A6%AC%EB%8D%94%20%EB%84%A4%EC%9D%B4%EB%B2%84%20%EC%9E%90%EB%8F%99%ED%99%94/node_modules/@vitest/runner/dist/chunk-artifact.js:1903:26
    at file:///C:/Users/%EB%B0%95%EC%84%B1%ED%98%84/Desktop/%EB%A6%AC%EB%8D%94%20%EB%84%A4%EC%9D%B4%EB%B2%84%20%EC%9E%90%EB%8F%99%ED%99%94/node_modules/@vitest/runner/dist/chunk-artifact.js:2326:20
[PromptLoader] base 프롬프트 로드 실패: business/base.prompt

 ✓ src/__tests__/verifyPreviousWork.test.ts > v1.4.12 — 슬림화 글자수 검증 > seo/base.prompt 파일 자체가 v1.4.7 대비 슬림화됨 40ms
 ✓ src/__tests__/verifyPreviousWork.test.ts > v1.4.12 — 슬림화 글자수 검증 > homefeed/base.prompt 파일 자체가 v1.4.7 대비 슬림화됨 13ms
 ✓ src/__tests__/verifyPreviousWork.test.ts > v1.4.12 — 슬림화 글자수 검증 > 모든 prompt 파일 합계가 v1.4.7 대비 슬림화됨 85ms
 ✓ src/__tests__/contentSelfCritique.test.ts > parseCritiqueResponse > parses a well-formed rewrite JSON 4ms
 ✓ src/__tests__/contentSelfCritique.test.ts > parseCritiqueResponse > handles no-op response (rewrote=false) 1ms
 ✓ src/__tests__/contentSelfCritique.test.ts > parseCritiqueResponse > strips markdown fences 0ms
 ✓ src/__tests__/contentSelfCritique.test.ts > selfCritiqueAndRewrite > skips when body is too short 2ms
 ✓ src/__tests__/contentSelfCritique.test.ts > selfCritiqueAndRewrite > returns rewritten body when LLM rewrites 1ms
 ✓ src/__tests__/contentSelfCritique.test.ts > selfCritiqueAndRewrite > preserves original when LLM signals no-op 1ms
 ✓ src/__tests__/contentSelfCritique.test.ts > selfCritiqueAndRewrite > rejects rewrites that lose too much content (safety guard) 2ms
 ✓ src/__tests__/contentSelfCritique.test.ts > selfCritiqueAndRewrite > rejects rewrites that balloon too much (safety guard) 1ms
 ✓ src/__tests__/contentSelfCritique.test.ts > selfCritiqueAndRewrite > falls back to original when LLM call throws 1ms
 ✓ src/__tests__/contentSelfCritique.test.ts > selfCritiqueAndRewrite > falls back when LLM returns invalid JSON 1ms
 ✓ src/__tests__/contentSelfCritique.test.ts > selfCritiqueAndRewrite > Phase 2.3 — extraDirective가 LLM 프롬프트에 포함됨 3ms
 ✓ src/__tests__/contentSelfCritique.test.ts > selfCritiqueAndRewrite > Phase 2.3 — extraDirective 없으면 기존 프롬프트 그대로 1ms
 ✓ src/__tests__/contentSelfCritique.test.ts > isSelfCritiqueEnabled > respects explicit config flag 0ms
 ✓ src/__tests__/contentSelfCritique.test.ts > isSelfCritiqueEnabled > reads ENABLE_SELF_CRITIQUE env when config omitted 1ms
 ✓ src/__tests__/contentValidationPipeline.test.ts > contentValidationPipeline — baseline > passes clean content without critical issues 6ms
 ✓ src/__tests__/contentValidationPipeline.test.ts > contentValidationPipeline — baseline > reports verification-loop misses for a weak conclusion 1ms
 ✓ src/__tests__/contentValidationPipeline.test.ts > contentValidationPipeline — price artifact scanner (2nd-line defense) > flags "0원에 판매 중" as critical 1ms
 ✓ src/__tests__/contentValidationPipeline.test.ts > contentValidationPipeline — price artifact scanner (2nd-line defense) > flags "가격 정보 없음" as critical 1ms
 ✓ src/__tests__/contentValidationPipeline.test.ts > contentValidationPipeline — price artifact scanner (2nd-line defense) > does not flag legitimate price mention like "15,370원에 판매 중" 1ms
 ✓ src/__tests__/contentValidationPipeline.test.ts > contentValidationPipeline — price artifact scanner (2nd-line defense) > flags extended body patterns (0원 할인/특가/구매/세일) 1ms
 ✓ src/__tests__/contentValidationPipeline.test.ts > contentValidationPipeline — price artifact scanner (2nd-line defense) > flags "0원" artifact in heading title (short form bypass guard) 1ms
 ✓ src/__tests__/contentValidationPipeline.test.ts > contentValidationPipeline — price artifact scanner (2nd-line defense) > flags "가격 정보 없음" even if it only appears in a heading 1ms
 ✓ src/__tests__/contentValidationPipeline.test.ts > contentValidationPipeline — price artifact scanner (2nd-line defense) > does NOT flag headings containing legitimate "10,000원" pricing 1ms
 ✓ src/__tests__/contentValidationPipeline.test.ts > contentValidationPipeline — QUMA anchor scanner > warns when image count > 0 but anchor keywords are absent 1ms
 ✓ src/__tests__/contentValidationPipeline.test.ts > contentValidationPipeline — QUMA anchor scanner > does not warn when imageCount is 0 1ms
 ✓ src/__tests__/contentValidationPipeline.test.ts > contentValidationPipeline — non-blocking contract > never mutates the input content 1ms
 ✓ src/__tests__/contentValidationPipeline.test.ts > contentValidationPipeline — non-blocking contract > is deterministic across repeated calls (pure function) 2ms
stdout | src/__tests__/businessMode.test.ts > Business 모드 — 최종 강제 조건 > 글자수 지침 포함 (minChars 전달 시)
[PromptBuilder] ✅ 사용자 선택 글톤 적용: professional (mode: business)
[PromptLoader] 말투 보정 최종 적용: professional
[PromptBuilder] 글톤 및 프롬프트 생성 완료: professional, 메인키워드=부산 인테리어
[PromptBuilder] 2축 분리 프롬프트 생성: mode=business, category=general, isFullAuto=false, isReviewType=false
[BusinessAngle] 🎲 이번 글 강조 각도: 가격 투명성

stderr | src/__tests__/businessMode.test.ts > Business 모드 — 최종 강제 조건 > 글자수 지침 포함 (minChars 전달 시)
[PromptLoader] 프롬프트 파일 로드 실패: business/base.prompt TypeError: __vite_ssr_import_2__.app.getAppPath is not a function
    at getPromptsDir (C:/Users/박성현/Desktop/리더 네이버 자동화/src/promptLoader.ts:29:26)
    at loadPromptFile (C:/Users/박성현/Desktop/리더 네이버 자동화/src/promptLoader.ts:126:32)
    at buildSystemPrompt (C:/Users/박성현/Desktop/리더 네이버 자동화/src/promptLoader.ts:172:22)
    at buildSystemPromptFromHint (C:/Users/박성현/Desktop/리더 네이버 자동화/src/promptLoader.ts:212:10)
    at buildFullPrompt (C:/Users/박성현/Desktop/리더 네이버 자동화/src/promptLoader.ts:966:22)
    at buildModeBasedPrompt (C:/Users/박성현/Desktop/리더 네이버 자동화/src/contentGenerator.ts:2303:26)
    at C:/Users/박성현/Desktop/리더 네이버 자동화/src/__tests__/businessMode.test.ts:214:20
    at file:///C:/Users/%EB%B0%95%EC%84%B1%ED%98%84/Desktop/%EB%A6%AC%EB%8D%94%20%EB%84%A4%EC%9D%B4%EB%B2%84%20%EC%9E%90%EB%8F%99%ED%99%94/node_modules/@vitest/runner/dist/chunk-artifact.js:302:11
    at file:///C:/Users/%EB%B0%95%EC%84%B1%ED%98%84/Desktop/%EB%A6%AC%EB%8D%94%20%EB%84%A4%EC%9D%B4%EB%B2%84%20%EC%9E%90%EB%8F%99%ED%99%94/node_modules/@vitest/runner/dist/chunk-artifact.js:1903:26
    at file:///C:/Users/%EB%B0%95%EC%84%B1%ED%98%84/Desktop/%EB%A6%AC%EB%8D%94%20%EB%84%A4%EC%9D%B4%EB%B2%84%20%EC%9E%90%EB%8F%99%ED%99%94/node_modules/@vitest/runner/dist/chunk-artifact.js:2326:20
[PromptLoader] base 프롬프트 로드 실패: business/base.prompt

stdout | src/__tests__/businessMode.test.ts > Business 모드 — 캐시 적중률 > 같은 모드/카테고리, 다른 businessInfo: system 부분 동일
[PromptBuilder] ✅ 사용자 선택 글톤 적용: professional (mode: business)
[PromptLoader] 말투 보정 최종 적용: professional
[PromptBuilder] 글톤 및 프롬프트 생성 완료: professional, 메인키워드=부산 인테리어
[PromptBuilder] 2축 분리 프롬프트 생성: mode=business, category=general, isFullAuto=false, isReviewType=false
[BusinessAngle] 🎲 이번 글 강조 각도: A/S 보장 (사후 관리)
[PromptBuilder] ✅ 사용자 선택 글톤 적용: professional (mode: business)
[PromptLoader] 말투 보정 최종 적용: professional
[PromptBuilder] 글톤 및 프롬프트 생성 완료: professional, 메인키워드=부산 인테리어
[PromptBuilder] 2축 분리 프롬프트 생성: mode=business, category=general, isFullAuto=false, isReviewType=false
[BusinessAngle] 🎲 이번 글 강조 각도: 가격 투명성

stderr | src/__tests__/businessMode.test.ts > Business 모드 — 캐시 적중률 > 같은 모드/카테고리, 다른 businessInfo: system 부분 동일
[PromptLoader] 프롬프트 파일 로드 실패: business/base.prompt TypeError: __vite_ssr_import_2__.app.getAppPath is not a function
    at getPromptsDir (C:/Users/박성현/Desktop/리더 네이버 자동화/src/promptLoader.ts:29:26)
    at loadPromptFile (C:/Users/박성현/Desktop/리더 네이버 자동화/src/promptLoader.ts:126:32)
    at buildSystemPrompt (C:/Users/박성현/Desktop/리더 네이버 자동화/src/promptLoader.ts:172:22)
    at buildSystemPromptFromHint (C:/Users/박성현/Desktop/리더 네이버 자동화/src/promptLoader.ts:212:10)
    at buildFullPrompt (C:/Users/박성현/Desktop/리더 네이버 자동화/src/promptLoader.ts:966:22)
    at buildModeBasedPrompt (C:/Users/박성현/Desktop/리더 네이버 자동화/src/contentGenerator.ts:2303:26)
    at C:/Users/박성현/Desktop/리더 네이버 자동화/src/__tests__/businessMode.test.ts:227:21
    at file:///C:/Users/%EB%B0%95%EC%84%B1%ED%98%84/Desktop/%EB%A6%AC%EB%8D%94%20%EB%84%A4%EC%9D%B4%EB%B2%84%20%EC%9E%90%EB%8F%99%ED%99%94/node_modules/@vitest/runner/dist/chunk-artifact.js:302:11
    at file:///C:/Users/%EB%B0%95%EC%84%B1%ED%98%84/Desktop/%EB%A6%AC%EB%8D%94%20%EB%84%A4%EC%9D%B4%EB%B2%84%20%EC%9E%90%EB%8F%99%ED%99%94/node_modules/@vitest/runner/dist/chunk-artifact.js:1903:26
    at file:///C:/Users/%EB%B0%95%EC%84%B1%ED%98%84/Desktop/%EB%A6%AC%EB%8D%94%20%EB%84%A4%EC%9D%B4%EB%B2%84%20%EC%9E%90%EB%8F%99%ED%99%94/node_modules/@vitest/runner/dist/chunk-artifact.js:2326:20
[PromptLoader] base 프롬프트 로드 실패: business/base.prompt
[PromptLoader] 프롬프트 파일 로드 실패: business/base.prompt TypeError: __vite_ssr_import_2__.app.getAppPath is not a function
    at getPromptsDir (C:/Users/박성현/Desktop/리더 네이버 자동화/src/promptLoader.ts:29:26)
    at loadPromptFile (C:/Users/박성현/Desktop/리더 네이버 자동화/src/promptLoader.ts:126:32)
    at buildSystemPrompt (C:/Users/박성현/Desktop/리더 네이버 자동화/src/promptLoader.ts:172:22)
    at buildSystemPromptFromHint (C:/Users/박성현/Desktop/리더 네이버 자동화/src/promptLoader.ts:212:10)
    at buildFullPrompt (C:/Users/박성현/Desktop/리더 네이버 자동화/src/promptLoader.ts:966:22)
    at buildModeBasedPrompt (C:/Users/박성현/Desktop/리더 네이버 자동화/src/contentGenerator.ts:2303:26)
    at C:/Users/박성현/Desktop/리더 네이버 자동화/src/__tests__/businessMode.test.ts:228:21
    at file:///C:/Users/%EB%B0%95%EC%84%B1%ED%98%84/Desktop/%EB%A6%AC%EB%8D%94%20%EB%84%A4%EC%9D%B4%EB%B2%84%20%EC%9E%90%EB%8F%99%ED%99%94/node_modules/@vitest/runner/dist/chunk-artifact.js:302:11
    at file:///C:/Users/%EB%B0%95%EC%84%B1%ED%98%84/Desktop/%EB%A6%AC%EB%8D%94%20%EB%84%A4%EC%9D%B4%EB%B2%84%20%EC%9E%90%EB%8F%99%ED%99%94/node_modules/@vitest/runner/dist/chunk-artifact.js:1903:26
    at file:///C:/Users/%EB%B0%95%EC%84%B1%ED%98%84/Desktop/%EB%A6%AC%EB%8D%94%20%EB%84%A4%EC%9D%B4%EB%B2%84%20%EC%9E%90%EB%8F%99%ED%99%94/node_modules/@vitest/runner/dist/chunk-artifact.js:2326:20
[PromptLoader] base 프롬프트 로드 실패: business/base.prompt

stdout | src/__tests__/businessMode.test.ts > Business 모드 — 캐시 적중률 > 다른 minChars: system 부분 동일 (글자수는 user 파트로 이동됨)
[PromptBuilder] ✅ 사용자 선택 글톤 적용: professional (mode: business)
[PromptLoader] 말투 보정 최종 적용: professional
[PromptBuilder] 글톤 및 프롬프트 생성 완료: professional, 메인키워드=부산 인테리어
[PromptBuilder] 2축 분리 프롬프트 생성: mode=business, category=general, isFullAuto=false, isReviewType=false
[BusinessAngle] 🎲 이번 글 강조 각도: A/S 보장 (사후 관리)
[PromptBuilder] ✅ 사용자 선택 글톤 적용: professional (mode: business)
[PromptLoader] 말투 보정 최종 적용: professional
[PromptBuilder] 글톤 및 프롬프트 생성 완료: professional, 메인키워드=부산 인테리어
[PromptBuilder] 2축 분리 프롬프트 생성: mode=business, category=general, isFullAuto=false, isReviewType=false
[BusinessAngle] 🎲 이번 글 강조 각도: 무료 상담 + 비교 견적

stderr | src/__tests__/businessMode.test.ts > Business 모드 — 캐시 적중률 > 다른 minChars: system 부분 동일 (글자수는 user 파트로 이동됨)
[PromptLoader] 프롬프트 파일 로드 실패: business/base.prompt TypeError: __vite_ssr_import_2__.app.getAppPath is not a function
    at getPromptsDir (C:/Users/박성현/Desktop/리더 네이버 자동화/src/promptLoader.ts:29:26)
    at loadPromptFile (C:/Users/박성현/Desktop/리더 네이버 자동화/src/promptLoader.ts:126:32)
    at buildSystemPrompt (C:/Users/박성현/Desktop/리더 네이버 자동화/src/promptLoader.ts:172:22)
    at buildSystemPromptFromHint (C:/Users/박성현/Desktop/리더 네이버 자동화/src/promptLoader.ts:212:10)
    at buildFullPrompt (C:/Users/박성현/Desktop/리더 네이버 자동화/src/promptLoader.ts:966:22)
    at buildModeBasedPrompt (C:/Users/박성현/Desktop/리더 네이버 자동화/src/contentGenerator.ts:2303:26)
    at C:/Users/박성현/Desktop/리더 네이버 자동화/src/__tests__/businessMode.test.ts:240:21
    at file:///C:/Users/%EB%B0%95%EC%84%B1%ED%98%84/Desktop/%EB%A6%AC%EB%8D%94%20%EB%84%A4%EC%9D%B4%EB%B2%84%20%EC%9E%90%EB%8F%99%ED%99%94/node_modules/@vitest/runner/dist/chunk-artifact.js:302:11
    at file:///C:/Users/%EB%B0%95%EC%84%B1%ED%98%84/Desktop/%EB%A6%AC%EB%8D%94%20%EB%84%A4%EC%9D%B4%EB%B2%84%20%EC%9E%90%EB%8F%99%ED%99%94/node_modules/@vitest/runner/dist/chunk-artifact.js:1903:26
    at file:///C:/Users/%EB%B0%95%EC%84%B1%ED%98%84/Desktop/%EB%A6%AC%EB%8D%94%20%EB%84%A4%EC%9D%B4%EB%B2%84%20%EC%9E%90%EB%8F%99%ED%99%94/node_modules/@vitest/runner/dist/chunk-artifact.js:2326:20
[PromptLoader] base 프롬프트 로드 실패: business/base.prompt
[PromptLoader] 프롬프트 파일 로드 실패: business/base.prompt TypeError: __vite_ssr_import_2__.app.getAppPath is not a function
    at getPromptsDir (C:/Users/박성현/Desktop/리더 네이버 자동화/src/promptLoader.ts:29:26)
    at loadPromptFile (C:/Users/박성현/Desktop/리더 네이버 자동화/src/promptLoader.ts:126:32)
    at buildSystemPrompt (C:/Users/박성현/Desktop/리더 네이버 자동화/src/promptLoader.ts:172:22)
    at buildSystemPromptFromHint (C:/Users/박성현/Desktop/리더 네이버 자동화/src/promptLoader.ts:212:10)
    at buildFullPrompt (C:/Users/박성현/Desktop/리더 네이버 자동화/src/promptLoader.ts:966:22)
    at buildModeBasedPrompt (C:/Users/박성현/Desktop/리더 네이버 자동화/src/contentGenerator.ts:2303:26)
    at C:/Users/박성현/Desktop/리더 네이버 자동화/src/__tests__/businessMode.test.ts:241:21
    at file:///C:/Users/%EB%B0%95%EC%84%B1%ED%98%84/Desktop/%EB%A6%AC%EB%8D%94%20%EB%84%A4%EC%9D%B4%EB%B2%84%20%EC%9E%90%EB%8F%99%ED%99%94/node_modules/@vitest/runner/dist/chunk-artifact.js:302:11
    at file:///C:/Users/%EB%B0%95%EC%84%B1%ED%98%84/Desktop/%EB%A6%AC%EB%8D%94%20%EB%84%A4%EC%9D%B4%EB%B2%84%20%EC%9E%90%EB%8F%99%ED%99%94/node_modules/@vitest/runner/dist/chunk-artifact.js:1903:26
    at file:///C:/Users/%EB%B0%95%EC%84%B1%ED%98%84/Desktop/%EB%A6%AC%EB%8D%94%20%EB%84%A4%EC%9D%B4%EB%B2%84%20%EC%9E%90%EB%8F%99%ED%99%94/node_modules/@vitest/runner/dist/chunk-artifact.js:2326:20
[PromptLoader] base 프롬프트 로드 실패: business/base.prompt

stdout | src/__tests__/businessMode.test.ts > validateBusinessContent — 가짜 번호 + 광고법 검증 > 정상 케이스: 모든 정보 일치 → critical 없음
[BusinessValidator] 🔍 업체 홍보 모드 검증 시작...

stderr | src/__tests__/businessMode.test.ts > validateBusinessContent — 가짜 번호 + 광고법 검증 > 정상 케이스: 모든 정보 일치 → critical 없음
[BusinessValidator] ⚠️ 경고 2개: [ '카카오톡 "abc_interior"가 본문에 없음', '주소 일부가 본문에 없음' ]

stdout | src/__tests__/businessMode.test.ts > validateBusinessContent — 가짜 번호 + 광고법 검증 > 업체명 누락 → critical violation
[BusinessValidator] 🔍 업체 홍보 모드 검증 시작...

stderr | src/__tests__/businessMode.test.ts > validateBusinessContent — 가짜 번호 + 광고법 검증 > 업체명 누락 → critical violation
[BusinessValidator] ❌ Critical 위반 1개: [ '업체명 "ABC인테리어"이 본문에 한 번도 없음 (필수 8~12회 반복)' ]
[BusinessValidator] ⚠️ 경고 2개: [ '카카오톡 "abc_interior"가 본문에 없음', '주소 일부가 본문에 없음' ]

stdout | src/__tests__/businessMode.test.ts > validateBusinessContent — 가짜 번호 + 광고법 검증 > 전화번호 누락 → critical violation
[BusinessValidator] 🔍 업체 홍보 모드 검증 시작...

stderr | src/__tests__/businessMode.test.ts > validateBusinessContent — 가짜 번호 + 광고법 검증 > 전화번호 누락 → critical violation
[BusinessValidator] ❌ Critical 위반 1개: [ '전화번호 "051-123-4567"이 본문에 없음 — AI가 가짜 번호 생성 또는 누락' ]
[BusinessValidator] ⚠️ 경고 2개: [ '카카오톡 "abc_interior"가 본문에 없음', '주소 일부가 본문에 없음' ]

stdout | src/__tests__/businessMode.test.ts > validateBusinessContent — 가짜 번호 + 광고법 검증 > 가짜 전화번호 감지 → critical violation
[BusinessValidator] 🔍 업체 홍보 모드 검증 시작...

stderr | src/__tests__/businessMode.test.ts > validateBusinessContent — 가짜 번호 + 광고법 검증 > 가짜 전화번호 감지 → critical violation
[BusinessValidator] ❌ Critical 위반 1개: [ '⛔ 가짜 전화번호 감지: "010-9999-0000" (입력값 "051-123-4567"과 다름)' ]
[BusinessValidator] ⚠️ 경고 2개: [ '카카오톡 "abc_interior"가 본문에 없음', '주소 일부가 본문에 없음' ]

stdout | src/__tests__/businessMode.test.ts > validateBusinessContent — 가짜 번호 + 광고법 검증 > 지역구인데 지역명 누락 → critical violation
[BusinessValidator] 🔍 업체 홍보 모드 검증 시작...

stderr | src/__tests__/businessMode.test.ts > validateBusinessContent — 가짜 번호 + 광고법 검증 > 지역구인데 지역명 누락 → critical violation
[BusinessValidator] ❌ Critical 위반 1개: [ '지역명 "부산"이 본문/제목에 없음 (지역구 모드 필수)' ]
[BusinessValidator] ⚠️ 경고 2개: [ '카카오톡 "abc_interior"가 본문에 없음', '주소 일부가 본문에 없음' ]

stdout | src/__tests__/businessMode.test.ts > validateBusinessContent — 가짜 번호 + 광고법 검증 > 소제목 5개 미만 → critical violation
[BusinessValidator] 🔍 업체 홍보 모드 검증 시작...

stderr | src/__tests__/businessMode.test.ts > validateBusinessContent — 가짜 번호 + 광고법 검증 > 소제목 5개 미만 → critical violation
[BusinessValidator] ❌ Critical 위반 1개: [ '소제목 2개 (필수 5~7개)' ]
[BusinessValidator] ⚠️ 경고 3개: [
  '카카오톡 "abc_interior"가 본문에 없음',
  '주소 일부가 본문에 없음',
  '마지막 소제목이 CTA 안내 아님: "부산 인테리어 2" (필수: 문의/견적/상담/연락처 키워드)'
]

stdout | src/__tests__/businessMode.test.ts > validateBusinessContent — 가짜 번호 + 광고법 검증 > 마지막 소제목 CTA 아니면 warning
[BusinessValidator] 🔍 업체 홍보 모드 검증 시작...

stderr | src/__tests__/businessMode.test.ts > validateBusinessContent — 가짜 번호 + 광고법 검증 > 마지막 소제목 CTA 아니면 warning
[BusinessValidator] ⚠️ 경고 3개: [
  '카카오톡 "abc_interior"가 본문에 없음',
  '주소 일부가 본문에 없음',
  '마지막 소제목이 CTA 안내 아님: "부산 인테리어 5" (필수: 문의/견적/상담/연락처 키워드)'
]

stdout | src/__tests__/businessMode.test.ts > validateBusinessContent — 가짜 번호 + 광고법 검증 > 광고법 단정 표현 감지 → critical violation
[BusinessValidator] 🔍 업체 홍보 모드 검증 시작...

stderr | src/__tests__/businessMode.test.ts > validateBusinessContent — 가짜 번호 + 광고법 검증 > 광고법 단정 표현 감지 → critical violation
[BusinessValidator] ❌ Critical 위반 2개: [ '⛔ 광고법 위반 표현 감지: "100% 만족"', '⛔ 광고법 위반 표현 감지: "최저가"' ]
[BusinessValidator] ⚠️ 경고 2개: [ '카카오톡 "abc_interior"가 본문에 없음', '주소 일부가 본문에 없음' ]

stdout | src/__tests__/businessMode.test.ts > validateBusinessContent — 가짜 번호 + 광고법 검증 > 전국구인데 특정 지역명 발견 → warning
[BusinessValidator] 🔍 업체 홍보 모드 검증 시작...

stderr | src/__tests__/businessMode.test.ts > validateBusinessContent — 가짜 번호 + 광고법 검증 > 전국구인데 특정 지역명 발견 → warning
[BusinessValidator] ⚠️ 경고 3개: [
  '카카오톡 "korea_interior"가 본문에 없음',
  '주소 일부가 본문에 없음',
  '전국구인데 특정 지역명 발견: 강남, 송파'
]

 ✓ src/__tests__/businessMode.test.ts > Business 모드 — 다양성 엔진 (Angle) > SEO 모드는 angle directive 미포함 5ms
 ✓ src/__tests__/businessMode.test.ts > Business 모드 — previousTitles 회피 > previousTitles가 있으면 프롬프트에 포함 3ms
 ✓ src/__tests__/businessMode.test.ts > Business 모드 — previousTitles 회피 > previousTitles 없으면 블록 미포함 2ms
 ✓ src/__tests__/businessMode.test.ts > Business 모드 — previousTitles 회피 > 5개 초과 시 마지막 5개만 표시 14ms
 ✓ src/__tests__/businessMode.test.ts > Business 모드 — 키워드/소제목 강제 지시 > 메인 키워드 강제 지시 포함 7ms
 ✓ src/__tests__/businessMode.test.ts > Business 모드 — 키워드/소제목 강제 지시 > 서브 키워드가 있으면 포함 2ms
 ✓ src/__tests__/businessMode.test.ts > Business 모드 — 최종 강제 조건 > 마지막에 [최종 강제 조건] 블록 포함 2ms
 ✓ src/__tests__/businessMode.test.ts > Business 모드 — 최종 강제 조건 > 글자수 지침 포함 (minChars 전달 시) 3ms
 ✓ src/__tests__/businessMode.test.ts > Business 모드 — 캐시 적중률 > 같은 모드/카테고리, 다른 businessInfo: system 부분 동일 2ms
 ✓ src/__tests__/businessMode.test.ts > Business 모드 — 캐시 적중률 > 다른 minChars: system 부분 동일 (글자수는 user 파트로 이동됨) 3ms
 ✓ src/__tests__/businessMode.test.ts > validateBusinessContent — 가짜 번호 + 광고법 검증 > 정상 케이스: 모든 정보 일치 → critical 없음 5ms
 ✓ src/__tests__/businessMode.test.ts > validateBusinessContent — 가짜 번호 + 광고법 검증 > 업체명 누락 → critical violation 1ms
 ✓ src/__tests__/businessMode.test.ts > validateBusinessContent — 가짜 번호 + 광고법 검증 > 전화번호 누락 → critical violation 2ms
 ✓ src/__tests__/businessMode.test.ts > validateBusinessContent — 가짜 번호 + 광고법 검증 > 가짜 전화번호 감지 → critical violation 2ms
 ✓ src/__tests__/businessMode.test.ts > validateBusinessContent — 가짜 번호 + 광고법 검증 > 지역구인데 지역명 누락 → critical violation 1ms
 ✓ src/__tests__/businessMode.test.ts > validateBusinessContent — 가짜 번호 + 광고법 검증 > 소제목 5개 미만 → critical violation 1ms
 ✓ src/__tests__/businessMode.test.ts > validateBusinessContent — 가짜 번호 + 광고법 검증 > 마지막 소제목 CTA 아니면 warning 1ms
 ✓ src/__tests__/businessMode.test.ts > validateBusinessContent — 가짜 번호 + 광고법 검증 > 광고법 단정 표현 감지 → critical violation 1ms
 ✓ src/__tests__/businessMode.test.ts > validateBusinessContent — 가짜 번호 + 광고법 검증 > 전국구인데 특정 지역명 발견 → warning 1ms
 ✓ src/__tests__/businessMode.test.ts > validateBusinessContent — 가짜 번호 + 광고법 검증 > non-business 모드는 검증 스킵 1ms
 ✓ src/__tests__/businessMode.test.ts > Business 모드 — 카테고리 prompt 파일 > 4개 카테고리 prompt 파일 모두 존재 1ms
 ✓ src/__tests__/businessMode.test.ts > Business 모드 — 카테고리 prompt 파일 > 의료 카테고리는 의료광고법 56조 강력 명시 1ms
 ✓ src/__tests__/businessMode.test.ts > Business 모드 — 카테고리 prompt 파일 > construction 카테고리는 평수별 가격 가이드 포함 0ms
 ✓ src/__tests__/businessMode.test.ts > TONE_PERSONAS — 단일 소스 진실 > 10개 톤 모두 정의됨 2ms
stdout | src/__tests__/verifyPreviousWork.test.ts > v1.4.18 — 캐시 적중률 (SEO/홈판 모드) > SEO 모드: 다른 키워드라도 system 부분 동일
[PromptBuilder] ✅ 사용자 선택 글톤 적용: professional (mode: seo)
[PromptLoader] 말투 보정 최종 적용: professional
[PromptBuilder] 글톤 및 프롬프트 생성 완료: professional, 메인키워드=키워드1
[PromptBuilder] 2축 분리 프롬프트 생성: mode=seo, category=general, isFullAuto=false, isReviewType=false
[PromptBuilder] ✅ 사용자 선택 글톤 적용: professional (mode: seo)
[PromptLoader] 말투 보정 최종 적용: professional
[PromptBuilder] 글톤 및 프롬프트 생성 완료: professional, 메인키워드=완전다른키워드
[PromptBuilder] 2축 분리 프롬프트 생성: mode=seo, category=general, isFullAuto=false, isReviewType=false

stderr | src/__tests__/verifyPreviousWork.test.ts > v1.4.18 — 캐시 적중률 (SEO/홈판 모드) > SEO 모드: 다른 키워드라도 system 부분 동일
[PromptLoader] 프롬프트 파일 로드 실패: seo/base.prompt TypeError: __vite_ssr_import_2__.app.getAppPath is not a function
    at getPromptsDir (C:/Users/박성현/Desktop/리더 네이버 자동화/src/promptLoader.ts:29:26)
    at loadPromptFile (C:/Users/박성현/Desktop/리더 네이버 자동화/src/promptLoader.ts:126:32)
    at buildSystemPrompt (C:/Users/박성현/Desktop/리더 네이버 자동화/src/promptLoader.ts:172:22)
    at buildSystemPromptFromHint (C:/Users/박성현/Desktop/리더 네이버 자동화/src/promptLoader.ts:212:10)
    at buildFullPrompt (C:/Users/박성현/Desktop/리더 네이버 자동화/src/promptLoader.ts:966:22)
    at buildModeBasedPrompt (C:/Users/박성현/Desktop/리더 네이버 자동화/src/contentGenerator.ts:2303:26)
    at C:/Users/박성현/Desktop/리더 네이버 자동화/src/__tests__/verifyPreviousWork.test.ts:219:16
    at file:///C:/Users/%EB%B0%95%EC%84%B1%ED%98%84/Desktop/%EB%A6%AC%EB%8D%94%20%EB%84%A4%EC%9D%B4%EB%B2%84%20%EC%9E%90%EB%8F%99%ED%99%94/node_modules/@vitest/runner/dist/chunk-artifact.js:302:11
    at file:///C:/Users/%EB%B0%95%EC%84%B1%ED%98%84/Desktop/%EB%A6%AC%EB%8D%94%20%EB%84%A4%EC%9D%B4%EB%B2%84%20%EC%9E%90%EB%8F%99%ED%99%94/node_modules/@vitest/runner/dist/chunk-artifact.js:1903:26
    at file:///C:/Users/%EB%B0%95%EC%84%B1%ED%98%84/Desktop/%EB%A6%AC%EB%8D%94%20%EB%84%A4%EC%9D%B4%EB%B2%84%20%EC%9E%90%EB%8F%99%ED%99%94/node_modules/@vitest/runner/dist/chunk-artifact.js:2326:20
[PromptLoader] base 프롬프트 로드 실패: seo/base.prompt
[PromptLoader] 프롬프트 파일 로드 실패: seo/geo-overlay.prompt TypeError: __vite_ssr_import_2__.app.getAppPath is not a function
    at getPromptsDir (C:/Users/박성현/Desktop/리더 네이버 자동화/src/promptLoader.ts:29:26)
    at loadPromptFile (C:/Users/박성현/Desktop/리더 네이버 자동화/src/promptLoader.ts:126:32)
    at getGeoOverlayPrompt (C:/Users/박성현/Desktop/리더 네이버 자동화/src/promptLoader.ts:220:10)
    at buildModeBasedPrompt (C:/Users/박성현/Desktop/리더 네이버 자동화/src/contentGenerator.ts:2325:23)
    at C:/Users/박성현/Desktop/리더 네이버 자동화/src/__tests__/verifyPreviousWork.test.ts:219:16
    at file:///C:/Users/%EB%B0%95%EC%84%B1%ED%98%84/Desktop/%EB%A6%AC%EB%8D%94%20%EB%84%A4%EC%9D%B4%EB%B2%84%20%EC%9E%90%EB%8F%99%ED%99%94/node_modules/@vitest/runner/dist/chunk-artifact.js:302:11
    at file:///C:/Users/%EB%B0%95%EC%84%B1%ED%98%84/Desktop/%EB%A6%AC%EB%8D%94%20%EB%84%A4%EC%9D%B4%EB%B2%84%20%EC%9E%90%EB%8F%99%ED%99%94/node_modules/@vitest/runner/dist/chunk-artifact.js:1903:26
    at file:///C:/Users/%EB%B0%95%EC%84%B1%ED%98%84/Desktop/%EB%A6%AC%EB%8D%94%20%EB%84%A4%EC%9D%B4%EB%B2%84%20%EC%9E%90%EB%8F%99%ED%99%94/node_modules/@vitest/runner/dist/chunk-artifact.js:2326:20
    at new Promise (<anonymous>)
    at runWithCancel (file:///C:/Users/%EB%B0%95%EC%84%B1%ED%98%84/Desktop/%EB%A6%AC%EB%8D%94%20%EB%84%A4%EC%9D%B4%EB%B2%84%20%EC%9E%90%EB%8F%99%ED%99%94/node_modules/@vitest/runner/dist/chunk-artifact.js:2323:10)
[PromptBuilder] geo-overlay.prompt 로드 실패 — 미적용
[PromptLoader] 프롬프트 파일 로드 실패: seo/base.prompt TypeError: __vite_ssr_import_2__.app.getAppPath is not a function
    at getPromptsDir (C:/Users/박성현/Desktop/리더 네이버 자동화/src/promptLoader.ts:29:26)
    at loadPromptFile (C:/Users/박성현/Desktop/리더 네이버 자동화/src/promptLoader.ts:126:32)
    at buildSystemPrompt (C:/Users/박성현/Desktop/리더 네이버 자동화/src/promptLoader.ts:172:22)
    at buildSystemPromptFromHint (C:/Users/박성현/Desktop/리더 네이버 자동화/src/promptLoader.ts:212:10)
    at buildFullPrompt (C:/Users/박성현/Desktop/리더 네이버 자동화/src/promptLoader.ts:966:22)
    at buildModeBasedPrompt (C:/Users/박성현/Desktop/리더 네이버 자동화/src/contentGenerator.ts:2303:26)
    at C:/Users/박성현/Desktop/리더 네이버 자동화/src/__tests__/verifyPreviousWork.test.ts:220:16
    at file:///C:/Users/%EB%B0%95%EC%84%B1%ED%98%84/Desktop/%EB%A6%AC%EB%8D%94%20%EB%84%A4%EC%9D%B4%EB%B2%84%20%EC%9E%90%EB%8F%99%ED%99%94/node_modules/@vitest/runner/dist/chunk-artifact.js:302:11
    at file:///C:/Users/%EB%B0%95%EC%84%B1%ED%98%84/Desktop/%EB%A6%AC%EB%8D%94%20%EB%84%A4%EC%9D%B4%EB%B2%84%20%EC%9E%90%EB%8F%99%ED%99%94/node_modules/@vitest/runner/dist/chunk-artifact.js:1903:26
    at file:///C:/Users/%EB%B0%95%EC%84%B1%ED%98%84/Desktop/%EB%A6%AC%EB%8D%94%20%EB%84%A4%EC%9D%B4%EB%B2%84%20%EC%9E%90%EB%8F%99%ED%99%94/node_modules/@vitest/runner/dist/chunk-artifact.js:2326:20
[PromptLoader] base 프롬프트 로드 실패: seo/base.prompt
[PromptLoader] 프롬프트 파일 로드 실패: seo/geo-overlay.prompt TypeError: __vite_ssr_import_2__.app.getAppPath is not a function
    at getPromptsDir (C:/Users/박성현/Desktop/리더 네이버 자동화/src/promptLoader.ts:29:26)
    at loadPromptFile (C:/Users/박성현/Desktop/리더 네이버 자동화/src/promptLoader.ts:126:32)
    at getGeoOverlayPrompt (C:/Users/박성현/Desktop/리더 네이버 자동화/src/promptLoader.ts:220:10)
    at buildModeBasedPrompt (C:/Users/박성현/Desktop/리더 네이버 자동화/src/contentGenerator.ts:2325:23)
    at C:/Users/박성현/Desktop/리더 네이버 자동화/src/__tests__/verifyPreviousWork.test.ts:220:16
    at file:///C:/Users/%EB%B0%95%EC%84%B1%ED%98%84/Desktop/%EB%A6%AC%EB%8D%94%20%EB%84%A4%EC%9D%B4%EB%B2%84%20%EC%9E%90%EB%8F%99%ED%99%94/node_modules/@vitest/runner/dist/chunk-artifact.js:302:11
    at file:///C:/Users/%EB%B0%95%EC%84%B1%ED%98%84/Desktop/%EB%A6%AC%EB%8D%94%20%EB%84%A4%EC%9D%B4%EB%B2%84%20%EC%9E%90%EB%8F%99%ED%99%94/node_modules/@vitest/runner/dist/chunk-artifact.js:1903:26
    at file:///C:/Users/%EB%B0%95%EC%84%B1%ED%98%84/Desktop/%EB%A6%AC%EB%8D%94%20%EB%84%A4%EC%9D%B4%EB%B2%84%20%EC%9E%90%EB%8F%99%ED%99%94/node_modules/@vitest/runner/dist/chunk-artifact.js:2326:20
    at new Promise (<anonymous>)
    at runWithCancel (file:///C:/Users/%EB%B0%95%EC%84%B1%ED%98%84/Desktop/%EB%A6%AC%EB%8D%94%20%EB%84%A4%EC%9D%B4%EB%B2%84%20%EC%9E%90%EB%8F%99%ED%99%94/node_modules/@vitest/runner/dist/chunk-artifact.js:2323:10)
[PromptBuilder] geo-overlay.prompt 로드 실패 — 미적용

stdout | src/__tests__/verifyPreviousWork.test.ts > v1.4.18 — 캐시 적중률 (SEO/홈판 모드) > SEO 모드: 다른 metrics라도 system 부분 동일
[PromptBuilder] ✅ 사용자 선택 글톤 적용: professional (mode: seo)
[PromptLoader] 말투 보정 최종 적용: professional
[PromptBuilder] 글톤 및 프롬프트 생성 완료: professional, 메인키워드=연구원 인건비 환급
[PromptBuilder] 2축 분리 프롬프트 생성: mode=seo, category=general, isFullAuto=false, isReviewType=false
[PromptBuilder] ✅ 사용자 선택 글톤 적용: professional (mode: seo)
[PromptLoader] 말투 보정 최종 적용: professional
[PromptBuilder] 글톤 및 프롬프트 생성 완료: professional, 메인키워드=연구원 인건비 환급
[PromptBuilder] 2축 분리 프롬프트 생성: mode=seo, category=general, isFullAuto=false, isReviewType=false

stderr | src/__tests__/verifyPreviousWork.test.ts > v1.4.18 — 캐시 적중률 (SEO/홈판 모드) > SEO 모드: 다른 metrics라도 system 부분 동일
[PromptLoader] 프롬프트 파일 로드 실패: seo/base.prompt TypeError: __vite_ssr_import_2__.app.getAppPath is not a function
    at getPromptsDir (C:/Users/박성현/Desktop/리더 네이버 자동화/src/promptLoader.ts:29:26)
    at loadPromptFile (C:/Users/박성현/Desktop/리더 네이버 자동화/src/promptLoader.ts:126:32)
    at buildSystemPrompt (C:/Users/박성현/Desktop/리더 네이버 자동화/src/promptLoader.ts:172:22)
    at buildSystemPromptFromHint (C:/Users/박성현/Desktop/리더 네이버 자동화/src/promptLoader.ts:212:10)
    at buildFullPrompt (C:/Users/박성현/Desktop/리더 네이버 자동화/src/promptLoader.ts:966:22)
    at buildModeBasedPrompt (C:/Users/박성현/Desktop/리더 네이버 자동화/src/contentGenerator.ts:2303:26)
    at C:/Users/박성현/Desktop/리더 네이버 자동화/src/__tests__/verifyPreviousWork.test.ts:228:16
    at file:///C:/Users/%EB%B0%95%EC%84%B1%ED%98%84/Desktop/%EB%A6%AC%EB%8D%94%20%EB%84%A4%EC%9D%B4%EB%B2%84%20%EC%9E%90%EB%8F%99%ED%99%94/node_modules/@vitest/runner/dist/chunk-artifact.js:302:11
    at file:///C:/Users/%EB%B0%95%EC%84%B1%ED%98%84/Desktop/%EB%A6%AC%EB%8D%94%20%EB%84%A4%EC%9D%B4%EB%B2%84%20%EC%9E%90%EB%8F%99%ED%99%94/node_modules/@vitest/runner/dist/chunk-artifact.js:1903:26
    at file:///C:/Users/%EB%B0%95%EC%84%B1%ED%98%84/Desktop/%EB%A6%AC%EB%8D%94%20%EB%84%A4%EC%9D%B4%EB%B2%84%20%EC%9E%90%EB%8F%99%ED%99%94/node_modules/@vitest/runner/dist/chunk-artifact.js:2326:20
[PromptLoader] base 프롬프트 로드 실패: seo/base.prompt
[PromptLoader] 프롬프트 파일 로드 실패: seo/geo-overlay.prompt TypeError: __vite_ssr_import_2__.app.getAppPath is not a function
    at getPromptsDir (C:/Users/박성현/Desktop/리더 네이버 자동화/src/promptLoader.ts:29:26)
    at loadPromptFile (C:/Users/박성현/Desktop/리더 네이버 자동화/src/promptLoader.ts:126:32)
    at getGeoOverlayPrompt (C:/Users/박성현/Desktop/리더 네이버 자동화/src/promptLoader.ts:220:10)
    at buildModeBasedPrompt (C:/Users/박성현/Desktop/리더 네이버 자동화/src/contentGenerator.ts:2325:23)
    at C:/Users/박성현/Desktop/리더 네이버 자동화/src/__tests__/verifyPreviousWork.test.ts:228:16
    at file:///C:/Users/%EB%B0%95%EC%84%B1%ED%98%84/Desktop/%EB%A6%AC%EB%8D%94%20%EB%84%A4%EC%9D%B4%EB%B2%84%20%EC%9E%90%EB%8F%99%ED%99%94/node_modules/@vitest/runner/dist/chunk-artifact.js:302:11
    at file:///C:/Users/%EB%B0%95%EC%84%B1%ED%98%84/Desktop/%EB%A6%AC%EB%8D%94%20%EB%84%A4%EC%9D%B4%EB%B2%84%20%EC%9E%90%EB%8F%99%ED%99%94/node_modules/@vitest/runner/dist/chunk-artifact.js:1903:26
    at file:///C:/Users/%EB%B0%95%EC%84%B1%ED%98%84/Desktop/%EB%A6%AC%EB%8D%94%20%EB%84%A4%EC%9D%B4%EB%B2%84%20%EC%9E%90%EB%8F%99%ED%99%94/node_modules/@vitest/runner/dist/chunk-artifact.js:2326:20
    at new Promise (<anonymous>)
    at runWithCancel (file:///C:/Users/%EB%B0%95%EC%84%B1%ED%98%84/Desktop/%EB%A6%AC%EB%8D%94%20%EB%84%A4%EC%9D%B4%EB%B2%84%20%EC%9E%90%EB%8F%99%ED%99%94/node_modules/@vitest/runner/dist/chunk-artifact.js:2323:10)
[PromptBuilder] geo-overlay.prompt 로드 실패 — 미적용
[PromptLoader] 프롬프트 파일 로드 실패: seo/base.prompt TypeError: __vite_ssr_import_2__.app.getAppPath is not a function
    at getPromptsDir (C:/Users/박성현/Desktop/리더 네이버 자동화/src/promptLoader.ts:29:26)
    at loadPromptFile (C:/Users/박성현/Desktop/리더 네이버 자동화/src/promptLoader.ts:126:32)
    at buildSystemPrompt (C:/Users/박성현/Desktop/리더 네이버 자동화/src/promptLoader.ts:172:22)
    at buildSystemPromptFromHint (C:/Users/박성현/Desktop/리더 네이버 자동화/src/promptLoader.ts:212:10)
    at buildFullPrompt (C:/Users/박성현/Desktop/리더 네이버 자동화/src/promptLoader.ts:966:22)
    at buildModeBasedPrompt (C:/Users/박성현/Desktop/리더 네이버 자동화/src/contentGenerator.ts:2303:26)
    at C:/Users/박성현/Desktop/리더 네이버 자동화/src/__tests__/verifyPreviousWork.test.ts:229:16
    at file:///C:/Users/%EB%B0%95%EC%84%B1%ED%98%84/Desktop/%EB%A6%AC%EB%8D%94%20%EB%84%A4%EC%9D%B4%EB%B2%84%20%EC%9E%90%EB%8F%99%ED%99%94/node_modules/@vitest/runner/dist/chunk-artifact.js:302:11
    at file:///C:/Users/%EB%B0%95%EC%84%B1%ED%98%84/Desktop/%EB%A6%AC%EB%8D%94%20%EB%84%A4%EC%9D%B4%EB%B2%84%20%EC%9E%90%EB%8F%99%ED%99%94/node_modules/@vitest/runner/dist/chunk-artifact.js:1903:26
    at file:///C:/Users/%EB%B0%95%EC%84%B1%ED%98%84/Desktop/%EB%A6%AC%EB%8D%94%20%EB%84%A4%EC%9D%B4%EB%B2%84%20%EC%9E%90%EB%8F%99%ED%99%94/node_modules/@vitest/runner/dist/chunk-artifact.js:2326:20
[PromptLoader] base 프롬프트 로드 실패: seo/base.prompt
[PromptLoader] 프롬프트 파일 로드 실패: seo/geo-overlay.prompt TypeError: __vite_ssr_import_2__.app.getAppPath is not a function
    at getPromptsDir (C:/Users/박성현/Desktop/리더 네이버 자동화/src/promptLoader.ts:29:26)
    at loadPromptFile (C:/Users/박성현/Desktop/리더 네이버 자동화/src/promptLoader.ts:126:32)
    at getGeoOverlayPrompt (C:/Users/박성현/Desktop/리더 네이버 자동화/src/promptLoader.ts:220:10)
    at buildModeBasedPrompt (C:/Users/박성현/Desktop/리더 네이버 자동화/src/contentGenerator.ts:2325:23)
    at C:/Users/박성현/Desktop/리더 네이버 자동화/src/__tests__/verifyPreviousWork.test.ts:229:16
    at file:///C:/Users/%EB%B0%95%EC%84%B1%ED%98%84/Desktop/%EB%A6%AC%EB%8D%94%20%EB%84%A4%EC%9D%B4%EB%B2%84%20%EC%9E%90%EB%8F%99%ED%99%94/node_modules/@vitest/runner/dist/chunk-artifact.js:302:11
    at file:///C:/Users/%EB%B0%95%EC%84%B1%ED%98%84/Desktop/%EB%A6%AC%EB%8D%94%20%EB%84%A4%EC%9D%B4%EB%B2%84%20%EC%9E%90%EB%8F%99%ED%99%94/node_modules/@vitest/runner/dist/chunk-artifact.js:1903:26
    at file:///C:/Users/%EB%B0%95%EC%84%B1%ED%98%84/Desktop/%EB%A6%AC%EB%8D%94%20%EB%84%A4%EC%9D%B4%EB%B2%84%20%EC%9E%90%EB%8F%99%ED%99%94/node_modules/@vitest/runner/dist/chunk-artifact.js:2326:20
    at new Promise (<anonymous>)
    at runWithCancel (file:///C:/Users/%EB%B0%95%EC%84%B1%ED%98%84/Desktop/%EB%A6%AC%EB%8D%94%20%EB%84%A4%EC%9D%B4%EB%B2%84%20%EC%9E%90%EB%8F%99%ED%99%94/node_modules/@vitest/runner/dist/chunk-artifact.js:2323:10)
[PromptBuilder] geo-overlay.prompt 로드 실패 — 미적용

 ✓ src/__tests__/verifyPreviousWork.test.ts > v1.4.13 — 발행 타임아웃 25분 > fullAutoFlow.ts의 runAutomation timeout이 1500000(25분)으로 설정됨 2ms
 ✓ src/__tests__/verifyPreviousWork.test.ts > v1.4.13 — 발행 타임아웃 25분 > 에러 path에 hideUnifiedProgress 호출 추가됨 2ms
 ✓ src/__tests__/verifyPreviousWork.test.ts > Gemini 모델 체인 (자동 폴백 제거, v1.4.42+) > config 없을 때 기본 모델은 gemini-2.5-flash (free 플랜 기본값) 1ms
 ✓ src/__tests__/verifyPreviousWork.test.ts > Gemini 모델 체인 (자동 폴백 제거, v1.4.42+) > v1.4.42 — 자동 폴백 제거: uniqueModels는 1개(사용자 선택)만 반환 1ms
 ✓ src/__tests__/verifyPreviousWork.test.ts > Gemini 모델 체인 (자동 폴백 제거, v1.4.42+) > v1.4.42 — Pro 모델 선택 시 Pro만 반환 (flash 폴백 없음) 1ms
 ✓ src/__tests__/verifyPreviousWork.test.ts > Gemini 모델 체인 (자동 폴백 제거, v1.4.42+) > 비-Gemini 모델명 입력 시 gemini-2.5-flash로 폴백 (잘못된 입력 방어) 1ms
 ✓ src/__tests__/verifyPreviousWork.test.ts > Gemini 모델 체인 (자동 폴백 제거, v1.4.42+) > v1.4.42 — Flash-Lite 명시 선택 시 Flash-Lite만 반환 (flash 폴백 없음) 4ms
 ✓ src/__tests__/verifyPreviousWork.test.ts > Gemini 모델 체인 (자동 폴백 제거, v1.4.42+) > v1.4.49 — paid 플랜 기본 모델은 gemini-2.5-flash-lite 8ms
 ✓ src/__tests__/verifyPreviousWork.test.ts > v1.4.19 — HeadingPatch 로직 시뮬레이션 > 키워드 없는 소제목은 prefix 추가 2ms
 ✓ src/__tests__/verifyPreviousWork.test.ts > v1.4.19 — HeadingPatch 로직 시뮬레이션 > 대소문자 무관 매칭 1ms
 ✓ src/__tests__/verifyPreviousWork.test.ts > v1.4.19 — HeadingPatch 로직 시뮬레이션 > 빈 제목은 건너뛰기 1ms
 ✓ src/__tests__/verifyPreviousWork.test.ts > v1.4.18 — 캐시 적중률 (SEO/홈판 모드) > SEO 모드: 다른 키워드라도 system 부분 동일 65ms
 ✓ src/__tests__/verifyPreviousWork.test.ts > v1.4.18 — 캐시 적중률 (SEO/홈판 모드) > SEO 모드: 다른 metrics라도 system 부분 동일 9ms
 ✓ src/__tests__/verifyPreviousWork.test.ts > 종합 — 코드 무결성 > business 모드 prompt 파일 존재 1ms
 ✓ src/__tests__/verifyPreviousWork.test.ts > 종합 — 코드 무결성 > dist에 business prompt 복사됨 (빌드 후) 2ms
 ✓ src/__tests__/sessionKeepaliveV2.test.ts > v1.4.79 — 18건 결함 봉쇄 (Opus+9 Sonnet 합의) > D1: closeSession locked 보호 > closeSession이 force 파라미터 지원 6ms
 ✓ src/__tests__/sessionKeepaliveV2.test.ts > v1.4.79 — 18건 결함 봉쇄 (Opus+9 Sonnet 합의) > D1: closeSession locked 보호 > locked=true && !force면 session.delete 건너뜀 1ms
 ✓ src/__tests__/sessionKeepaliveV2.test.ts > v1.4.79 — 18건 결함 봉쇄 (Opus+9 Sonnet 합의) > D1: closeSession locked 보호 > 프록시 변경 시 closeSession(force=true) 명시 호출 1ms
 ✓ src/__tests__/sessionKeepaliveV2.test.ts > v1.4.79 — 18건 결함 봉쇄 (Opus+9 Sonnet 합의) > D2: 리다이렉트 감지로 서버 만료 판정 > pingSingleSession이 응답 URL에서 nidlogin 검사 1ms
 ✓ src/__tests__/sessionKeepaliveV2.test.ts > v1.4.79 — 18건 결함 봉쇄 (Opus+9 Sonnet 합의) > D2: 리다이렉트 감지로 서버 만료 판정 > 리다이렉트 감지 시 isLoggedIn=false + loginVerifiedAt=0 (v2.7.51 신 패턴) 2ms
 ✓ src/__tests__/sessionKeepaliveV2.test.ts > v1.4.79 — 18건 결함 봉쇄 (Opus+9 Sonnet 합의) > R-01: Ping URL 풀 > KEEPALIVE_URL_POOL 배열 존재 (최소 3개) 2ms
 ✓ src/__tests__/sessionKeepaliveV2.test.ts > v1.4.79 — 18건 결함 봉쇄 (Opus+9 Sonnet 합의) > R-01: Ping URL 풀 > 인증 필수 API 포함 (bascls/token) 1ms
 ✓ src/__tests__/sessionKeepaliveV2.test.ts > v1.4.79 — 18건 결함 봉쇄 (Opus+9 Sonnet 합의) > R-01: Ping URL 풀 > ping 시 랜덤 선택 4ms
 ✓ src/__tests__/sessionKeepaliveV2.test.ts > v1.4.79 — 18건 결함 봉쇄 (Opus+9 Sonnet 합의) > Bug 2: try/finally로 루프 영구 사망 방지 > setTimeout 콜백에 try/finally 존재 2ms
 ✓ src/__tests__/sessionKeepaliveV2.test.ts > v1.4.79 — 18건 결함 봉쇄 (Opus+9 Sonnet 합의) > Bug 3: ensureServerSession 발행 직전 gate > ensureServerSession 메서드 존재 (public async) 1ms
 ✓ src/__tests__/sessionKeepaliveV2.test.ts > v1.4.79 — 18건 결함 봉쇄 (Opus+9 Sonnet 합의) > Bug 3: ensureServerSession 발행 직전 gate > 실제 에디터 페이지 fetch로 서버 검증 1ms
 ✓ src/__tests__/sessionKeepaliveV2.test.ts > v1.4.79 — 18건 결함 봉쇄 (Opus+9 Sonnet 합의) > Bug 4: restoreCookies 반환값 확인 > restored 변수로 반환값 캡처 1ms
 ✓ src/__tests__/sessionKeepaliveV2.test.ts > v1.4.79 — 18건 결함 봉쇄 (Opus+9 Sonnet 합의) > Bug 4: restoreCookies 반환값 확인 > restored=false일 때 loginVerifiedAt=0 설정 1ms
 ✓ src/__tests__/sessionKeepaliveV2.test.ts > v1.4.79 — 18건 결함 봉쇄 (Opus+9 Sonnet 합의) > Bug 5: Chrome throttle 플래그 > --disable-background-timer-throttling 추가 1ms
 ✓ src/__tests__/sessionKeepaliveV2.test.ts > v1.4.79 — 18건 결함 봉쇄 (Opus+9 Sonnet 합의) > Bug 5: Chrome throttle 플래그 > --disable-renderer-backgrounding 추가 1ms
 ✓ src/__tests__/sessionKeepaliveV2.test.ts > v1.4.79 — 18건 결함 봉쇄 (Opus+9 Sonnet 합의) > Bug 5: Chrome throttle 플래그 > --disable-backgrounding-occluded-windows 추가 0ms
 ✓ src/__tests__/sessionKeepaliveV2.test.ts > v1.4.79 — 18건 결함 봉쇄 (Opus+9 Sonnet 합의) > Bug 6: 복원 성공 시 isLoggedIn 동기화 > restored=true 분기에 session.isLoggedIn = true 8ms
 ✓ src/__tests__/sessionKeepaliveV2.test.ts > v1.4.79 — 18건 결함 봉쇄 (Opus+9 Sonnet 합의) > Bug 7: setLoggedIn(false) 시 locked 해제 > !isLoggedIn && session.locked 분기에서 locked=false (v2.7.51 신 패턴) 1ms
 ✓ src/__tests__/sessionKeepaliveV2.test.ts > v1.4.79 — 18건 결함 봉쇄 (Opus+9 Sonnet 합의) > Bug 8: closeAllSessions isPinging 대기 > isPinging flag 필드 존재 0ms
 ✓ src/__tests__/sessionKeepaliveV2.test.ts > v1.4.79 — 18건 결함 봉쇄 (Opus+9 Sonnet 합의) > Bug 8: closeAllSessions isPinging 대기 > closeAllSessions에서 isPinging 완료 대기 루프 1ms
 ✓ src/__tests__/sessionKeepaliveV2.test.ts > v1.4.79 — 18건 결함 봉쇄 (Opus+9 Sonnet 합의) > Bug 10: 발행 중 ping 경쟁 방지 > activeAccountId 일치 계정은 ping skip 1ms
 ✓ src/__tests__/sessionKeepaliveV2.test.ts > v1.4.79 — 18건 결함 봉쇄 (Opus+9 Sonnet 합의) > Bug 12: page.isClosed() 시 newPage 재생성 > page.isClosed() 검사 후 browser.newPage() 1ms
 ✓ src/__tests__/sessionKeepaliveV2.test.ts > v1.4.79 — 18건 결함 봉쇄 (Opus+9 Sonnet 합의) > R-04/R-05: 지터 확대 + skip 확률 > KEEPALIVE_JITTER_MS는 5분으로 확대 (이전 2분) 0ms
 ✓ src/__tests__/sessionKeepaliveV2.test.ts > v1.4.79 — 18건 결함 봉쇄 (Opus+9 Sonnet 합의) > R-04/R-05: 지터 확대 + skip 확률 > KEEPALIVE_SKIP_PROB = 0.15 (15% skip) 1ms
 ✓ src/__tests__/sessionKeepaliveV2.test.ts > v1.4.79 — 18건 결함 봉쇄 (Opus+9 Sonnet 합의) > R-04/R-05: 지터 확대 + skip 확률 > Math.random() < KEEPALIVE_SKIP_PROB 분기 1ms
 ✓ src/__tests__/sessionKeepaliveV2.test.ts > v1.4.79 — 18건 결함 봉쇄 (Opus+9 Sonnet 합의) > Bug S9: 신규 세션 생성 시 쿠키 자동 복원 > sessions.set 직후 restoreCookies 자동 호출 0ms
 ✓ src/__tests__/sessionKeepaliveV2.test.ts > v1.4.79 — 18건 결함 봉쇄 (Opus+9 Sonnet 합의) > Bug S9: 신규 세션 생성 시 쿠키 자동 복원 > 앱 재시작 연속성 로그 0ms
 ✓ src/__tests__/sessionKeepaliveV2.test.ts > v1.4.79 — 18건 결함 봉쇄 (Opus+9 Sonnet 합의) > R-02: IP당 ping 집중 완화 (계정 수 비례 간격) > minGapMs = 계정 수 * 3000 이상 0ms
 ✓ src/__tests__/sessionKeepaliveV2.test.ts > v1.4.79 — 18건 결함 봉쇄 (Opus+9 Sonnet 합의) > v1.4.79 종합 — 불변식 > SESSION_MAX_AGE는 여전히 무기한 (이전 수정 유지) 0ms
 ✓ src/__tests__/sessionKeepaliveV2.test.ts > v1.4.79 — 18건 결함 봉쇄 (Opus+9 Sonnet 합의) > v1.4.79 종합 — 불변식 > 잠긴 세션은 TTL 체크 생략 유지 0ms
 ✓ src/__tests__/sessionKeepaliveV2.test.ts > v1.4.79 — 18건 결함 봉쇄 (Opus+9 Sonnet 합의) > v1.4.79 종합 — 불변식 > 단일 ping URL 'user2/help/idpw' 고정 호출이 제거됨 1ms
stdout | src/__tests__/authgrDefense.test.ts > applyAuthGRDefense > 통합 방어를 적용하고 결과를 반환한다
[AuthGR] 방어 적용 완료: risk 32→18, 전문성 +1, 출처 다양화 +0, 경험 +2

stdout | src/__tests__/authgrDefense.test.ts > applyAuthGRDefense > 카테고리 미지정 시 general로 동작한다
[AuthGR] 방어 적용 완료: risk 32→21, 전문성 +1, 출처 다양화 +0, 경험 +2

 ✓ src/__tests__/authgrDefense.test.ts > measureAiFingerprint > AI처럼 균일한 문장에 높은 위험도를 반환한다 12ms
 ✓ src/__tests__/authgrDefense.test.ts > measureAiFingerprint > 자연스러운 텍스트에 낮은 위험도를 반환한다 1ms
 ✓ src/__tests__/authgrDefense.test.ts > measureAiFingerprint > 짧은 텍스트에도 오류 없이 동작한다 1ms
 ✓ src/__tests__/authgrDefense.test.ts > measureAiFingerprint > 빈 문자열에 안전하게 동작한다 1ms
 ✓ src/__tests__/authgrDefense.test.ts > measureAiFingerprint > needsRewrite는 risk 65 이상일 때 true 1ms
 ✓ src/__tests__/authgrDefense.test.ts > injectExpertiseSignals > 카테고리에 맞는 전문성 신호를 주입한다 1ms
 ✓ src/__tests__/authgrDefense.test.ts > injectExpertiseSignals > 이미 충분한 신호가 있으면 추가하지 않는다 0ms
 ✓ src/__tests__/authgrDefense.test.ts > injectExpertiseSignals > 짧은 콘텐츠에는 주입하지 않는다 0ms
 ✓ src/__tests__/authgrDefense.test.ts > injectExpertiseSignals > 없는 카테고리는 general로 폴백한다 2ms
 ✓ src/__tests__/authgrDefense.test.ts > diversifyCitations > 3회 이상 반복되는 출처 인용을 다양화한다 3ms
 ✓ src/__tests__/authgrDefense.test.ts > diversifyCitations > 2회 이하는 변경하지 않는다 1ms
 ✓ src/__tests__/authgrDefense.test.ts > insertExperienceExpressions > 경험 표현을 삽입한다 1ms
 ✓ src/__tests__/authgrDefense.test.ts > insertExperienceExpressions > 빈 콘텐츠에 안전하게 동작한다 1ms
 ✓ src/__tests__/authgrDefense.test.ts > applyAuthGRDefense > 통합 방어를 적용하고 결과를 반환한다 6ms
 ✓ src/__tests__/authgrDefense.test.ts > applyAuthGRDefense > 카테고리 미지정 시 general로 동작한다 2ms
stdout | src/__tests__/chainedDraftAdapter.test.ts > maybeRunChainedDraft — flag ON > forceEntryFlag=true + chainedGen ON → 정상 실행
[CategoryClassifier] 매칭 키워드 없음 → general 폴백 (silent X, 명시 로그)

stdout | src/__tests__/chainedDraftAdapter.test.ts > maybeRunChainedDraft — flag ON > LLM 실패도 fallback reason으로 전파
[CategoryClassifier] 매칭 키워드 없음 → general 폴백 (silent X, 명시 로그)

 ✓ src/__tests__/chainedDraftAdapter.test.ts > isChainedDraftEntryEnabled > 기본 OFF 11ms
 ✓ src/__tests__/chainedDraftAdapter.test.ts > isChainedDraftEntryEnabled > forceFlag=true → ON 2ms
 ✓ src/__tests__/chainedDraftAdapter.test.ts > isChainedDraftEntryEnabled > forceFlag=false → OFF 3ms
 ✓ src/__tests__/chainedDraftAdapter.test.ts > isChainedDraftEntryEnabled > env=on → ON 4ms
 ✓ src/__tests__/chainedDraftAdapter.test.ts > isChainedDraftEntryEnabled > env=1 → ON 1ms
 ✓ src/__tests__/chainedDraftAdapter.test.ts > maybeRunChainedDraft — flag OFF > flag OFF면 result=null + reason 명시 + LLM 호출 없음 6ms
 ✓ src/__tests__/chainedDraftAdapter.test.ts > maybeRunChainedDraft — flag ON > forceEntryFlag=true + chainedGen ON → 정상 실행 21ms
 ✓ src/__tests__/chainedDraftAdapter.test.ts > maybeRunChainedDraft — flag ON > chainedDraftRunner 내부 throw는 fallbackReason으로 전파 1ms
 ✓ src/__tests__/chainedDraftAdapter.test.ts > maybeRunChainedDraft — flag ON > LLM 실패도 fallback reason으로 전파 5ms
 ✓ src/__tests__/anthropicLLMAdapter.test.ts > createAnthropicLLMAdapter — 정상 흐름 > 기본 모델 claude-opus-4-7 + adaptive thinking + sampling strip 6ms
 ✓ src/__tests__/anthropicLLMAdapter.test.ts > createAnthropicLLMAdapter — 정상 흐름 > Opus 4.6는 temperature 유지 1ms
 ✓ src/__tests__/anthropicLLMAdapter.test.ts > createAnthropicLLMAdapter — 정상 흐름 > thinkingDisplay=summarized 설정 반영 1ms
 ✓ src/__tests__/anthropicLLMAdapter.test.ts > createAnthropicLLMAdapter — 정상 흐름 > enableAdaptiveThinking=false 시 thinking 미주입 1ms
 ✓ src/__tests__/anthropicLLMAdapter.test.ts > createAnthropicLLMAdapter — 정상 흐름 > options.model로 호출 단위 모델 override 0ms
 ✓ src/__tests__/anthropicLLMAdapter.test.ts > createAnthropicLLMAdapter — 정상 흐름 > stats 누적 (input/output/cache_read 토큰) 1ms
 ✓ src/__tests__/anthropicLLMAdapter.test.ts > createAnthropicLLMAdapter — streaming 임계 > max_tokens > 16,000 시 stream 사용 + finalMessage 호출 1ms
 ✓ src/__tests__/anthropicLLMAdapter.test.ts > createAnthropicLLMAdapter — streaming 임계 > max_tokens ≤ 16,000은 create 사용 1ms
 ✓ src/__tests__/anthropicLLMAdapter.test.ts > createAnthropicLLMAdapter — streaming 임계 > stream 메서드 없는 API에서 큰 max_tokens는 명시 throw 2ms
 ✓ src/__tests__/anthropicLLMAdapter.test.ts > createAnthropicLLMAdapter — fallback (silent 폴백 X) > 빈 prompt는 명시 throw 1ms
 ✓ src/__tests__/anthropicLLMAdapter.test.ts > createAnthropicLLMAdapter — fallback (silent 폴백 X) > messagesAPI 미주입은 throw 0ms
 ✓ src/__tests__/anthropicLLMAdapter.test.ts > createAnthropicLLMAdapter — fallback (silent 폴백 X) > API 실패는 ANTHROPIC_API_FAILED로 wrapping 1ms
 ✓ src/__tests__/anthropicLLMAdapter.test.ts > createAnthropicLLMAdapter — fallback (silent 폴백 X) > text 블록 없는 응답은 EMPTY_RESPONSE throw 1ms
 ✓ src/__tests__/anthropicLLMAdapter.test.ts > LLMProvider 인터페이스 호환 > draftWriter·editorLayer 등 LLMProvider 사용처에 그대로 주입 가능 1ms
 ✓ src/__tests__/chainedGenIntegration.test.ts > E2E 시나리오 1: 정상 흐름 (5단계 모두 성공) > classify → persona → draft → factGate pass → optimize → 메트릭 기록 13ms
 ✓ src/__tests__/chainedGenIntegration.test.ts > E2E 시나리오 2: 팩트 게이트 실패 → 재시도 > sourceText 모드에서 미검증 표현 발견 → retry 안내 → 재생성 3ms
 ✓ src/__tests__/chainedGenIntegration.test.ts > E2E 시나리오 3: Feature flag OFF (silent 폴백 X) > forceFlag=false → enabled=false + 명시 fallbackReason + draft 호출 차단 4ms
 ✓ src/__tests__/officialPricingMatrix.test.ts > v1.4.77 — 공식 가격 매트릭스 (2026-04) > OpenAI 텍스트 > gpt-5.4 output은 $15 (이전 $10 버그 수정) 4ms
 ✓ src/__tests__/officialPricingMatrix.test.ts > v1.4.77 — 공식 가격 매트릭스 (2026-04) > OpenAI 텍스트 > gpt-5.4 cachedInput은 $0.25 (90% 할인) 1ms
 ✓ src/__tests__/officialPricingMatrix.test.ts > v1.4.77 — 공식 가격 매트릭스 (2026-04) > OpenAI 텍스트 > gpt-5.4-mini 신규 엔트리 존재 ($0.75/$4.50) 0ms
 ✓ src/__tests__/officialPricingMatrix.test.ts > v1.4.77 — 공식 가격 매트릭스 (2026-04) > OpenAI 텍스트 > gpt-5.4-nano 신규 엔트리 존재 ($0.20/$1.25) 0ms
 ✓ src/__tests__/officialPricingMatrix.test.ts > v1.4.77 — 공식 가격 매트릭스 (2026-04) > OpenAI 텍스트 > gpt-5.4 output이 다시 $10으로 회귀되지 않음 0ms
 ✓ src/__tests__/officialPricingMatrix.test.ts > v1.4.77 — 공식 가격 매트릭스 (2026-04) > Claude (Anthropic) > Opus 4.5는 $5/$25 (이전 $15/$75 버그 수정 — 3배 과다) 0ms
 ✓ src/__tests__/officialPricingMatrix.test.ts > v1.4.77 — 공식 가격 매트릭스 (2026-04) > Claude (Anthropic) > Opus 4.6은 $5/$25 (이전 $15/$75 버그 수정) 0ms
 ✓ src/__tests__/officialPricingMatrix.test.ts > v1.4.77 — 공식 가격 매트릭스 (2026-04) > Claude (Anthropic) > Opus 4.7 신규 엔트리 존재 0ms
 ✓ src/__tests__/officialPricingMatrix.test.ts > v1.4.77 — 공식 가격 매트릭스 (2026-04) > Claude (Anthropic) > Opus 4.1은 레거시 $15/$75 유지 0ms
 ✓ src/__tests__/officialPricingMatrix.test.ts > v1.4.77 — 공식 가격 매트릭스 (2026-04) > Claude (Anthropic) > Opus 4.0은 '-0' alias 필수 (무접미사 'claude-opus-4'는 존재하지 않음) 1ms
 ✓ src/__tests__/officialPricingMatrix.test.ts > v1.4.77 — 공식 가격 매트릭스 (2026-04) > Claude (Anthropic) > Sonnet 4.0은 '-0' alias 필수 1ms
 ✓ src/__tests__/officialPricingMatrix.test.ts > v1.4.77 — 공식 가격 매트릭스 (2026-04) > Claude (Anthropic) > Sonnet 4.6은 $3/$15 (공식 단가 유지) 0ms
 ✓ src/__tests__/officialPricingMatrix.test.ts > v1.4.77 — 공식 가격 매트릭스 (2026-04) > Claude (Anthropic) > Haiku 4.5는 $1/$5 (공식 단가 유지) 0ms
 ✓ src/__tests__/officialPricingMatrix.test.ts > v1.4.77 — 공식 가격 매트릭스 (2026-04) > Claude (Anthropic) > Opus 4.5/4.6이 다시 $15/$75로 회귀되지 않음 1ms
 ✓ src/__tests__/officialPricingMatrix.test.ts > v1.4.77 — 공식 가격 매트릭스 (2026-04) > Gemini (calculateCost 내 인라인 가격) > Flash input은 $0.30 (이전 $0.10 버그 수정 — 3배 과소) 1ms
 ✓ src/__tests__/officialPricingMatrix.test.ts > v1.4.77 — 공식 가격 매트릭스 (2026-04) > Gemini (calculateCost 내 인라인 가격) > Flash output은 $2.50 (이전 $0.40 버그 수정 — 6.25배 과소) 0ms
 ✓ src/__tests__/officialPricingMatrix.test.ts > v1.4.77 — 공식 가격 매트릭스 (2026-04) > Gemini (calculateCost 내 인라인 가격) > Flash-Lite는 $0.10/$0.40 (이전 $0.025/$0.10 버그 수정) 0ms
 ✓ src/__tests__/officialPricingMatrix.test.ts > v1.4.77 — 공식 가격 매트릭스 (2026-04) > Gemini (calculateCost 내 인라인 가격) > Pro output은 $10 (이전 $5 버그 수정 — 2배 과소) 0ms
 ✓ src/__tests__/officialPricingMatrix.test.ts > v1.4.77 — 공식 가격 매트릭스 (2026-04) > Gemini (calculateCost 내 인라인 가격) > Gemini 3 Pro 신규 분기 존재 1ms
 ✓ src/__tests__/officialPricingMatrix.test.ts > v1.4.77 — 공식 가격 매트릭스 (2026-04) > Gemini (calculateCost 내 인라인 가격) > 200K 초과 시 Pro 계열 2배 요금 분기 존재 0ms
 ✓ src/__tests__/officialPricingMatrix.test.ts > v1.4.77 — 공식 가격 매트릭스 (2026-04) > Gemini (calculateCost 내 인라인 가격) > Flash output이 다시 $0.40으로 회귀되지 않음 2ms
 ✓ src/__tests__/officialPricingMatrix.test.ts > v1.4.77 — 공식 가격 매트릭스 (2026-04) > Perplexity > sonar는 $1/$1 + $0.005 검색 0ms
 ✓ src/__tests__/officialPricingMatrix.test.ts > v1.4.77 — 공식 가격 매트릭스 (2026-04) > Perplexity > sonar-pro는 $3/$15 0ms
 ✓ src/__tests__/officialPricingMatrix.test.ts > v1.4.77 — 공식 가격 매트릭스 (2026-04) > Perplexity > sonar-reasoning-pro 신규 엔트리 존재 ($2/$8, 2025-12-15 sonar-reasoning 대체) 0ms
 ✓ src/__tests__/officialPricingMatrix.test.ts > v1.4.77 — 공식 가격 매트릭스 (2026-04) > Perplexity > sonar-deep-research는 $2/$8 0ms
 ✓ src/__tests__/officialPricingMatrix.test.ts > v1.4.77 — 공식 가격 매트릭스 (2026-04) > DeepInfra > FLUX-1-schnell은 $0.003/MP 0ms
 ✓ src/__tests__/officialPricingMatrix.test.ts > v1.4.77 — 공식 가격 매트릭스 (2026-04) > DeepInfra > FLUX-2-dev는 $0.012 (이전 $0.025 수정 — 절반) 0ms
 ✓ src/__tests__/officialPricingMatrix.test.ts > v1.4.77 — 공식 가격 매트릭스 (2026-04) > DeepInfra > FLUX-2-max 신규 엔트리 존재 ($0.07) 0ms
 ✓ src/__tests__/officialPricingMatrix.test.ts > v1.4.77 — 공식 가격 매트릭스 (2026-04) > DeepInfra > FLUX-2-dev가 다시 $0.025로 회귀되지 않음 0ms
 ✓ src/__tests__/officialPricingMatrix.test.ts > v1.4.77 — 공식 가격 매트릭스 (2026-04) > Leonardo AI > Nano Banana Pro (2K 기본)은 $0.134 (이전 $0.02 버그 수정 — 6.7배 과소) 0ms
 ✓ src/__tests__/officialPricingMatrix.test.ts > v1.4.77 — 공식 가격 매트릭스 (2026-04) > Leonardo AI > Nano Banana Pro 1K 신규 엔트리 존재 ($0.039) 0ms
 ✓ src/__tests__/officialPricingMatrix.test.ts > v1.4.77 — 공식 가격 매트릭스 (2026-04) > Leonardo AI > Nano Banana Pro 4K 신규 엔트리 존재 ($0.24) 0ms
 ✓ src/__tests__/officialPricingMatrix.test.ts > v1.4.77 — 공식 가격 매트릭스 (2026-04) > Leonardo AI > Ideogram 3.0은 $0.15 (이전 $0.06 수정 — Balanced 기준) 0ms
 ✓ src/__tests__/officialPricingMatrix.test.ts > v1.4.77 — 공식 가격 매트릭스 (2026-04) > Leonardo AI > Nano Banana Pro가 다시 $0.02로 회귀되지 않음 0ms
 ✓ src/__tests__/officialPricingMatrix.test.ts > v1.4.77 — 공식 가격 매트릭스 (2026-04) > 실전 비용 계산 검증 (입력 10K / 출력 4K 토큰 기준) > Gemini Flash 글 1개 = ₩18 (이전 버그 가격 ₩3.6과 5배 차이) 0ms
 ✓ src/__tests__/officialPricingMatrix.test.ts > v1.4.77 — 공식 가격 매트릭스 (2026-04) > 실전 비용 계산 검증 (입력 10K / 출력 4K 토큰 기준) > Claude Opus 4.6 글 1개 = ₩210 (이전 버그 ₩630과 3배 차이) 0ms
 ✓ src/__tests__/officialPricingMatrix.test.ts > v1.4.77 — 공식 가격 매트릭스 (2026-04) > 실전 비용 계산 검증 (입력 10K / 출력 4K 토큰 기준) > Claude Haiku 4.5 글 1개 = ₩42 (단가 유지) 0ms
 ✓ src/__tests__/officialPricingMatrix.test.ts > v1.4.77 — 공식 가격 매트릭스 (2026-04) > 실전 비용 계산 검증 (입력 10K / 출력 4K 토큰 기준) > gpt-5.4 글 1개 = ₩119 (이전 버그 ₩91과 30% 차이) 0ms
 ✓ src/__tests__/officialPricingMatrix.test.ts > v1.4.77 — 공식 가격 매트릭스 (2026-04) > 실전 비용 계산 검증 (입력 10K / 출력 4K 토큰 기준) > Nano Banana Pro 2K 글 1개(6장) = ₩1,126 (이전 버그 ₩168과 6.7배 차이) 0ms
 ✓ src/__tests__/officialPricingMatrix.test.ts > v1.4.77 — 공식 가격 매트릭스 (2026-04) > 실전 비용 계산 검증 (입력 10K / 출력 4K 토큰 기준) > FLUX-2-dev 글 1개(6장) = ₩101 (이전 버그 ₩210과 절반) 0ms
 ✓ src/__tests__/costTableModernization.test.ts > v1.4.81 — 비용표·환경설정 현대화 > 환경설정 AI 텍스트 엔진 라디오 버튼 > Claude Haiku 4.5 라벨 존재 (3.5 폐기) 4ms
 ✓ src/__tests__/costTableModernization.test.ts > v1.4.81 — 비용표·환경설정 현대화 > 환경설정 AI 텍스트 엔진 라디오 버튼 > Claude Opus 4.7 라벨 존재 (4.6 폐기) 1ms
 ✓ src/__tests__/costTableModernization.test.ts > v1.4.81 — 비용표·환경설정 현대화 > 환경설정 AI 텍스트 엔진 라디오 버튼 > Opus 4.7 가격 ₩210 반영 (구 ₩735 제거) 2ms
 ✓ src/__tests__/costTableModernization.test.ts > v1.4.81 — 비용표·환경설정 현대화 > 환경설정 AI 텍스트 엔진 라디오 버튼 > 엔진 설명에 Fal.ai / Stability / Prodia 단독 언급 제거 1ms
 ✓ src/__tests__/costTableModernization.test.ts > v1.4.81 — 비용표·환경설정 현대화 > 이미지 소스 드롭다운 (image-source-select) > Flow 옵션 존재 1ms
 ✓ src/__tests__/costTableModernization.test.ts > v1.4.81 — 비용표·환경설정 현대화 > 이미지 소스 드롭다운 (image-source-select) > ImageFX 옵션 존재 1ms
 ✓ src/__tests__/costTableModernization.test.ts > v1.4.81 — 비용표·환경설정 현대화 > 이미지 소스 드롭다운 (image-source-select) > Nano Banana Pro 옵션 존재 0ms
 ✓ src/__tests__/costTableModernization.test.ts > v1.4.81 — 비용표·환경설정 현대화 > FAQ — 무료 이미지 소스 안내 > DALL-E 3 / Stability AI 직접 언급 제거 (deprecated 용어) 1ms
 ✓ src/__tests__/costTableModernization.test.ts > v1.4.81 — 비용표·환경설정 현대화 > Gemini 2.5 Flash 무료 쿼터 3곳 통일 > 선택 드롭다운(option) 2개 모두 500/일 사용 2ms
 ✓ src/__tests__/costTableModernization.test.ts > v1.4.81 — 비용표·환경설정 현대화 > Gemini 2.5 Flash 무료 쿼터 3곳 통일 > 비용표 모달에서 Gemini 2.5 Flash 무료 500/일 쿼터 일관 1ms
 ✓ src/__tests__/costTableModernization.test.ts > v1.4.81 — guideModals.ts DALL-E 3 참조 제거 > DALL-E 3 사용자 가이드 문구 제거 0ms
 ✓ src/__tests__/costTableModernization.test.ts > v1.4.81 — guideModals.ts DALL-E 3 참조 제거 > 현행 무료 엔진(ImageFX/Flow) 안내 포함 0ms
 ✓ src/__tests__/costTableModernization.test.ts > v1.4.81 — headingImageGen.ts openai-image 라벨 > openai-image 로그 라벨 'gpt-image-1'로 변경 (DALL-E 3 제거) 1ms
 ✓ src/__tests__/costTableModernization.test.ts > v1.4.81 — apiUsageTracker.ts Perplexity 주석 정정 > sonar-reasoning-pro 대체 설명이 주석에 반영됨 1ms
 ✓ src/__tests__/costTableModernization.test.ts > v1.4.81 — apiUsageTracker.ts Perplexity 주석 정정 > 'sonar-reasoning'을 '신규 추가'로 표기한 낡은 주석 제거 0ms
 ✓ src/__tests__/editorLayer.test.ts > approximateChangeRatio > 동일 문자열은 0 4ms
 ✓ src/__tests__/editorLayer.test.ts > approximateChangeRatio > 전혀 다른 문자열은 1에 가깝 0ms
 ✓ src/__tests__/editorLayer.test.ts > approximateChangeRatio > 일부 변경 1ms
 ✓ src/__tests__/editorLayer.test.ts > checkFactsPreserved > 숫자+단위 보존 1ms
 ✓ src/__tests__/editorLayer.test.ts > checkFactsPreserved > 숫자 누락 시 false 0ms
 ✓ src/__tests__/editorLayer.test.ts > checkFactsPreserved > 따옴표 인용 보존 0ms
 ✓ src/__tests__/editorLayer.test.ts > checkFactsPreserved > 따옴표 인용 누락 시 false 0ms
 ✓ src/__tests__/editorLayer.test.ts > isEditorLayerEnabled > 기본 OFF 1ms
 ✓ src/__tests__/editorLayer.test.ts > isEditorLayerEnabled > forceFlag=true → ON 1ms
 ✓ src/__tests__/editorLayer.test.ts > isEditorLayerEnabled > env=on → ON 0ms
 ✓ src/__tests__/editorLayer.test.ts > applyEditorLayer — flag OFF > flag OFF면 원본 그대로 + applied=false + reason 3ms
 ✓ src/__tests__/editorLayer.test.ts > applyEditorLayer — 정상 흐름 > 정상 편집 적용 (변경률 임계 이내) 2ms
 ✓ src/__tests__/editorLayer.test.ts > applyEditorLayer — 안전장치 (silent 폴백 X) > 변경률 임계 초과 시 원본 유지 + reason 1ms
 ✓ src/__tests__/editorLayer.test.ts > applyEditorLayer — 안전장치 (silent 폴백 X) > 숫자 누락 시 원본 유지 + reason 2ms
 ✓ src/__tests__/editorLayer.test.ts > applyEditorLayer — 안전장치 (silent 폴백 X) > 800자 미만 입력은 명시 fallback 1ms
 ✓ src/__tests__/editorLayer.test.ts > applyEditorLayer — 안전장치 (silent 폴백 X) > LLM 실패 시 원본 유지 + reason 1ms
 ✓ src/__tests__/editorLayer.test.ts > applyEditorLayer — 안전장치 (silent 폴백 X) > LLM provider null 주입은 명시 throw 2ms
 ✓ src/__tests__/chainedGeneration.test.ts > isChainedGenEnabled — feature flag > forceFlag=true는 즉시 ON 3ms
 ✓ src/__tests__/chainedGeneration.test.ts > isChainedGenEnabled — feature flag > forceFlag=false는 즉시 OFF 0ms
 ✓ src/__tests__/chainedGeneration.test.ts > isChainedGenEnabled — feature flag > 환경변수 미설정 시 OFF (기본 안전 정책) 0ms
 ✓ src/__tests__/chainedGeneration.test.ts > isChainedGenEnabled — feature flag > 환경변수 1/true/on은 ON 1ms
 ✓ src/__tests__/chainedGeneration.test.ts > runChainedGeneration — flag OFF 폴백 > flag OFF면 enabled=false + fallbackReason 명시 (silent X) 1ms
 ✓ src/__tests__/chainedGeneration.test.ts > runChainedGeneration — flag ON 5단계 실행 > stage 1·2는 성공, stage 3·4·5는 placeholder 2ms
 ✓ src/__tests__/chainedGeneration.test.ts > runChainedGeneration — flag ON 5단계 실행 > userVoice가 페르소나에 통합 1ms
 ✓ src/__tests__/chainedGeneration.test.ts > runChainedGeneration — flag ON 5단계 실행 > classifyCategory 결과가 persona 카테고리와 일치 1ms
 ✓ src/__tests__/chainedGeneration.test.ts > buildStage3Context — Stage 3 LLM 프롬프트 입력 > stage 1·2 결과를 프롬프트 블록으로 조립 1ms
 ✓ src/__tests__/chainedGeneration.test.ts > buildStage3Context — Stage 3 LLM 프롬프트 입력 > additionalContext 주입 1ms
 ✓ src/__tests__/chainedGeneration.test.ts > summarizeMetrics — operationsDashboard 노출용 > 총 시간·성공 stage 카운트 1ms
 ✓ src/__tests__/chainedGeneration.test.ts > SPEC 메모리 원칙 > silent 폴백 부재 — 결과에 imageSource·subWorkProvider 없음 0ms
 ✓ src/__tests__/chainedGeneration.test.ts > SPEC 메모리 원칙 > flag OFF는 명시 fallbackReason 반환 (silent 진행 금지) 0ms
 ✓ src/__tests__/geminiCacheAutoLearn.test.ts > v1.4.77 — Gemini 캐시 자동 학습 > API 키 fingerprint > 동일한 키는 항상 동일한 fingerprint 생성 5ms
 ✓ src/__tests__/geminiCacheAutoLearn.test.ts > v1.4.77 — Gemini 캐시 자동 학습 > API 키 fingerprint > 다른 키는 다른 fingerprint 생성 2ms
 ✓ src/__tests__/geminiCacheAutoLearn.test.ts > v1.4.77 — Gemini 캐시 자동 학습 > API 키 fingerprint > fingerprint는 12자 SHA-256 prefix 3ms
 ✓ src/__tests__/geminiCacheAutoLearn.test.ts > v1.4.77 — Gemini 캐시 자동 학습 > API 키 fingerprint > 원본 API 키를 로그에서 유출하지 않음 3ms
 ✓ src/__tests__/geminiCacheAutoLearn.test.ts > v1.4.77 — Gemini 캐시 자동 학습 > 캐시 지원 여부 자동 학습 > 신규 API 키는 캐시 지원으로 기본 동작 (첫 시도 허용) 1ms
 ✓ src/__tests__/geminiCacheAutoLearn.test.ts > v1.4.77 — Gemini 캐시 자동 학습 > 캐시 지원 여부 자동 학습 > 실패 기록된 API 키는 이후 캐시 스킵 1ms
 ✓ src/__tests__/geminiCacheAutoLearn.test.ts > v1.4.77 — Gemini 캐시 자동 학습 > 캐시 지원 여부 자동 학습 > 한 키의 실패가 다른 키에 영향을 주지 않음 (격리) 1ms
 ✓ src/__tests__/geminiCacheAutoLearn.test.ts > v1.4.77 — Gemini 캐시 자동 학습 > 캐시 지원 여부 자동 학습 > 여러 키가 독립적으로 관리됨 1ms
 ✓ src/__tests__/geminiCacheAutoLearn.test.ts > v1.4.77 — Gemini 캐시 자동 학습 > 구조적 에러 분류 (영구 기록 대상) > 403 Forbidden은 구조적 에러 (무료 티어 캐시 미지원) 1ms
 ✓ src/__tests__/geminiCacheAutoLearn.test.ts > v1.4.77 — Gemini 캐시 자동 학습 > 구조적 에러 분류 (영구 기록 대상) > 400 Bad Request는 구조적 에러 1ms
 ✓ src/__tests__/geminiCacheAutoLearn.test.ts > v1.4.77 — Gemini 캐시 자동 학습 > 구조적 에러 분류 (영구 기록 대상) > "not supported" 메시지는 구조적 에러 0ms
 ✓ src/__tests__/geminiCacheAutoLearn.test.ts > v1.4.77 — Gemini 캐시 자동 학습 > 구조적 에러 분류 (영구 기록 대상) > "cached content" 관련 에러는 구조적 에러 0ms
 ✓ src/__tests__/geminiCacheAutoLearn.test.ts > v1.4.77 — Gemini 캐시 자동 학습 > 구조적 에러 분류 (영구 기록 대상) > 대소문자 무관 매칭 1ms
 ✓ src/__tests__/geminiCacheAutoLearn.test.ts > v1.4.77 — Gemini 캐시 자동 학습 > 일시적 에러는 영구 기록 대상 아님 > 500 Internal Server Error는 재시도 가능 (일시적) 0ms
 ✓ src/__tests__/geminiCacheAutoLearn.test.ts > v1.4.77 — Gemini 캐시 자동 학습 > 일시적 에러는 영구 기록 대상 아님 > 503 Service Unavailable은 일시적 1ms
 ✓ src/__tests__/geminiCacheAutoLearn.test.ts > v1.4.77 — Gemini 캐시 자동 학습 > 일시적 에러는 영구 기록 대상 아님 > 504 Gateway Timeout은 일시적 0ms
 ✓ src/__tests__/geminiCacheAutoLearn.test.ts > v1.4.77 — Gemini 캐시 자동 학습 > 일시적 에러는 영구 기록 대상 아님 > 네트워크 에러는 일시적 0ms
 ✓ src/__tests__/geminiCacheAutoLearn.test.ts > v1.4.77 — Gemini 캐시 자동 학습 > 일시적 에러는 영구 기록 대상 아님 > 타임아웃은 일시적 0ms
 ✓ src/__tests__/geminiCacheAutoLearn.test.ts > v1.4.77 — Gemini 캐시 자동 학습 > 무료/유료 구분 없는 흐름 시나리오 > 무료 티어: 첫 호출 실패 → 이후 스킵 → 발행 성공 유지 1ms
 ✓ src/__tests__/geminiCacheAutoLearn.test.ts > v1.4.77 — Gemini 캐시 자동 학습 > 무료/유료 구분 없는 흐름 시나리오 > 유료 티어: 캐시 성공 시 계속 혜택 유지 1ms
 ✓ src/__tests__/geminiCacheAutoLearn.test.ts > v1.4.77 — Gemini 캐시 자동 학습 > 무료/유료 구분 없는 흐름 시나리오 > 유료 티어 일시적 실패(503)는 영구 기록 X 0ms
 ✓ src/__tests__/chainPromptLoader.test.ts > resolveChainPromptsDir — 위치 해상도 > 5개 stage 파일이 모두 존재하는 디렉토리를 반환 5ms
 ✓ src/__tests__/chainPromptLoader.test.ts > loadChainPromptRaw — 파일 로드 + 캐싱 > stage3_draft 원본에 변수 토큰이 보존됨 1ms
 ✓ src/__tests__/chainPromptLoader.test.ts > loadChainPromptRaw — 파일 로드 + 캐싱 > stage5_optimize 원본에 변수 토큰이 보존됨 1ms
 ✓ src/__tests__/chainPromptLoader.test.ts > loadChainPromptRaw — 파일 로드 + 캐싱 > 두 번째 호출은 캐시 적중 (동일 인스턴스) 1ms
 ✓ src/__tests__/chainPromptLoader.test.ts > renderTemplate — 변수 치환 > 단일 토큰 치환 1ms
 ✓ src/__tests__/chainPromptLoader.test.ts > renderTemplate — 변수 치환 > 동일 토큰 다회 등장 모두 치환 0ms
 ✓ src/__tests__/chainPromptLoader.test.ts > renderTemplate — 변수 치환 > 미정의 변수는 throw (allowMissing=false 기본) 1ms
 ✓ src/__tests__/chainPromptLoader.test.ts > renderTemplate — 변수 치환 > allowMissing=true 시 토큰 그대로 보존 0ms
 ✓ src/__tests__/chainPromptLoader.test.ts > renderTemplate — 변수 치환 > 변수에 빈 문자열도 허용 (undefined만 missing 처리) 0ms
 ✓ src/__tests__/chainPromptLoader.test.ts > loadChainPrompt — 통합 (파일 로드 + 치환) > stage3_draft 변수 치환 결과에 사용자 입력 반영 1ms
 ✓ src/__tests__/chainPromptLoader.test.ts > loadChainPrompt — 통합 (파일 로드 + 치환) > stage5_optimize 변수 치환 1ms
 ✓ src/__tests__/chainPromptLoader.test.ts > loadChainPrompt — 통합 (파일 로드 + 치환) > stage4_factgate 변수 치환 1ms
 ✓ src/__tests__/chainPromptLoader.test.ts > loadChainPrompt — 통합 (파일 로드 + 치환) > stage2_persona 변수 치환 1ms
stderr | src/__tests__/contentSemanticScoring.test.ts > analyzeContentBySemantic > falls back when LLM call throws
[SemanticScoring] LLM rubric failed, using deterministic fallback: network failure

stderr | src/__tests__/contentSemanticScoring.test.ts > analyzeContentBySemantic > falls back when LLM response is invalid JSON
[SemanticScoring] LLM rubric failed, using deterministic fallback: Unexpected token '이', "이건 JSON이 아닙니다" is not valid JSON

 ✓ src/__tests__/factGate.test.ts > extractClaims — 주장 추출 > 숫자+단위 추출 4ms
 ✓ src/__tests__/factGate.test.ts > extractClaims — 주장 추출 > 기간 표현 추출 1ms
 ✓ src/__tests__/factGate.test.ts > extractClaims — 주장 추출 > 경험 단언 추출 (REVIEW-001 P0 환각 패턴) 0ms
 ✓ src/__tests__/factGate.test.ts > extractClaims — 주장 추출 > 빈 본문은 빈 배열 1ms
 ✓ src/__tests__/factGate.test.ts > extractClaims — 주장 추출 > max 제한 준수 1ms
 ✓ src/__tests__/factGate.test.ts > evaluateFactGate — 검증 > 500자 미만 초안은 검증 스킵 1ms
 ✓ src/__tests__/factGate.test.ts > evaluateFactGate — 검증 > 주장 없는 일반 글은 통과 0ms
 ✓ src/__tests__/factGate.test.ts > evaluateFactGate — 검증 > sourceText에 모든 주장 보존되면 passed 1ms
 ✓ src/__tests__/factGate.test.ts > evaluateFactGate — 검증 > sourceText에 주장 없으면 unverified 3ms
 ✓ src/__tests__/factGate.test.ts > evaluateFactGate — 검증 > sourceText 없으면 (키워드 모드) 숫자는 통과 허용, 경험은 unverified 1ms
 ✓ src/__tests__/factGate.test.ts > buildFactGateRetryInstruction > passed면 빈 문자열 0ms
 ✓ src/__tests__/factGate.test.ts > buildFactGateRetryInstruction > unverified 있으면 명시 1ms
 ✓ src/__tests__/factGate.test.ts > SPEC 메모리 원칙 > silent 폴백 부재 1ms
 ✓ src/__tests__/contentSemanticScoring.test.ts > buildRubricPrompt > embeds short text as-is without trimming marker 3ms
 ✓ src/__tests__/contentSemanticScoring.test.ts > buildRubricPrompt > trims long text to 3500 chars and appends marker 1ms
 ✓ src/__tests__/contentSemanticScoring.test.ts > parseRubricResponse > parses well-formed JSON 1ms
 ✓ src/__tests__/contentSemanticScoring.test.ts > parseRubricResponse > extracts JSON wrapped in markdown fence 1ms
 ✓ src/__tests__/contentSemanticScoring.test.ts > parseRubricResponse > clamps out-of-range scores to 0-100 1ms
 ✓ src/__tests__/contentSemanticScoring.test.ts > parseRubricResponse > handles trailing prose before JSON object 0ms
 ✓ src/__tests__/contentSemanticScoring.test.ts > analyzeContentBySemantic > returns fallback when text is shorter than 50 chars 1ms
 ✓ src/__tests__/contentSemanticScoring.test.ts > analyzeContentBySemantic > returns LLM score on successful response 1ms
 ✓ src/__tests__/contentSemanticScoring.test.ts > analyzeContentBySemantic > falls back when LLM call throws 3ms
 ✓ src/__tests__/contentSemanticScoring.test.ts > analyzeContentBySemantic > falls back when LLM response is invalid JSON 1ms
 ✓ src/__tests__/contentSemanticScoring.test.ts > analyzeContentBySemantic > appends improvement suggestions for low-scoring dimensions 1ms
 ✓ src/__tests__/contentSemanticScoring.test.ts > isLlmRubricEnabled > returns true when config.useLlmRubric is true 0ms
 ✓ src/__tests__/contentSemanticScoring.test.ts > isLlmRubricEnabled > returns false when config.useLlmRubric is false 0ms
 ✓ src/__tests__/contentSemanticScoring.test.ts > isLlmRubricEnabled > reads USE_LLM_RUBRIC env when config not set 1ms
 ✓ src/__tests__/brandEmbedder.test.ts > brandEmbedder — 기본 동작 > upsertPost + size 반영 5ms
 ✓ src/__tests__/brandEmbedder.test.ts > brandEmbedder — 기본 동작 > 같은 postId 재upsert는 중복 X (record 1개로 유지) 1ms
 ✓ src/__tests__/brandEmbedder.test.ts > brandEmbedder — 기본 동작 > upsertPostBatch 1ms
 ✓ src/__tests__/brandEmbedder.test.ts > brandEmbedder — 기본 동작 > 빈 accountId·postId·text는 명시 throw 3ms
 ✓ src/__tests__/brandEmbedder.test.ts > brandEmbedder — searchSimilarPosts (브랜드별 격리) > accountId 일치하는 글만 검색 2ms
 ✓ src/__tests__/brandEmbedder.test.ts > brandEmbedder — searchSimilarPosts (브랜드별 격리) > category 추가 필터 1ms
 ✓ src/__tests__/brandEmbedder.test.ts > brandEmbedder — searchSimilarPosts (브랜드별 격리) > 빈 accountId 쿼리는 명시 throw 1ms
 ✓ src/__tests__/brandEmbedder.test.ts > brandEmbedder — deleteAccountPosts > 해당 accountId 글만 일괄 삭제 1ms
 ✓ src/__tests__/brandEmbedder.test.ts > brandEmbedder — deleteAccountPosts > 없는 accountId 삭제는 0 반환 1ms
 ✓ src/__tests__/brandEmbedder.test.ts > brandEmbedder — aggregate > per-category·per-tone 카운트 + 평균 길이 3ms
 ✓ src/__tests__/brandEmbedder.test.ts > brandEmbedder — aggregate > 미존재 accountId aggregate는 null 0ms
 ✓ src/__tests__/brandTonePersonaIntegrator.test.ts > enrichPersonaWithBrandTone — 정상 > userVoice + tone 추천 자동 주입 6ms
 ✓ src/__tests__/brandTonePersonaIntegrator.test.ts > enrichPersonaWithBrandTone — 정상 > basePersonaInput.toneOverride가 있으면 추천 무시 (사용자 우선) 1ms
 ✓ src/__tests__/brandTonePersonaIntegrator.test.ts > enrichPersonaWithBrandTone — 정상 > userVoice 기존 값 보존 + 신규 append 2ms
 ✓ src/__tests__/brandTonePersonaIntegrator.test.ts > enrichPersonaWithBrandTone — 정상 > persona 빌더와 함께 사용 — toneOverride 반영 1ms
 ✓ src/__tests__/brandTonePersonaIntegrator.test.ts > enrichPersonaWithBrandTone — fallback > 빈 accountId는 명시 reason + base 그대로 반환 1ms
 ✓ src/__tests__/brandTonePersonaIntegrator.test.ts > enrichPersonaWithBrandTone — fallback > 아직 글이 없는 accountId는 NO_BRAND_DATA 0ms
 ✓ src/__tests__/brandTonePersonaIntegrator.test.ts > enrichPersonaWithBrandTone — fallback > 알 수 없는 tone 라벨은 추천 후보에서 제외 0ms
 ✓ src/__tests__/brandTonePersonaIntegrator.test.ts > enrichPersonaWithBrandTone — 보안 (개인정보 sanitize) > 전화번호·이메일·@핸들 제거 1ms
 ✓ src/__tests__/conversionTracker.test.ts > UtmConversionTracker > UTM 파라미터 자동 부여 7ms
 ✓ src/__tests__/conversionTracker.test.ts > UtmConversionTracker > 이미 utm_source 있으면 덮어쓰지 않음 1ms
 ✓ src/__tests__/conversionTracker.test.ts > UtmConversionTracker > 잘못된 URL은 throw 1ms
 ✓ src/__tests__/conversionTracker.test.ts > UtmConversionTracker > 빈 postId·targetUrl은 throw 1ms
 ✓ src/__tests__/conversionTracker.test.ts > UtmConversionTracker > recordEvent → store 누적 2ms
 ✓ src/__tests__/conversionTracker.test.ts > PixelConversionTracker > 픽셀 redirect URL 생성 1ms
 ✓ src/__tests__/conversionTracker.test.ts > PixelConversionTracker > endpoint 누락은 throw 0ms
 ✓ src/__tests__/conversionTracker.test.ts > NoopConversionTracker > targetUrl 그대로 반환 1ms
 ✓ src/__tests__/conversionTracker.test.ts > NoopConversionTracker > 빈 targetUrl은 throw 1ms
 ✓ src/__tests__/conversionTracker.test.ts > createConversionTracker — factory > utm/pixel/noop 분기 0ms
 ✓ src/__tests__/conversionTracker.test.ts > createConversionTracker — factory > analytics는 미구현 throw (silent 폴백 X) 0ms
 ✓ src/__tests__/conversionTracker.test.ts > createConversionTracker — factory > pixel 옵션 미주입은 throw 0ms
 ✓ src/__tests__/conversionTracker.test.ts > createConversionTracker — factory > 알 수 없는 kind는 throw 0ms
 ✓ src/__tests__/conversionTracker.test.ts > makeConversionEvent > postId + eventType + 현재 시각 1ms
 ✓ src/__tests__/conversionTracker.test.ts > makeConversionEvent > extras로 value·metadata 주입 0ms
stdout | src/__tests__/categoryClassifier.test.ts > classifyCategory — fallback > 매칭 0건이면 general + confidence 0
[CategoryClassifier] 매칭 키워드 없음 → general 폴백 (silent X, 명시 로그)

stdout | src/__tests__/categoryClassifier.test.ts > classifyCategory — fallback > 빈 입력도 general 폴백
[CategoryClassifier] 매칭 키워드 없음 → general 폴백 (silent X, 명시 로그)

 ✓ src/__tests__/categoryClassifier.test.ts > classifyCategory — existingHint 우선 > 유효한 existingHint는 신뢰도 1.0 3ms
 ✓ src/__tests__/categoryClassifier.test.ts > classifyCategory — existingHint 우선 > 잘못된 existingHint는 무시되고 키워드 매칭으로 폴백 1ms
 ✓ src/__tests__/categoryClassifier.test.ts > classifyCategory — 키워드 매칭 > "강남 맛집 김치찌개 후기" → food 1ms
 ✓ src/__tests__/categoryClassifier.test.ts > classifyCategory — 키워드 매칭 > "아기 분유 추천 30대 엄마" → parenting 1ms
 ✓ src/__tests__/categoryClassifier.test.ts > classifyCategory — 키워드 매칭 > "쿠션 파운데이션 발색 비교" → beauty 1ms
 ✓ src/__tests__/categoryClassifier.test.ts > classifyCategory — 키워드 매칭 > "단백질 보충제 다이어트 30일" → health 0ms
 ✓ src/__tests__/categoryClassifier.test.ts > classifyCategory — 키워드 매칭 > "제주도 호텔 여행 코스 추천" → travel 0ms
 ✓ src/__tests__/categoryClassifier.test.ts > classifyCategory — 키워드 매칭 > "아이폰 15 Pro 노트북 비교" → tech 0ms
 ✓ src/__tests__/categoryClassifier.test.ts > classifyCategory — 키워드 매칭 > "인테리어 소파 가구 자취" → lifestyle 0ms
 ✓ src/__tests__/categoryClassifier.test.ts > classifyCategory — 키워드 매칭 > "넷플릭스 드라마 신작 영화 추천" → entertainment 0ms
 ✓ src/__tests__/categoryClassifier.test.ts > classifyCategory — 키워드 매칭 > "주식 ETF 재테크 적금 비교" → finance 0ms
 ✓ src/__tests__/categoryClassifier.test.ts > classifyCategory — title 가중치 > rawText > title의 카테고리가 rawText의 다른 카테고리보다 우선 2ms
 ✓ src/__tests__/categoryClassifier.test.ts > classifyCategory — fallback > 매칭 0건이면 general + confidence 0 3ms
 ✓ src/__tests__/categoryClassifier.test.ts > classifyCategory — fallback > 빈 입력도 general 폴백 3ms
 ✓ src/__tests__/categoryClassifier.test.ts > classifyCategory — V2 ReDoS 안전망 일관성 > 매우 긴 rawText도 빠르게 처리 1ms
 ✓ src/__tests__/categoryClassifier.test.ts > SPEC 메모리 원칙 — silent 폴백 부재 > 결과에 imageSource·subWorkProvider 없음 0ms
stdout | src/__tests__/recoveryIntegration.test.ts > Scenario A — ImageFX 401 R1 auto recovery > 첫 헤딩 401 → R1 retry → 다음 헤딩 카운터 리셋
[RECOVERY:HEADING_START] {"headingIndex":0,"engine":"imageFx"}
[RECOVERY:DECIDE] {"decision":{"action":"retry","tag":"R1","reason":"세션 만료 — 토큰 캐시 폐기 후 1회 재로그인","backoffMs":0},"httpStatus":401}
[RECOVERY:TOAST] {"message":"🔄 [R1] 세션 만료 — 토큰 캐시 폐기 후 1회 재로그인"}
[RECOVERY:HEADING_START] {"headingIndex":1,"engine":"imageFx"}
[RECOVERY:DECIDE] {"decision":{"action":"retry","tag":"R1","reason":"세션 만료 — 토큰 캐시 폐기 후 1회 재로그인","backoffMs":0},"httpStatus":401}

stdout | src/__tests__/recoveryIntegration.test.ts > Scenario A — ImageFX 401 R1 auto recovery > 같은 헤딩에서 R1 두 번째 발생은 B5 모달
[RECOVERY:HEADING_START] {"headingIndex":0,"engine":"imageFx"}
[RECOVERY:DECIDE] {"decision":{"action":"retry","tag":"R1","reason":"세션 만료 — 토큰 캐시 폐기 후 1회 재로그인","backoffMs":0},"httpStatus":401}
[RECOVERY:TOAST] {"message":"🔄 [R1] 세션 만료 — 토큰 캐시 폐기 후 1회 재로그인"}
[RECOVERY:DECIDE] {"decision":{"action":"block","modalCode":"B5","reason":"R1 자동 재로그인 실패"},"httpStatus":401}

stdout | src/__tests__/recoveryIntegration.test.ts > Scenario B — R2 backoff sequence persists across retries > 503 두 번째 호출 시 4초 백오프
[RECOVERY:HEADING_START] {"headingIndex":0,"engine":"imageFx"}
[RECOVERY:DECIDE] {"decision":{"action":"retry","tag":"R2","reason":"일시 오류 백오프 1/3","backoffMs":2000},"httpStatus":503}
[RECOVERY:TOAST] {"message":"🔄 [R2] 일시 오류 백오프 1/3"}
[RECOVERY:DECIDE] {"decision":{"action":"retry","tag":"R2","reason":"일시 오류 백오프 2/3","backoffMs":4000},"httpStatus":503}
[RECOVERY:TOAST] {"message":"🔄 [R2] 일시 오류 백오프 2/3"}
[RECOVERY:DECIDE] {"decision":{"action":"retry","tag":"R2","reason":"일시 오류 백오프 3/3","backoffMs":8000},"httpStatus":503}
[RECOVERY:TOAST] {"message":"🔄 [R2] 일시 오류 백오프 3/3"}
[RECOVERY:DECIDE] {"decision":{"action":"skip-heading","reason":"R2 3회 백오프 후 실패 — 다음 헤딩으로 격리"},"httpStatus":503}

stdout | src/__tests__/recoveryIntegration.test.ts > Scenario C — HTTP 403 immediate B1 modal + user cancel > 403 → B1 모달 → 사용자 cancel → 메트릭에 기록
[RECOVERY:HEADING_START] {"headingIndex":0,"engine":"imageFx"}
[RECOVERY:DECIDE] {"decision":{"action":"block","modalCode":"B1","reason":"Google 접근 거부 (HTTP 403 또는 IP 차단)","errorCode":"HTTP_403"},"httpStatus":403}

stdout | src/__tests__/recoveryIntegration.test.ts > Scenario C — HTTP 403 immediate B1 modal + user cancel > 403 → B1 모달 → 사용자 cancel → 메트릭에 기록
[RECOVERY:HALT] {"code":"B1","heading":"h0"}

stdout | src/__tests__/recoveryIntegration.test.ts > Scenario C — HTTP 403 immediate B1 modal + user cancel > 403 → B1 모달 → 사용자 cancel → 메트릭에 기록
[RECOVERY:USER_CHOICE] {"code":"B1","choice":{"chosenId":"cancel","choiceLabel":"취소","timestampMs":0}}

 ✓ src/__tests__/recoveryIntegration.test.ts > Scenario A — ImageFX 401 R1 auto recovery > 첫 헤딩 401 → R1 retry → 다음 헤딩 카운터 리셋 10ms
 ✓ src/__tests__/recoveryIntegration.test.ts > Scenario A — ImageFX 401 R1 auto recovery > 같은 헤딩에서 R1 두 번째 발생은 B5 모달 2ms
 ✓ src/__tests__/recoveryIntegration.test.ts > Scenario B — R2 backoff sequence persists across retries > 503 두 번째 호출 시 4초 백오프 2ms
 ✓ src/__tests__/recoveryIntegration.test.ts > Scenario C — HTTP 403 immediate B1 modal + user cancel > 403 → B1 모달 → 사용자 cancel → 메트릭에 기록 6ms
 ✓ src/__tests__/recoveryIntegration.test.ts > Pure classifier — silent fallback absence (C.1) > decision 객체에 imageSource/subWorkProvider 단어가 없다 1ms
 ✓ src/__tests__/fullAutoFlow.test.ts > isFatalApiError > detects fatal: "HTTP Error 429: Too Many Requests..." 3ms
 ✓ src/__tests__/fullAutoFlow.test.ts > isFatalApiError > detects fatal: "Error 500: Internal Server Error..." 0ms
 ✓ src/__tests__/fullAutoFlow.test.ts > isFatalApiError > detects fatal: "503 Service Unavailable..." 0ms
 ✓ src/__tests__/fullAutoFlow.test.ts > isFatalApiError > detects fatal: "too many requests - rate limit exceeded..." 0ms
 ✓ src/__tests__/fullAutoFlow.test.ts > isFatalApiError > detects fatal: "Rate limit reached for model..." 0ms
 ✓ src/__tests__/fullAutoFlow.test.ts > isFatalApiError > detects fatal: "internal server error occurred..." 0ms
 ✓ src/__tests__/fullAutoFlow.test.ts > isFatalApiError > detects fatal: "service unavailable, try again later..." 0ms
 ✓ src/__tests__/fullAutoFlow.test.ts > isFatalApiError > not fatal: "Timeout waiting for element" 0ms
 ✓ src/__tests__/fullAutoFlow.test.ts > isFatalApiError > not fatal: "Network error: ECONNREFUSED" 0ms
 ✓ src/__tests__/fullAutoFlow.test.ts > isFatalApiError > not fatal: "Element not found" 0ms
 ✓ src/__tests__/fullAutoFlow.test.ts > isFatalApiError > not fatal: "이미지 생성 실패" 1ms
 ✓ src/__tests__/fullAutoFlow.test.ts > isFatalApiError > handles string input (not Error object) 0ms
 ✓ src/__tests__/fullAutoFlow.test.ts > isFatalApiError > handles null/undefined 0ms
 ✓ src/__tests__/fullAutoFlow.test.ts > isRetryableImageError > retryable: "Request timeout after 30000ms" 1ms
 ✓ src/__tests__/fullAutoFlow.test.ts > isRetryableImageError > retryable: "타임아웃 발생" 1ms
 ✓ src/__tests__/fullAutoFlow.test.ts > isRetryableImageError > retryable: "시간 초과 에러" 0ms
 ✓ src/__tests__/fullAutoFlow.test.ts > isRetryableImageError > retryable: "timed out waiting for response" 0ms
 ✓ src/__tests__/fullAutoFlow.test.ts > isRetryableImageError > retryable: "network error during fetch" 0ms
 ✓ src/__tests__/fullAutoFlow.test.ts > isRetryableImageError > retryable: "fetch failed: ECONNREFUSED" 0ms
 ✓ src/__tests__/fullAutoFlow.test.ts > isRetryableImageError > retryable: "econnreset by server" 0ms
 ✓ src/__tests__/fullAutoFlow.test.ts > isRetryableImageError > retryable: "결과가 비어있음" 0ms
 ✓ src/__tests__/fullAutoFlow.test.ts > isRetryableImageError > retryable: "결과 없음" 0ms
 ✓ src/__tests__/fullAutoFlow.test.ts > isRetryableImageError > retryable: "이미지 없이 발행" 0ms
 ✓ src/__tests__/fullAutoFlow.test.ts > isRetryableImageError > returns false for fatal errors (429/500/503) 0ms
 ✓ src/__tests__/fullAutoFlow.test.ts > isRetryableImageError > returns false for unrecognized errors 0ms
 ✓ src/__tests__/fullAutoFlow.test.ts > friendlyErrorMessage > maps 429 to quota message 1ms
 ✓ src/__tests__/fullAutoFlow.test.ts > friendlyErrorMessage > maps 500 to server overload message 0ms
 ✓ src/__tests__/fullAutoFlow.test.ts > friendlyErrorMessage > maps 503 to maintenance message 0ms
 ✓ src/__tests__/fullAutoFlow.test.ts > friendlyErrorMessage > maps timeout to network check message 0ms
 ✓ src/__tests__/fullAutoFlow.test.ts > friendlyErrorMessage > maps network error to connection message 0ms
 ✓ src/__tests__/fullAutoFlow.test.ts > friendlyErrorMessage > maps quota error 0ms
 ✓ src/__tests__/fullAutoFlow.test.ts > friendlyErrorMessage > returns original message for unknown errors 0ms
 ✓ src/__tests__/fullAutoFlow.test.ts > friendlyErrorMessage > handles string input 2ms
stderr | src/__tests__/personaBuilder.test.ts > buildPersona — 폴백 + silent 금지 > 알 수 없는 카테고리는 general로 폴백 (warn 출력)
[PersonaBuilder] 알 수 없는 카테고리 "unknown_xyz" → general 폴백 (silent X, 명시 로그)

 ✓ src/__tests__/personaBuilder.test.ts > buildPersona — 결정론 > 같은 입력은 같은 페르소나 (캐싱·테스트 안정성) 4ms
 ✓ src/__tests__/personaBuilder.test.ts > buildPersona — 결정론 > 다른 productHint는 다른 이름 가능성 1ms
 ✓ src/__tests__/personaBuilder.test.ts > buildPersona — 카테고리별 톤·어휘 > food 카테고리 페르소나 정상 생성 1ms
 ✓ src/__tests__/personaBuilder.test.ts > buildPersona — 카테고리별 톤·어휘 > parenting 카테고리 페르소나 정상 생성 1ms
 ✓ src/__tests__/personaBuilder.test.ts > buildPersona — 카테고리별 톤·어휘 > beauty 카테고리 페르소나 정상 생성 1ms
 ✓ src/__tests__/personaBuilder.test.ts > buildPersona — 카테고리별 톤·어휘 > health 카테고리 페르소나 정상 생성 0ms
 ✓ src/__tests__/personaBuilder.test.ts > buildPersona — 카테고리별 톤·어휘 > travel 카테고리 페르소나 정상 생성 0ms
 ✓ src/__tests__/personaBuilder.test.ts > buildPersona — 카테고리별 톤·어휘 > tech 카테고리 페르소나 정상 생성 0ms
 ✓ src/__tests__/personaBuilder.test.ts > buildPersona — 카테고리별 톤·어휘 > lifestyle 카테고리 페르소나 정상 생성 0ms
 ✓ src/__tests__/personaBuilder.test.ts > buildPersona — 카테고리별 톤·어휘 > entertainment 카테고리 페르소나 정상 생성 0ms
 ✓ src/__tests__/personaBuilder.test.ts > buildPersona — 카테고리별 톤·어휘 > finance 카테고리 페르소나 정상 생성 0ms
 ✓ src/__tests__/personaBuilder.test.ts > buildPersona — 카테고리별 톤·어휘 > general 카테고리 페르소나 정상 생성 0ms
 ✓ src/__tests__/personaBuilder.test.ts > buildPersona — 카테고리별 톤·어휘 > parenting은 mom_cafe 톤 0ms
 ✓ src/__tests__/personaBuilder.test.ts > buildPersona — 카테고리별 톤·어휘 > health는 expert_review 톤 1ms
 ✓ src/__tests__/personaBuilder.test.ts > buildPersona — 폴백 + silent 금지 > 알 수 없는 카테고리는 general로 폴백 (warn 출력) 2ms
 ✓ src/__tests__/personaBuilder.test.ts > buildPersona — 폴백 + silent 금지 > 빈 입력도 동작 0ms
 ✓ src/__tests__/personaBuilder.test.ts > buildPersona — REVIEW-001 userVoice 통합 > userVoice가 vocabularyHints에 추가됨 0ms
 ✓ src/__tests__/personaBuilder.test.ts > buildPersona — REVIEW-001 userVoice 통합 > userVoice 60자 초과는 제외 0ms
 ✓ src/__tests__/personaBuilder.test.ts > buildPersona — REVIEW-001 userVoice 통합 > userVoice 5개 초과는 잘림 0ms
 ✓ src/__tests__/personaBuilder.test.ts > buildPersonaPromptBlock > 프롬프트 블록 필수 필드 포함 1ms
 ✓ src/__tests__/personaBuilder.test.ts > buildPersonaPromptBlock > forbiddenPhrases가 프롬프트에 노출됨 2ms
 ✓ src/__tests__/personaBuilder.test.ts > SPEC 메모리 원칙 — silent 폴백 부재 > 결과 객체에 imageSource·subWorkProvider 단어 없음 1ms
 ✓ src/__tests__/operationsDashboard.test.ts > 셀렉터 메트릭 > 성공/실패를 기록한다 5ms
 ✓ src/__tests__/operationsDashboard.test.ts > 셀렉터 메트릭 > 실패 없으면 failureRate 0% 1ms
 ✓ src/__tests__/operationsDashboard.test.ts > 콘텐츠 품질 메트릭 > 품질 평가를 기록하고 평균을 산출한다 1ms
 ✓ src/__tests__/operationsDashboard.test.ts > 발행 메트릭 > 성공/실패를 기록한다 2ms
 ✓ src/__tests__/operationsDashboard.test.ts > 세션 메트릭 > 로그인/세션/쿠키를 기록한다 1ms
 ✓ src/__tests__/operationsDashboard.test.ts > getDashboardSnapshot > 빈 상태에서도 안전하게 동작한다 1ms
 ✓ src/__tests__/operationsDashboard.test.ts > getDashboardSummary > 읽을 수 있는 문자열을 반환한다 1ms
 ✓ src/__tests__/operationsDashboard.test.ts > resetAllMetrics > 모든 메트릭을 초기화한다 1ms
 ✓ src/__tests__/imageRegenerationStrategy.test.ts > planRegeneration — 정상 > 이미 aligned면 ALREADY_ALIGNED reason + attempts 빈 배열 6ms
 ✓ src/__tests__/imageRegenerationStrategy.test.ts > planRegeneration — 정상 > 미정렬 입력에서 재생성 전략 시도 후 통과 2ms
 ✓ src/__tests__/imageRegenerationStrategy.test.ts > planRegeneration — 정상 > 빈 키워드는 명시 fallback 0ms
 ✓ src/__tests__/imageRegenerationStrategy.test.ts > planRegeneration — 정상 > maxAttempts=1로 시도 제한 1ms
 ✓ src/__tests__/imageRegenerationStrategy.test.ts > planRegeneration — 정상 > 결정론 — 같은 입력은 같은 결과 1ms
 ✓ src/__tests__/imageRegenerationStrategy.test.ts > planRegeneration — 전략 다양성 > headingHint 없으면 strategy 2(add-heading) 스킵 1ms
 ✓ src/__tests__/imageRegenerationStrategy.test.ts > planRegeneration — 전략 다양성 > 실패 시 best attempt prompt 반환 2ms
 ✓ src/__tests__/contentGenerator.test.ts > stripAllFormatting > removes **bold** markdown 4ms
 ✓ src/__tests__/contentGenerator.test.ts > stripAllFormatting > removes nested **bold** patterns 1ms
 ✓ src/__tests__/contentGenerator.test.ts > stripAllFormatting > removes __underline__ markdown 1ms
 ✓ src/__tests__/contentGenerator.test.ts > stripAllFormatting > removes *italic* markdown 1ms
 ✓ src/__tests__/contentGenerator.test.ts > stripAllFormatting > removes <u>underline</u> HTML tags 1ms
 ✓ src/__tests__/contentGenerator.test.ts > stripAllFormatting > removes <b>, <i>, <strong>, <em> HTML tags 0ms
 ✓ src/__tests__/contentGenerator.test.ts > stripAllFormatting > removes <mark>, <span>, <font> tags 0ms
 ✓ src/__tests__/contentGenerator.test.ts > stripAllFormatting > removes AI citation numbers [1], [2, 3] 0ms
 ✓ src/__tests__/contentGenerator.test.ts > stripAllFormatting > handles empty string 1ms
 ✓ src/__tests__/contentGenerator.test.ts > stripAllFormatting > handles null/undefined gracefully 1ms
 ✓ src/__tests__/contentGenerator.test.ts > stripAllFormatting > preserves plain text without formatting 0ms
 ✓ src/__tests__/contentGenerator.test.ts > stripAllFormatting > removes mixed formatting 1ms
 ✓ src/__tests__/contentGenerator.test.ts > removeOrdinalHeadingLabelsFromBody > removes "첫 번째 소제목:" label 2ms
 ✓ src/__tests__/contentGenerator.test.ts > removeOrdinalHeadingLabelsFromBody > removes "두 번째 소제목:" label 1ms
 ✓ src/__tests__/contentGenerator.test.ts > removeOrdinalHeadingLabelsFromBody > removes "제1번째 소제목:" pattern 1ms
 ✓ src/__tests__/contentGenerator.test.ts > removeOrdinalHeadingLabelsFromBody > removes standalone "소제목:" prefix 0ms
 ✓ src/__tests__/contentGenerator.test.ts > removeOrdinalHeadingLabelsFromBody > removes [공지] prefix 0ms
 ✓ src/__tests__/contentGenerator.test.ts > removeOrdinalHeadingLabelsFromBody > removes **bold** markdown from body 0ms
 ✓ src/__tests__/contentGenerator.test.ts > removeOrdinalHeadingLabelsFromBody > removes <u>underline</u> tags from body 0ms
 ✓ src/__tests__/contentGenerator.test.ts > removeOrdinalHeadingLabelsFromBody > removes placeholder patterns: OOO, {키워드} 0ms
 ✓ src/__tests__/contentGenerator.test.ts > removeOrdinalHeadingLabelsFromBody > removes AI citation numbers 0ms
 ✓ src/__tests__/contentGenerator.test.ts > removeOrdinalHeadingLabelsFromBody > handles empty string 0ms
 ✓ src/__tests__/contentGenerator.test.ts > removeOrdinalHeadingLabelsFromBody > handles null/undefined gracefully 0ms
 ✓ src/__tests__/contentGenerator.test.ts > removeOrdinalHeadingLabelsFromBody > preserves normal body text without labels 0ms
 ✓ src/__tests__/v2_7_63_hardening.test.ts > v2.7.63 — TimeoutPolicy VL_INFERENCE 3 tier > FAST/STANDARD/SLOW 모두 정의 3ms
 ✓ src/__tests__/v2_7_63_hardening.test.ts > v2.7.63 — TimeoutPolicy VL_INFERENCE 3 tier > imageRelevanceScorer가 TimeoutPolicy를 import 사용 1ms
 ✓ src/__tests__/v2_7_63_hardening.test.ts > v2.7.63 — visionBudgetGuard > 초기 상태는 0 1ms
 ✓ src/__tests__/v2_7_63_hardening.test.ts > v2.7.63 — visionBudgetGuard > Gemini Flash 1회 누적 시 ₩50 1ms
 ✓ src/__tests__/v2_7_63_hardening.test.ts > v2.7.63 — visionBudgetGuard > ₩500 도달 시 warning, 차단은 안 됨 1ms
 ✓ src/__tests__/v2_7_63_hardening.test.ts > v2.7.63 — visionBudgetGuard > ₩1500 초과 시 차단 0ms
 ✓ src/__tests__/v2_7_63_hardening.test.ts > v2.7.63 — IPC payload validators (SEC-V2-H5) > 정상 payload 통과 1ms
 ✓ src/__tests__/v2_7_63_hardening.test.ts > v2.7.63 — IPC payload validators (SEC-V2-H5) > headings 배열 아님 → 거부 0ms
 ✓ src/__tests__/v2_7_63_hardening.test.ts > v2.7.63 — IPC payload validators (SEC-V2-H5) > headings 51개 초과 → 거부 0ms
 ✓ src/__tests__/v2_7_63_hardening.test.ts > v2.7.63 — IPC payload validators (SEC-V2-H5) > null byte 포함 path → 거부 0ms
 ✓ src/__tests__/v2_7_63_hardening.test.ts > v2.7.63 — IPC payload validators (SEC-V2-H5) > 빈 payload → 거부 0ms
 ✓ src/__tests__/v2_7_63_hardening.test.ts > v2.7.63 — SEC-V2-H2 path traversal 가드 > systemHandlers.ts에 isPathSafe 함수 존재 1ms
 ✓ src/__tests__/v2_7_63_hardening.test.ts > v2.7.63 — SEC-V2-H2 path traversal 가드 > file:deleteFile에 isPathSafe 적용 1ms
 ✓ src/__tests__/v2_7_63_hardening.test.ts > v2.7.63 — SEC-V2-H2 path traversal 가드 > file:readDir에 isPathSafe 적용 1ms
 ✓ src/__tests__/v2_7_63_hardening.test.ts > v2.7.63 — SEC-V2-H4 remoteUpdate HMAC + HTTPS > fetchRemoteSelectors에 HTTPS 강제 1ms
 ✓ src/__tests__/v2_7_63_hardening.test.ts > v2.7.63 — SEC-V2-H4 remoteUpdate HMAC + HTTPS > HMAC 검증 로직 존재 1ms
 ✓ src/__tests__/zeroPriceLeakGuard.test.ts > v1.4.77 — 0원 누출 봉쇄 매트릭스 > sourceAssembler.ts — 비상구 차단 > priceNum ?? 0 비상구가 제거됨 (metadata에 숫자 0 주입 금지) 3ms
 ✓ src/__tests__/zeroPriceLeakGuard.test.ts > v1.4.77 — 0원 누출 봉쇄 매트릭스 > sourceAssembler.ts — 비상구 차단 > validateProductInfo 스키마 경유로 priceNum 가드 격상됨 (P1) 1ms
 ✓ src/__tests__/zeroPriceLeakGuard.test.ts > v1.4.77 — 0원 누출 봉쇄 매트릭스 > sourceAssembler.ts — 비상구 차단 > item.lprice || '0' 폴백이 제거됨 (0 문자열 생성 금지) 2ms
 ✓ src/__tests__/zeroPriceLeakGuard.test.ts > v1.4.77 — 0원 누출 봉쇄 매트릭스 > productSpecCrawler.ts — 삼항 truthy 통과 차단 > `price ? ...원 : ''` 삼항이 코드에서 제거됨 ('0' truthy 통과 버그) 1ms
 ✓ src/__tests__/zeroPriceLeakGuard.test.ts > v1.4.77 — 0원 누출 봉쇄 매트릭스 > productSpecCrawler.ts — 삼항 truthy 통과 차단 > parseInt 양수 검증 가드가 존재 (Number.isFinite + n > 0) 0ms
 ✓ src/__tests__/zeroPriceLeakGuard.test.ts > v1.4.77 — 0원 누출 봉쇄 매트릭스 > contentGenerator.ts — 0원 감지 시 blocking throw > ZeroPriceArtifactError 클래스가 export됨 0ms
 ✓ src/__tests__/zeroPriceLeakGuard.test.ts > v1.4.77 — 0원 누출 봉쇄 매트릭스 > contentGenerator.ts — 0원 감지 시 blocking throw > price_artifact critical 이슈 감지 시 throw 0ms
 ✓ src/__tests__/zeroPriceLeakGuard.test.ts > v1.4.77 — 0원 누출 봉쇄 매트릭스 > contentGenerator.ts — 0원 감지 시 blocking throw > runPostGenValidator의 'Never throws' 주석이 제거됨 (동작 변경 반영) 0ms
 ✓ src/__tests__/zeroPriceLeakGuard.test.ts > v1.4.77 — 0원 누출 봉쇄 매트릭스 > textOverlay.ts — 이미지 0원 텍스트 오버레이 차단 > addTextOverlay가 0원 패턴 감지 시 오버레이 스킵 1ms
 ✓ src/__tests__/zeroPriceLeakGuard.test.ts > v1.4.77 — 0원 누출 봉쇄 매트릭스 > textOverlay.ts — 이미지 0원 텍스트 오버레이 차단 > 0원 감지 시 원본 이미지를 outputBuffer로 그대로 반환 0ms
 ✓ src/__tests__/zeroPriceLeakGuard.test.ts > v1.4.77 — 0원 누출 봉쇄 매트릭스 > 통합 시나리오: 수학적 비용 환산 > 이전 버그: metadata.productInfo.price에 숫자 0 저장되던 경로가 차단됨 4ms
 ✓ src/__tests__/contentOptimizerDictToggle.test.ts > optimizeContentForNaver — skipDictInjection toggle > default behavior: returns non-empty string and may apply dictionary post-processing 8ms
 ✓ src/__tests__/contentOptimizerDictToggle.test.ts > optimizeContentForNaver — skipDictInjection toggle > skipDictInjection=true produces output of same or smaller size (no injection) 4ms
 ✓ src/__tests__/contentOptimizerDictToggle.test.ts > optimizeContentForNaver — skipDictInjection toggle > skipDictInjection=true preserves the original sentence structure 1ms
 ✓ src/__tests__/contentOptimizerDictToggle.test.ts > optimizeContentForNaver — skipDictInjection toggle > DISABLE_NAVER_DICT_INJECTION env triggers skip when option omitted 2ms
 ✓ src/__tests__/contentOptimizerDictToggle.test.ts > optimizeContentForNaver — skipDictInjection toggle > explicit option overrides env (option=false re-enables injection despite env=true) 1ms
 ✓ src/__tests__/contentOptimizerDictToggle.test.ts > optimizeContentForNaver — skipDictInjection toggle > handles empty content without throwing 0ms
 ✓ src/__tests__/geminiPlanMemo.test.ts > rememberPlan / recallPlan — 동일 세션 내 > 초기 상태는 null 4ms
 ✓ src/__tests__/geminiPlanMemo.test.ts > rememberPlan / recallPlan — 동일 세션 내 > rememberPlan('paid') 후 recallPlan === 'paid' 0ms
 ✓ src/__tests__/geminiPlanMemo.test.ts > rememberPlan / recallPlan — 동일 세션 내 > rememberPlan('free') 후 recallPlan === 'free' 0ms
 ✓ src/__tests__/geminiPlanMemo.test.ts > rememberPlan / recallPlan — 동일 세션 내 > 덮어쓰기 — 마지막 값이 살아남음 1ms
 ✓ src/__tests__/geminiPlanMemo.test.ts > rememberPlan / recallPlan — 동일 세션 내 > 잘못된 값은 무시 (방어) 0ms
 ✓ src/__tests__/geminiPlanMemo.test.ts > localStorage 폴백 — 새 세션 (모듈 메모 초기화) 시뮬 > memo 비어있어도 localStorage에 paid 있으면 recall 0ms
 ✓ src/__tests__/geminiPlanMemo.test.ts > localStorage 폴백 — 새 세션 (모듈 메모 초기화) 시뮬 > memo + localStorage 둘 다 비면 null 0ms
 ✓ src/__tests__/geminiPlanMemo.test.ts > localStorage 폴백 — 새 세션 (모듈 메모 초기화) 시뮬 > localStorage 손상값(임의 string)은 무시 → null 반환 0ms
 ✓ src/__tests__/geminiPlanMemo.test.ts > clearPlanMemo — 명시 리셋 > memo + localStorage 모두 비움 0ms
 ✓ src/__tests__/geminiPlanMemo.test.ts > localStorage unavailable 환경 (private mode 시뮬) > rememberPlan throw 안 함 + 모듈 메모는 살아있음 2ms
 ✓ src/__tests__/geminiPlanMemo.test.ts > localStorage unavailable 환경 (private mode 시뮬) > memo 비고 localStorage도 못 읽으면 null 1ms
 ✓ src/__tests__/geminiPlanMemo.test.ts > 실 시나리오 — 연속발행 모달 재출현 차단 > 유료 클릭 → 다음 N번 호출 모두 cache hit 2ms
 ✓ src/__tests__/geminiPlanMemo.test.ts > 실 시나리오 — 연속발행 모달 재출현 차단 > paid 한 번 저장된 뒤에는 무료 라이선스 자동 free 트리거 무력화 2ms
 ✓ src/__tests__/geminiPlanMemo.test.ts > v2.10.77 — 계정 전환 시 cache 격리 > clearPlanMemo는 모듈 메모 + localStorage 둘 다 비움 0ms
 ✓ src/__tests__/geminiPlanMemo.test.ts > v2.10.77 — 계정 전환 시 cache 격리 > 계정 A 로그인 시뮬 → paid 저장 → 로그아웃(clearPlanMemo) → 계정 B 로그인 시 모달 재출현 보장 1ms
 ✓ src/__tests__/geminiPlanMemo.test.ts > v2.10.77 — 계정 전환 시 cache 격리 > 동일 계정 재로그인 (clearPlanMemo 후) → 새 답변 받기까지 모달 출현 1ms
 ✓ src/__tests__/geminiPlanMemo.test.ts > v2.10.77 — priceInfoModal cache 동기화 > 사용자가 settings에서 paid → free 전환 시 cache가 즉시 따라감 0ms
 ✓ src/__tests__/geminiPlanMemo.test.ts > v2.10.77 — priceInfoModal cache 동기화 > settings에서 plan 라디오 미체크로 저장 시 cache는 변화 없음 (디스크 보존과 일관) 0ms
 ✓ src/__tests__/multiBrandConsistency.test.ts > 다계정 일관성 — 브랜드 격리 > 브랜드 A는 casual 톤 추천 5ms
 ✓ src/__tests__/multiBrandConsistency.test.ts > 다계정 일관성 — 브랜드 격리 > 브랜드 B는 expert_review 톤 추천 1ms
 ✓ src/__tests__/multiBrandConsistency.test.ts > 다계정 일관성 — 브랜드 격리 > 같은 입력이라도 브랜드별로 persona.tone이 다름 2ms
 ✓ src/__tests__/multiBrandConsistency.test.ts > 다계정 일관성 — 브랜드 격리 > searchSimilarPosts에서 브랜드 누수 X 1ms
 ✓ src/__tests__/multiBrandConsistency.test.ts > 다계정 일관성 — 브랜드 격리 > 같은 브랜드에 대한 두 호출은 결정론 (같은 톤·aggregate) 1ms
 ✓ src/__tests__/multiBrandConsistency.test.ts > 다계정 일관성 — 브랜드 격리 > 브랜드 삭제 후 그 브랜드 검색은 0건 1ms
 ✓ src/__tests__/browserSessionKeepalive.test.ts > v1.4.78 — 브라우저 세션 keep-alive > SESSION_MAX_AGE 무한화 > SESSION_MAX_AGE가 Number.MAX_SAFE_INTEGER (무기한) 3ms
 ✓ src/__tests__/browserSessionKeepalive.test.ts > v1.4.78 — 브라우저 세션 keep-alive > SESSION_MAX_AGE 무한화 > 이전 4시간 하드 상한이 제거됨 1ms
 ✓ src/__tests__/browserSessionKeepalive.test.ts > v1.4.78 — 브라우저 세션 keep-alive > Keep-alive 설정값 > KEEPALIVE_INTERVAL_MS는 15분 (900,000ms) 1ms
 ✓ src/__tests__/browserSessionKeepalive.test.ts > v1.4.78 — 브라우저 세션 keep-alive > Keep-alive 설정값 > KEEPALIVE_JITTER_MS는 5분 (v1.4.79에서 2분→5분 확대) 1ms
 ✓ src/__tests__/browserSessionKeepalive.test.ts > v1.4.78 — 브라우저 세션 keep-alive > Keep-alive 설정값 > keepaliveTimer 싱글톤 필드 존재 (중복 실행 방지) 0ms
 ✓ src/__tests__/browserSessionKeepalive.test.ts > v1.4.78 — 브라우저 세션 keep-alive > 필수 메서드 존재 > startKeepalive 메서드 존재 0ms
 ✓ src/__tests__/browserSessionKeepalive.test.ts > v1.4.78 — 브라우저 세션 keep-alive > 필수 메서드 존재 > stopKeepalive 메서드 존재 0ms
 ✓ src/__tests__/browserSessionKeepalive.test.ts > v1.4.78 — 브라우저 세션 keep-alive > 필수 메서드 존재 > runKeepalivePing 프라이빗 메서드 존재 0ms
 ✓ src/__tests__/browserSessionKeepalive.test.ts > v1.4.78 — 브라우저 세션 keep-alive > 필수 메서드 존재 > 중복 실행 방지 가드 (이미 실행 중이면 skip) 1ms
 ✓ src/__tests__/browserSessionKeepalive.test.ts > v1.4.78 — 브라우저 세션 keep-alive > 자동 시작 / 종료 연결 > 첫 세션 생성 + startKeepalive() 호출 둘 다 존재 (v2.7.51 신 구조) 1ms
 ✓ src/__tests__/browserSessionKeepalive.test.ts > v1.4.78 — 브라우저 세션 keep-alive > 자동 시작 / 종료 연결 > closeAllSessions에서 stopKeepalive() 먼저 호출 1ms
 ✓ src/__tests__/browserSessionKeepalive.test.ts > v1.4.78 — 브라우저 세션 keep-alive > ping 전략 > ping은 네이버 도메인(nid.naver.com)으로 fetch 0ms
 ✓ src/__tests__/browserSessionKeepalive.test.ts > v1.4.78 — 브라우저 세션 keep-alive > ping 전략 > credentials: 'include' — 쿠키 포함하여 서버측 TTL 리셋 0ms
 ✓ src/__tests__/browserSessionKeepalive.test.ts > v1.4.78 — 브라우저 세션 keep-alive > ping 전략 > 세션 간 ping은 계정 수 비례 랜덤 간격 (v1.4.79: min=5초, N계정이면 N*3초 이상) 1ms
 ✓ src/__tests__/browserSessionKeepalive.test.ts > v1.4.78 — 브라우저 세션 keep-alive > ping 전략 > ping 실패 시 loginVerifiedAt을 0으로 리셋 (다음 발행에서 재검증 트리거) 0ms
 ✓ src/__tests__/browserSessionKeepalive.test.ts > v1.4.78 — 브라우저 세션 keep-alive > 쿠키 자동 저장 (앱 재시작 복원용) > keep-alive 성공 시 saveCookies 자동 호출 0ms
 ✓ src/__tests__/imageBodyAlignmentVerifier.test.ts > verifyImageBodyAlignment — 정상 > 영어 이미지 프롬프트 ↔ 한글 본문 키워드 (사전 매핑 안 돼도 부분 일치) 4ms
 ✓ src/__tests__/imageBodyAlignmentVerifier.test.ts > verifyImageBodyAlignment — 정상 > 한글 ↔ 한글 매칭 2ms
 ✓ src/__tests__/imageBodyAlignmentVerifier.test.ts > verifyImageBodyAlignment — 정상 > 영어 ↔ 영어 매칭 1ms
 ✓ src/__tests__/imageBodyAlignmentVerifier.test.ts > verifyImageBodyAlignment — 정상 > extraInImage — 이미지에만 있는 토큰 노출 1ms
 ✓ src/__tests__/imageBodyAlignmentVerifier.test.ts > verifyImageBodyAlignment — 정상 > missingFromImage — 본문에만 있는 concrete 키워드 1ms
 ✓ src/__tests__/imageBodyAlignmentVerifier.test.ts > verifyImageBodyAlignment — fallback > 빈 이미지 프롬프트는 명시 reason 0ms
 ✓ src/__tests__/imageBodyAlignmentVerifier.test.ts > verifyImageBodyAlignment — fallback > 빈 본문 키워드는 명시 reason 0ms
 ✓ src/__tests__/imageBodyAlignmentVerifier.test.ts > verifyImageBodyAlignment — fallback > overlap 임계 미달은 OVERLAP_TOO_LOW reason 0ms
 ✓ src/__tests__/imageBodyAlignmentVerifier.test.ts > verifyImageBodyAlignment — fallback > stopword (사진·이미지 등) 무시 1ms
 ✓ src/__tests__/imageBodyAlignmentVerifier.test.ts > buildAlignmentRetryHint > aligned 시 빈 문자열 0ms
 ✓ src/__tests__/imageBodyAlignmentVerifier.test.ts > buildAlignmentRetryHint > aligned=false면 missing 키워드 + 재생성 안내 0ms
 ✓ src/__tests__/proxyVerificationP0.test.ts > v1.4.79 P0 — 프록시 100% 보장 강화 > P0-WebRTC: 실제 IP 누출 차단 > Chrome launch arg에 --force-webrtc-ip-handling-policy 추가 3ms
 ✓ src/__tests__/proxyVerificationP0.test.ts > v1.4.79 P0 — 프록시 100% 보장 강화 > P0-WebRTC: 실제 IP 누출 차단 > WebRtcHideLocalIpsWithMdns 비활성화 0ms
 ✓ src/__tests__/proxyVerificationP0.test.ts > v1.4.79 P0 — 프록시 100% 보장 강화 > P0-WebRTC: 실제 IP 누출 차단 > JS 레벨 RTCPeerConnection 덮어쓰기 스텁 존재 0ms
 ✓ src/__tests__/proxyVerificationP0.test.ts > v1.4.79 P0 — 프록시 100% 보장 강화 > P0-WebRTC: 실제 IP 누출 차단 > webkitRTCPeerConnection, mozRTCPeerConnection도 차단 1ms
 ✓ src/__tests__/proxyVerificationP0.test.ts > v1.4.79 P0 — 프록시 100% 보장 강화 > P0-WebRTC: 실제 IP 누출 차단 > mediaDevices.enumerateDevices가 빈 배열 반환하도록 스텁 0ms
 ✓ src/__tests__/proxyVerificationP0.test.ts > v1.4.79 P0 — 프록시 100% 보장 강화 > P0-Gate: 발행 전 Chrome 내부 IP 강제 검증 > enforceProxyAppliedOrThrow 메서드 존재 0ms
 ✓ src/__tests__/proxyVerificationP0.test.ts > v1.4.79 P0 — 프록시 100% 보장 강화 > P0-Gate: 발행 전 Chrome 내부 IP 강제 검증 > 프록시 OFF면 게이트 스킵 (false-positive 방지) 0ms
 ✓ src/__tests__/proxyVerificationP0.test.ts > v1.4.79 P0 — 프록시 100% 보장 강화 > P0-Gate: 발행 전 Chrome 내부 IP 강제 검증 > IP 불일치 시 throw (발행 차단) 0ms
 ✓ src/__tests__/proxyVerificationP0.test.ts > v1.4.79 P0 — 프록시 100% 보장 강화 > P0-Gate: 발행 전 Chrome 내부 IP 강제 검증 > SmartProxy rotating(동적 풀)은 IP 매칭 스킵 0ms
 ✓ src/__tests__/proxyVerificationP0.test.ts > v1.4.79 P0 — 프록시 100% 보장 강화 > P0-Scheme: HTTP/HTTPS/SOCKS 지원 > ProxyScheme 타입 정의 (4종) 1ms
 ✓ src/__tests__/proxyVerificationP0.test.ts > v1.4.79 P0 — 프록시 100% 보장 강화 > P0-Scheme: HTTP/HTTPS/SOCKS 지원 > ManualProxyConfig에 scheme 필드 0ms
 ✓ src/__tests__/proxyVerificationP0.test.ts > v1.4.79 P0 — 프록시 100% 보장 강화 > P0-Scheme: HTTP/HTTPS/SOCKS 지원 > getProxyUrl이 스킴별 URL 생성 (http:///https:///socks5://) 0ms
 ✓ src/__tests__/proxyVerificationP0.test.ts > v1.4.79 P0 — 프록시 100% 보장 강화 > P0-Scheme: HTTP/HTTPS/SOCKS 지원 > verifyProxy가 SOCKS4/SOCKS5는 TCP 도달성만 확인 (조기 반환) 2ms
 ✓ src/__tests__/proxyVerificationP0.test.ts > v1.4.79 P0 — 프록시 100% 보장 강화 > P0-Scheme: HTTP/HTTPS/SOCKS 지원 > setManualProxy 저장 시 scheme 필드 함께 저장 1ms
 ✓ src/__tests__/proxyVerificationP0.test.ts > v1.4.79 P0 — 프록시 100% 보장 강화 > P0-Scheme: HTTP/HTTPS/SOCKS 지원 > loadManualProxy가 유효하지 않은 scheme은 http로 폴백 1ms
 ✓ src/__tests__/proxyVerificationP0.test.ts > v1.4.79 P0 — 프록시 100% 보장 강화 > UI 연결 — preload / settingsModal > preload에 enforceProxyGate API 노출 0ms
 ✓ src/__tests__/proxyVerificationP0.test.ts > v1.4.79 P0 — 프록시 100% 보장 강화 > UI 연결 — preload / settingsModal > settingsModal이 scheme select 값을 저장 시 전달 0ms
 ✓ src/__tests__/proxyVerificationP0.test.ts > v1.4.79 P0 — 프록시 100% 보장 강화 > UI 연결 — preload / settingsModal > settingsModal이 verify 호출 시 scheme 포함 0ms
 ✓ src/__tests__/proxyVerificationP0.test.ts > v1.4.79 P0 — 프록시 100% 보장 강화 > 통합 — verifyProxy 결과 타입에 diagnostics 포함 > VerifyProxyResult에 diagnostics 배열 포함 0ms
 ✓ src/__tests__/proxyVerificationP0.test.ts > v1.4.79 P0 — 프록시 100% 보장 강화 > 통합 — verifyProxy 결과 타입에 diagnostics 포함 > 4단계 진단: TCP/본인IP/프록시IP/네이버도달 0ms
 ✓ src/__tests__/proxyVerificationP0.test.ts > v1.4.79 P0 — 프록시 100% 보장 강화 > 통합 — verifyProxy 결과 타입에 diagnostics 포함 > 407 (인증 필요) 에러 구체 메시지 0ms
 ✓ src/__tests__/proxyVerificationP0.test.ts > v1.4.79 P0 — 프록시 100% 보장 강화 > 통합 — verifyProxy 결과 타입에 diagnostics 포함 > 403 (IP 인증 미등록) 에러 구체 메시지 0ms
 ✓ src/__tests__/productInfoSchema.test.ts > v1.4.77 P1 — ProductInfo 스키마 타입 벽 > 0원 비상구 원천 차단 > price: 0 (숫자) → undefined로 정규화 3ms
 ✓ src/__tests__/productInfoSchema.test.ts > v1.4.77 P1 — ProductInfo 스키마 타입 벽 > 0원 비상구 원천 차단 > price: '0' (문자열) → undefined 1ms
 ✓ src/__tests__/productInfoSchema.test.ts > v1.4.77 P1 — ProductInfo 스키마 타입 벽 > 0원 비상구 원천 차단 > price: '0원' → undefined 0ms
 ✓ src/__tests__/productInfoSchema.test.ts > v1.4.77 P1 — ProductInfo 스키마 타입 벽 > 0원 비상구 원천 차단 > price: NaN → undefined 0ms
 ✓ src/__tests__/productInfoSchema.test.ts > v1.4.77 P1 — ProductInfo 스키마 타입 벽 > 0원 비상구 원천 차단 > price: -100 (음수) → undefined 0ms
 ✓ src/__tests__/productInfoSchema.test.ts > v1.4.77 P1 — ProductInfo 스키마 타입 벽 > 0원 비상구 원천 차단 > price: null → undefined (이슈 없음) 0ms
 ✓ src/__tests__/productInfoSchema.test.ts > v1.4.77 P1 — ProductInfo 스키마 타입 벽 > 0원 비상구 원천 차단 > price 누락 → undefined (정상) 0ms
 ✓ src/__tests__/productInfoSchema.test.ts > v1.4.77 P1 — ProductInfo 스키마 타입 벽 > 유효 가격 통과 > price: 15370 → 15370 (정상) 0ms
 ✓ src/__tests__/productInfoSchema.test.ts > v1.4.77 P1 — ProductInfo 스키마 타입 벽 > 유효 가격 통과 > price: '15,370원' → 15370 0ms
 ✓ src/__tests__/productInfoSchema.test.ts > v1.4.77 P1 — ProductInfo 스키마 타입 벽 > 유효 가격 통과 > price: '₩15,370' → 15370 0ms
 ✓ src/__tests__/productInfoSchema.test.ts > v1.4.77 P1 — ProductInfo 스키마 타입 벽 > name 필수 검증 > name 누락 → ok=false 2ms
 ✓ src/__tests__/productInfoSchema.test.ts > v1.4.77 P1 — ProductInfo 스키마 타입 벽 > name 필수 검증 > name이 빈 문자열 → ok=false 0ms
 ✓ src/__tests__/productInfoSchema.test.ts > v1.4.77 P1 — ProductInfo 스키마 타입 벽 > name 필수 검증 > name이 공백만 → ok=false 0ms
 ✓ src/__tests__/productInfoSchema.test.ts > v1.4.77 P1 — ProductInfo 스키마 타입 벽 > assertValidProductInfo 엄격 모드 > 유효한 입력은 ValidatedProductInfo 반환 1ms
 ✓ src/__tests__/productInfoSchema.test.ts > v1.4.77 P1 — ProductInfo 스키마 타입 벽 > assertValidProductInfo 엄격 모드 > name 누락 시 throw 1ms
 ✓ src/__tests__/productInfoSchema.test.ts > v1.4.77 P1 — ProductInfo 스키마 타입 벽 > assertValidProductInfo 엄격 모드 > 0원 입력은 throw 안 함 (price만 undefined로 정규화) 1ms
 ✓ src/__tests__/productInfoSchema.test.ts > v1.4.77 P1 — ProductInfo 스키마 타입 벽 > brand / description 선택 필드 > brand 정상 저장 0ms
 ✓ src/__tests__/productInfoSchema.test.ts > v1.4.77 P1 — ProductInfo 스키마 타입 벽 > brand / description 선택 필드 > brand 빈 문자열 → undefined 0ms
 ✓ src/__tests__/productInfoSchema.test.ts > v1.4.77 P1 — ProductInfo 스키마 타입 벽 > brand / description 선택 필드 > description trim 적용 0ms
 ✓ src/__tests__/authgrDefenseAdvanced.test.ts > getPersonaProfile > 알려진 카테고리에 맞는 프로필을 반환한다 3ms
 ✓ src/__tests__/authgrDefenseAdvanced.test.ts > getPersonaProfile > 알 수 없는 카테고리는 general로 폴백한다 0ms
 ✓ src/__tests__/authgrDefenseAdvanced.test.ts > getPersonaProfile > 모든 프로필에 필수 필드가 있다 1ms
 ✓ src/__tests__/authgrDefenseAdvanced.test.ts > injectExtendedExperience > 확장 경험 패턴을 주입한다 1ms
 ✓ src/__tests__/authgrDefenseAdvanced.test.ts > injectExtendedExperience > 짧은 콘텐츠에는 주입하지 않는다 0ms
 ✓ src/__tests__/authgrDefenseAdvanced.test.ts > assessContentQuality > 고품질 콘텐츠에 pass를 반환한다 2ms
 ✓ src/__tests__/authgrDefenseAdvanced.test.ts > assessContentQuality > AI 같은 콘텐츠에 낮은 점수를 반환한다 1ms
 ✓ src/__tests__/authgrDefenseAdvanced.test.ts > assessContentQuality > verdict가 올바른 범위 내에 있다 1ms
 ✓ src/__tests__/authgrDefenseAdvanced.test.ts > assessContentQuality > 필수 필드가 모두 존재한다 1ms
 ✓ src/__tests__/errorRecovery.test.ts > isRetryableError > returns true for: "Navigation timeout of 30000 ms exceeded..." 3ms
 ✓ src/__tests__/errorRecovery.test.ts > isRetryableError > returns true for: "Timed out waiting for element..." 0ms
 ✓ src/__tests__/errorRecovery.test.ts > isRetryableError > returns true for: "net::ERR_CONNECTION_REFUSED..." 0ms
 ✓ src/__tests__/errorRecovery.test.ts > isRetryableError > returns true for: "target closed..." 0ms
 ✓ src/__tests__/errorRecovery.test.ts > isRetryableError > returns true for: "Protocol error: Session closed..." 0ms
 ✓ src/__tests__/errorRecovery.test.ts > isRetryableError > returns true for: "Execution context was destroyed..." 0ms
 ✓ src/__tests__/errorRecovery.test.ts > isRetryableError > returns true for: "frame detached..." 0ms
 ✓ src/__tests__/errorRecovery.test.ts > isRetryableError > returns true for: "Node is detached from document..." 0ms
 ✓ src/__tests__/errorRecovery.test.ts > isRetryableError > returns false for: "Invalid API key" 0ms
 ✓ src/__tests__/errorRecovery.test.ts > isRetryableError > returns false for: "browser is closed" 1ms
 ✓ src/__tests__/errorRecovery.test.ts > isRetryableError > returns false for: "로그인 실패" 0ms
 ✓ src/__tests__/errorRecovery.test.ts > isRetryableError > returns false for: "Unknown error occurred" 0ms
 ✓ src/__tests__/errorRecovery.test.ts > isFatalError > returns true for: "browser is closed..." 0ms
 ✓ src/__tests__/errorRecovery.test.ts > isFatalError > returns true for: "로그인 실패: 네이버 계정 정보를 확인해주세요..." 1ms
 ✓ src/__tests__/errorRecovery.test.ts > isFatalError > returns true for: "계정 정보가 올바르지 않습니다..." 0ms
 ✓ src/__tests__/errorRecovery.test.ts > isFatalError > returns true for: "잘못된 비밀번호입니다..." 0ms
 ✓ src/__tests__/errorRecovery.test.ts > isFatalError > returns true for: "캡차 인증이 필요합니다..." 0ms
 ✓ src/__tests__/errorRecovery.test.ts > isFatalError > returns true for: "Captcha detected on login page..." 0ms
 ✓ src/__tests__/errorRecovery.test.ts > isFatalError > returns false for: "Navigation timeout of 30000 ms exceeded" 0ms
 ✓ src/__tests__/errorRecovery.test.ts > isFatalError > returns false for: "net::ERR_CONNECTION_REFUSED" 0ms
 ✓ src/__tests__/errorRecovery.test.ts > isFatalError > returns false for: "Element not found" 0ms
 ✓ src/__tests__/errorRecovery.test.ts > calculateBackoff > returns value within expected range for attempt 1 2ms
 ✓ src/__tests__/errorRecovery.test.ts > calculateBackoff > doubles base delay for each attempt 1ms
 ✓ src/__tests__/errorRecovery.test.ts > calculateBackoff > caps at maxMs 0ms
 ✓ src/__tests__/errorRecovery.test.ts > calculateBackoff > uses default values when not provided 0ms
 ✓ src/__tests__/flowPromptInjection.test.ts > sanitizeHeadingForPrompt > 빈 입력은 빈 문자열 3ms
 ✓ src/__tests__/flowPromptInjection.test.ts > sanitizeHeadingForPrompt > 마크다운 기호 제거 1ms
 ✓ src/__tests__/flowPromptInjection.test.ts > sanitizeHeadingForPrompt > 대괄호/꺾쇠 제거 0ms
 ✓ src/__tests__/flowPromptInjection.test.ts > sanitizeHeadingForPrompt > 연속 공백 단일화 + trim 0ms
 ✓ src/__tests__/flowPromptInjection.test.ts > sanitizeHeadingForPrompt > 120자 초과 시 자름 0ms
 ✓ src/__tests__/flowPromptInjection.test.ts > sanitizeHeadingForPrompt > 한글 보존 (Flow 한국어 subject 리터럴 처리) 0ms
 ✓ src/__tests__/flowPromptInjection.test.ts > injectUniqueSalt > prompt 끝에 자연어 trailing phrase 추가 0ms
 ✓ src/__tests__/flowPromptInjection.test.ts > injectUniqueSalt > 호출마다 다른 salt 생성 1ms
 ✓ src/__tests__/flowPromptInjection.test.ts > injectHeadingVariation — viewpoint + Subject prepend > headingIndex 음수면 prompt 그대로 반환 (no-op) 1ms
 ✓ src/__tests__/flowPromptInjection.test.ts > injectHeadingVariation — viewpoint + Subject prepend > headingIndex 0 — 첫 viewpoint hint prepend 1ms
 ✓ src/__tests__/flowPromptInjection.test.ts > injectHeadingVariation — viewpoint + Subject prepend > headingIndex 8 회전 — % cycle 0ms
 ✓ src/__tests__/flowPromptInjection.test.ts > injectHeadingVariation — viewpoint + Subject prepend > headingTitle 미제공 시 Subject 라인 없음 (legacy 호환) 0ms
 ✓ src/__tests__/flowPromptInjection.test.ts > injectHeadingVariation — viewpoint + Subject prepend > headingTitle 제공 시 Subject 라인이 viewpoint hint 위에 prepend 0ms
 ✓ src/__tests__/flowPromptInjection.test.ts > injectHeadingVariation — viewpoint + Subject prepend > Subject가 viewpoint hint보다 *먼저* 나와야 함 (LLM anchoring 보장) 1ms
 ✓ src/__tests__/flowPromptInjection.test.ts > injectHeadingVariation — viewpoint + Subject prepend > headingTitle 빈 문자열은 Subject 라인 생략 (sanitize → empty) 0ms
 ✓ src/__tests__/flowPromptInjection.test.ts > injectHeadingVariation — viewpoint + Subject prepend > headingTitle의 마크다운 기호는 정리됨 0ms
 ✓ src/__tests__/flowPromptInjection.test.ts > injectHeadingVariation — viewpoint + Subject prepend > 상류 회귀 시뮬 — 똑같은 base prompt + 다른 heading title이면 결과가 달라짐 0ms
 ✓ src/__tests__/flowPromptInjection.test.ts > injectHeadingVariation — viewpoint + Subject prepend > 헤딩 8개 — 8 viewpoint × 8 subject 모두 고유 0ms
 ✓ src/__tests__/flowPromptInjection.test.ts > HEADING_VARIATION_HINT_COUNT > 8개 viewpoint 회전 0ms
 ✓ src/__tests__/thumbnailHintParser.test.ts > extractThumbnailHint — valid blocks > parses a full block with all four fields 3ms
 ✓ src/__tests__/thumbnailHintParser.test.ts > extractThumbnailHint — valid blocks > strips surrounding straight quotes from overlay text 1ms
 ✓ src/__tests__/thumbnailHintParser.test.ts > extractThumbnailHint — valid blocks > strips surrounding curly quotes from overlay text 0ms
 ✓ src/__tests__/thumbnailHintParser.test.ts > extractThumbnailHint — valid blocks > accepts Korean fullwidth colon "：" 0ms
 ✓ src/__tests__/thumbnailHintParser.test.ts > extractThumbnailHint — valid blocks > falls back to defaults when non-critical fields are missing 1ms
 ✓ src/__tests__/thumbnailHintParser.test.ts > extractThumbnailHint — invalid or absent blocks > returns null when no block exists 0ms
 ✓ src/__tests__/thumbnailHintParser.test.ts > extractThumbnailHint — invalid or absent blocks > returns null on empty input 0ms
 ✓ src/__tests__/thumbnailHintParser.test.ts > extractThumbnailHint — invalid or absent blocks > returns null when composition is missing (critical field) 0ms
 ✓ src/__tests__/thumbnailHintParser.test.ts > extractThumbnailHint — invalid or absent blocks > returns null when overlay text is missing (critical field) 0ms
 ✓ src/__tests__/thumbnailHintParser.test.ts > extractThumbnailHint — invalid or absent blocks > picks the first block when multiple are present 0ms
 ✓ src/__tests__/thumbnailHintParser.test.ts > stripThumbnailHint > removes the block from the LLM output 0ms
 ✓ src/__tests__/thumbnailHintParser.test.ts > stripThumbnailHint > is a no-op when no block exists 0ms
 ✓ src/__tests__/thumbnailHintParser.test.ts > stripThumbnailHint > trims trailing whitespace but preserves body indentation 0ms
 ✓ src/__tests__/thumbnailHintParser.test.ts > buildThumbnailRequest > produces an ImageRequestItem with isThumbnail=true and allowText=true 1ms
 ✓ src/__tests__/thumbnailHintParser.test.ts > buildThumbnailRequest > omits post title section when empty 0ms
 ✓ src/__tests__/thumbnailHintParser.test.ts > CATEGORY_TONE_PRESETS > covers the main homefeed categories from SECTION 7 1ms
 ✓ src/__tests__/flowGenerator.test.ts > Flow 이미지 엔진 v2.7.x > flowGenerator.ts 핵심 export > labs.google/flow 접속 경로 존재 3ms
 ✓ src/__tests__/flowGenerator.test.ts > Flow 이미지 엔진 v2.7.x > flowGenerator.ts 핵심 export > generateWithFlow export 함수 존재 0ms
 ✓ src/__tests__/flowGenerator.test.ts > Flow 이미지 엔진 v2.7.x > flowGenerator.ts 핵심 export > prewarmFlow export — 앱 시작 백그라운드 브라우저 기동 0ms
 ✓ src/__tests__/flowGenerator.test.ts > Flow 이미지 엔진 v2.7.x > flowGenerator.ts 핵심 export > resetFlowState export — 종료 시 cookies flush 1ms
 ✓ src/__tests__/flowGenerator.test.ts > Flow 이미지 엔진 v2.7.x > flowGenerator.ts 핵심 export > recreateFlowContext export — 세션 재생성 0ms
 ✓ src/__tests__/flowGenerator.test.ts > Flow 이미지 엔진 v2.7.x > Stealth/launch 가드 > launchWithStealthFallback 함수 — System Chrome/Edge/Chromium 폴백 체인 1ms
 ✓ src/__tests__/flowGenerator.test.ts > Flow 이미지 엔진 v2.7.x > Stealth/launch 가드 > STEALTH_ARGS — webdriver 자동화 플래그 위장 1ms
 ✓ src/__tests__/flowGenerator.test.ts > Flow 이미지 엔진 v2.7.x > Stealth/launch 가드 > webdriver getter undefined 위장 1ms
 ✓ src/__tests__/flowGenerator.test.ts > Flow 이미지 엔진 v2.7.x > v2.7.38 게임 친화 — 창 숨김 3중 가드 > off-screen args에 -32000,-32000 좌표 1ms
 ✓ src/__tests__/flowGenerator.test.ts > Flow 이미지 엔진 v2.7.x > v2.7.38 게임 친화 — 창 숨김 3중 가드 > off-screen args에 --window-size=1,1 0ms
 ✓ src/__tests__/flowGenerator.test.ts > Flow 이미지 엔진 v2.7.x > v2.7.38 게임 친화 — 창 숨김 3중 가드 > off-screen args에 --start-minimized 0ms
 ✓ src/__tests__/flowGenerator.test.ts > Flow 이미지 엔진 v2.7.x > v2.7.38 게임 친화 — 창 숨김 3중 가드 > window.moveTo + resizeTo 강제 적용 1ms
 ✓ src/__tests__/flowGenerator.test.ts > Flow 이미지 엔진 v2.7.x > v2.7.42 사용자 친화 메시지 (FLOW_* prefix는 유지하되 한국어 본문) > FLOW_LOGIN_TIMEOUT — Google 로그인 + 30분 + 2FA 안내 (SPEC-IMAGE-RECOVERY-001 R5: 활성도 폴링 30분 상한) 0ms
 ✓ src/__tests__/flowGenerator.test.ts > Flow 이미지 엔진 v2.7.x > v2.7.42 사용자 친화 메시지 (FLOW_* prefix는 유지하되 한국어 본문) > FLOW_NEW_PROJECT_BUTTON_NOT_FOUND — 1시간 + 다른 엔진 안내 1ms
 ✓ src/__tests__/flowGenerator.test.ts > Flow 이미지 엔진 v2.7.x > v2.7.42 사용자 친화 메시지 (FLOW_* prefix는 유지하되 한국어 본문) > FLOW_ALL_FAILED — 시간당 한도 + 다른 엔진 선택 안내 2ms
 ✓ src/__tests__/flowGenerator.test.ts > Flow 이미지 엔진 v2.7.x > 세션 캐싱 (v2.7.x) > cachedContext / cachedPage 변수 존재 1ms
 ✓ src/__tests__/flowGenerator.test.ts > Flow 이미지 엔진 v2.7.x > 세션 캐싱 (v2.7.x) > cookies flush — close() 명시 호출 (resetFlowState) 1ms
 ✓ src/__tests__/sourceFidelityCheck.test.ts > extractCoreFacts — 핵심 fact 추출 > 숫자 + 단위 추출 4ms
 ✓ src/__tests__/sourceFidelityCheck.test.ts > extractCoreFacts — 핵심 fact 추출 > 영문 고유명사 추출 1ms
 ✓ src/__tests__/sourceFidelityCheck.test.ts > extractCoreFacts — 핵심 fact 추출 > 빈 문자열은 빈 배열 1ms
 ✓ src/__tests__/sourceFidelityCheck.test.ts > extractCoreFacts — 핵심 fact 추출 > max 파라미터 준수 0ms
 ✓ src/__tests__/sourceFidelityCheck.test.ts > checkSourceFidelity — 압축률·보존율 검증 > rawText 500자 미만은 검증 스킵 (키워드 모드) 2ms
 ✓ src/__tests__/sourceFidelityCheck.test.ts > checkSourceFidelity — 압축률·보존율 검증 > 압축률 50% 미만이면 fail 1ms
 ✓ src/__tests__/sourceFidelityCheck.test.ts > checkSourceFidelity — 압축률·보존율 검증 > 압축률 OK + fact 보존율 OK면 pass 1ms
 ✓ src/__tests__/sourceFidelityCheck.test.ts > checkSourceFidelity — 압축률·보존율 검증 > 핵심 fact 누락 시 missingFacts 채워짐 1ms
 ✓ src/__tests__/sourceFidelityCheck.test.ts > buildFidelityRetryInstruction — 재시도 프롬프트 > passed면 빈 문자열 1ms
 ✓ src/__tests__/sourceFidelityCheck.test.ts > buildFidelityRetryInstruction — 재시도 프롬프트 > 압축률 미달 시 명시 1ms
 ✓ src/__tests__/sourceFidelityCheck.test.ts > buildFidelityRetryInstruction — 재시도 프롬프트 > 누락 fact 명시 0ms
 ✓ src/__tests__/sourceFidelityCheck.test.ts > extractResultBody — StructuredContent → 텍스트 > introduction + headings + conclusion 합침 0ms
 ✓ src/__tests__/sourceFidelityCheck.test.ts > extractResultBody — StructuredContent → 텍스트 > 빈 객체는 빈 문자열 0ms
 ✓ src/__tests__/sourceFidelityCheck.test.ts > Phase 7 silent 폴백 부재 (메모리 원칙) > 결과에 imageSource나 subWorkProvider 단어 없음 1ms
 ✓ src/__tests__/securityHardening.test.ts > SEC-V2-H1 — BrowserWindow sandbox 명시 > main.ts BrowserWindow 4곳 모두 sandbox 명시 6ms
 ✓ src/__tests__/securityHardening.test.ts > SEC-V2-H3 — openExternalUrl 프로토콜 화이트리스트 > main.ts openExternalUrl에 file:/javascript: 차단 가드 3ms
 ✓ src/__tests__/securityHardening.test.ts > SEC-V2-H3 — openExternalUrl 프로토콜 화이트리스트 > systemHandlers.ts open-external-url에 file:/javascript: 차단 가드 1ms
 ✓ src/__tests__/securityHardening.test.ts > SEC-V2-C1 — file:deleteFolder Command Injection 차단 (v2.7.43) > fileHandlers.ts file:deleteFolder에 화이트리스트 + spawn 사용 3ms
 ✓ src/__tests__/securityHardening.test.ts > SEC-V2-C2 — preload.on 화이트리스트 (v2.7.43) > preload.ts api.on에 ALLOWED_CHANNELS 화이트리스트 1ms
 ✓ src/__tests__/keywordExtractor.test.ts > extractKeywords — 정상 분석 > 상위 키워드 + 빈도 + score 4ms
 ✓ src/__tests__/keywordExtractor.test.ts > extractKeywords — 정상 분석 > totalTokens 누적 1ms
 ✓ src/__tests__/keywordExtractor.test.ts > extractKeywords — 정상 분석 > maxKeywords 제한 2ms
 ✓ src/__tests__/keywordExtractor.test.ts > extractKeywords — 정상 분석 > 헤딩 토큰은 가중치 +3 1ms
 ✓ src/__tests__/keywordExtractor.test.ts > extractKeywords — fallback (silent 위조 X) > 100자 미만은 명시 reason + 빈 결과 1ms
 ✓ src/__tests__/keywordExtractor.test.ts > extractKeywords — fallback (silent 위조 X) > 빈 본문도 안전 2ms
 ✓ src/__tests__/keywordExtractor.test.ts > extractKeywords — stopword·명사 분류 > stopword (하다·되다 등)는 제외 1ms
 ✓ src/__tests__/keywordExtractor.test.ts > extractKeywords — stopword·명사 분류 > visualHint 분류 (구체/추상/unknown) 0ms
 ✓ src/__tests__/keywordExtractor.test.ts > selectVisualKeywords > concrete 우선 정렬 1ms
 ✓ src/__tests__/keywordExtractor.test.ts > selectVisualKeywords > 빈 결과는 빈 배열 1ms
 ✓ src/__tests__/rlhfPatternExtractor.test.ts > extractPatterns — 정상 > 상위 20% conversion rate 글 추출 8ms
 ✓ src/__tests__/rlhfPatternExtractor.test.ts > extractPatterns — 정상 > clickRate 정렬 1ms
 ✓ src/__tests__/rlhfPatternExtractor.test.ts > extractPatterns — 정상 > analyses 주입 시 패턴 집계 1ms
 ✓ src/__tests__/rlhfPatternExtractor.test.ts > extractPatterns — fallback > 샘플 미만은 fallback reason 1ms
 ✓ src/__tests__/rlhfPatternExtractor.test.ts > extractPatterns — fallback > aggregate 못 만든 글들은 카운트 X 1ms
 ✓ src/__tests__/rlhfPatternExtractor.test.ts > extractPatterns — fallback > analyses 주입 안 하면 NO_BENCHMARK_ANALYSES_PROVIDED 1ms
 ✓ src/__tests__/rlhfPatternExtractor.test.ts > summarizePatternResult > fallback이면 분석 불가 명시 1ms
 ✓ src/__tests__/promptSimilarity.test.ts > tokenizePromptForSimilarity > 한글 + 영문 + 숫자 분리 4ms
 ✓ src/__tests__/promptSimilarity.test.ts > tokenizePromptForSimilarity > 1-2자 토큰 제외 (noise 차단) 1ms
 ✓ src/__tests__/promptSimilarity.test.ts > tokenizePromptForSimilarity > 빈 입력 안전 0ms
 ✓ src/__tests__/promptSimilarity.test.ts > tokenizePromptForSimilarity > 대소문자 무시 2ms
 ✓ src/__tests__/promptSimilarity.test.ts > jaccardSimilarity > 동일 집합은 1 1ms
 ✓ src/__tests__/promptSimilarity.test.ts > jaccardSimilarity > 완전 다른 집합은 0 0ms
 ✓ src/__tests__/promptSimilarity.test.ts > jaccardSimilarity > 절반 겹치면 0.33 (1/3 union) 0ms
 ✓ src/__tests__/promptSimilarity.test.ts > jaccardSimilarity > 빈 집합은 0 0ms
 ✓ src/__tests__/promptSimilarity.test.ts > diagnosePromptSimilarity — verdict 분류 > 완전 다른 prompt 4개 → ok 1ms
 ✓ src/__tests__/promptSimilarity.test.ts > diagnosePromptSimilarity — verdict 분류 > 완전 동일 prompt 4개 → danger (maxSim=1) 1ms
 ✓ src/__tests__/promptSimilarity.test.ts > diagnosePromptSimilarity — verdict 분류 > 약간 다른 prompt → warning (절반 이상이 비슷) 2ms
 ✓ src/__tests__/promptSimilarity.test.ts > diagnosePromptSimilarity — verdict 분류 > 1개 prompt만 → ok (페어 없음) 0ms
 ✓ src/__tests__/promptSimilarity.test.ts > diagnosePromptSimilarity — verdict 분류 > 빈 입력 안전 0ms
 ✓ src/__tests__/promptSimilarity.test.ts > diagnosePromptSimilarity — verdict 분류 > maxPair는 가장 비슷한 페어 인덱스 반환 1ms
 ✓ src/__tests__/promptSimilarity.test.ts > 실 사용자 시나리오 재현 > 걸그룹 같은 이미지 4장 — 사용자 신고 케이스 시뮬 1ms
 ✓ src/__tests__/promptSimilarity.test.ts > 실 사용자 시나리오 재현 > 헤딩 variation hint prepend된 prompt — 다양화 효과 검증 0ms
 ✓ src/__tests__/promptSimilarity.test.ts > 실 사용자 시나리오 재현 > 정상적으로 다양한 헤딩 — 4 카테고리 prompt 0ms
 ✓ src/__tests__/contentPostProcessors.test.ts > removeEmojis > 이모지를 제거한다 4ms
 ✓ src/__tests__/contentPostProcessors.test.ts > removeEmojis > 이모지 없으면 그대로 반환 0ms
 ✓ src/__tests__/contentPostProcessors.test.ts > removeEmojis > 빈 문자열에 안전하다 0ms
 ✓ src/__tests__/contentPostProcessors.test.ts > removeEmojis > null/undefined에 안전하다 0ms
 ✓ src/__tests__/contentPostProcessors.test.ts > containsEmoji > 이모지가 있으면 true 0ms
 ✓ src/__tests__/contentPostProcessors.test.ts > containsEmoji > 이모지가 없으면 false 0ms
 ✓ src/__tests__/contentPostProcessors.test.ts > normalizeLineBreaks > 3개 이상 연속 줄바꿈을 2개로 줄인다 0ms
 ✓ src/__tests__/contentPostProcessors.test.ts > normalizeLineBreaks > CRLF를 LF로 변환한다 0ms
 ✓ src/__tests__/contentPostProcessors.test.ts > normalizeLineBreaks > 정상 줄바꿈은 유지한다 0ms
 ✓ src/__tests__/contentPostProcessors.test.ts > ensureParagraphBreaks > 긴 문단을 분리한다 1ms
 ✓ src/__tests__/contentPostProcessors.test.ts > ensureParagraphBreaks > 짧은 텍스트는 그대로 반환한다 1ms
 ✓ src/__tests__/contentPostProcessors.test.ts > ensureParagraphBreaks > 빈 문자열에 안전하다 0ms
 ✓ src/__tests__/contentPostProcessors.test.ts > truncateHeading > 긴 소제목을 단어 단위로 자른다 1ms
 ✓ src/__tests__/contentPostProcessors.test.ts > truncateHeading > 짧은 소제목은 그대로 반환한다 1ms
 ✓ src/__tests__/contentPostProcessors.test.ts > truncateHeading > 빈 문자열에 안전하다 0ms
 ✓ src/__tests__/contentPostProcessors.test.ts > cleanEscapeSequences > \n을 줄바꿈으로 변환한다 0ms
 ✓ src/__tests__/contentPostProcessors.test.ts > cleanEscapeSequences > \t를 탭으로 변환한다 0ms
 ✓ src/__tests__/contentPostProcessors.test.ts > cleanEscapeSequences > \"를 "로 변환한다 0ms
 ✓ src/__tests__/contentPostProcessors.test.ts > escapeRegex > 정규식 특수문자를 이스케이프한다 0ms
 ✓ src/__tests__/contentPostProcessors.test.ts > escapeRegex > 일반 문자는 변경하지 않는다 0ms
 ✓ src/__tests__/contentPostProcessors.test.ts > dedupeRepeatedPhrasesInHeading > 연속 반복 구절을 제거한다 0ms
 ✓ src/__tests__/contentPostProcessors.test.ts > dedupeRepeatedPhrasesInHeading > 반복 없는 소제목은 유지한다 0ms
 ✓ src/__tests__/contentPostProcessors.test.ts > dedupeRepeatedPhrasesInHeading > 빈 문자열에 안전하다 0ms
 ✓ src/__tests__/modelRegistry.test.ts > modelRegistry SSOT 회귀 가드 > CLAUDE_MODELS 검증된 ID 3종 3ms
 ✓ src/__tests__/modelRegistry.test.ts > modelRegistry SSOT 회귀 가드 > GEMINI_IMAGE_MODELS — 정식 GA만 1ms
 ✓ src/__tests__/modelRegistry.test.ts > modelRegistry SSOT 회귀 가드 > FAKE_MODEL_IDS_BANNED 카탈로그 — 미존재/sunset ID 2ms
 ✓ src/__tests__/modelRegistry.test.ts > modelRegistry SSOT 회귀 가드 > isBannedModelId — 가짜 ID 검증 1ms
 ✓ src/__tests__/modelRegistry.test.ts > 가짜 모델 ID 코드 잔존 차단 (정적 grep) > imageGenerator.ts에 sunset 모델 직접 호출 없음 2ms
 ✓ src/__tests__/modelRegistry.test.ts > 가짜 모델 ID 코드 잔존 차단 (정적 grep) > main/utils/mainPromptInference.ts에 sunset 모델 직접 호출 없음 1ms
 ✓ src/__tests__/modelRegistry.test.ts > 가짜 모델 ID 코드 잔존 차단 (정적 grep) > image/shoppingImageAnalyzer.ts에 sunset 모델 직접 호출 없음 1ms
 ✓ src/__tests__/modelRegistry.test.ts > 가짜 모델 ID 코드 잔존 차단 (정적 grep) > image/openaiImageGenerator.ts에 sunset 모델 직접 호출 없음 1ms
 ✓ src/__tests__/imageConsistencyScenario.test.ts > 이미지 일관성 시나리오 — 정상 흐름 > 본문 → 키워드 → 이미지 프롬프트 → alignment 통과 5ms
 ✓ src/__tests__/imageConsistencyScenario.test.ts > 이미지 일관성 시나리오 — 불일치 감지·재생성 > 잘못된 이미지 프롬프트 감지 + 재생성 전략 통과 2ms
 ✓ src/__tests__/imageConsistencyScenario.test.ts > 이미지 일관성 시나리오 — 불일치 감지·재생성 > 이미 aligned=true면 재생성 스킵 2ms
 ✓ src/__tests__/imageConsistencyScenario.test.ts > 이미지 일관성 시나리오 — 불일치 감지·재생성 > 빈 키워드 입력은 명시 fallback 0ms
 ✓ src/__tests__/imageConsistencyScenario.test.ts > 이미지 일관성 시나리오 — 결정론 > 같은 본문은 같은 키워드·이미지 프롬프트 (결정론) 2ms
 ✓ src/__tests__/promptReviewer.test.ts > reviewPrompt — 격차 감지 > 분량 격차 high 4ms
 ✓ src/__tests__/promptReviewer.test.ts > reviewPrompt — 격차 감지 > 분량 격차 medium 1ms
 ✓ src/__tests__/promptReviewer.test.ts > reviewPrompt — 격차 감지 > 헤딩 격차 0ms
 ✓ src/__tests__/promptReviewer.test.ts > reviewPrompt — 격차 감지 > 이미지 격차 1ms
 ✓ src/__tests__/promptReviewer.test.ts > reviewPrompt — 격차 감지 > 키워드 미반영 감지 1ms
 ✓ src/__tests__/promptReviewer.test.ts > reviewPrompt — 격차 감지 > 단일 시그니처 편중 high 0ms
 ✓ src/__tests__/promptReviewer.test.ts > reviewPrompt — 격차 감지 > 패턴 일치 시 제안 없음 1ms
 ✓ src/__tests__/promptReviewer.test.ts > reviewPrompt — fallback > extractor fallback이면 reviewer도 fallback 전파 0ms
 ✓ src/__tests__/promptReviewer.test.ts > reviewPrompt — fallback > topPosts 빈 배열은 NO_TOP_POSTS 0ms
 ✓ src/__tests__/promptReviewer.test.ts > renderReportMarkdown > 제안 있을 때 마크다운 헤더·요약·상세 포함 1ms
 ✓ src/__tests__/promptReviewer.test.ts > renderReportMarkdown > fallback이면 경고 박스 + 끝 2ms
 ✓ src/__tests__/promptReviewer.test.ts > renderReportMarkdown > 제안 0건이면 명시 0ms
 ✓ src/__tests__/sessionLockMultiAccount.test.ts > v1.4.78 — 다중계정 세션 잠금 > SessionInfo 스키마에 locked 필드 추가 > locked: boolean 필드 선언 3ms
 ✓ src/__tests__/sessionLockMultiAccount.test.ts > v1.4.78 — 다중계정 세션 잠금 > SessionInfo 스키마에 locked 필드 추가 > lockedAt: number 필드 선언 (잠금 시각 기록) 0ms
 ✓ src/__tests__/sessionLockMultiAccount.test.ts > v1.4.78 — 다중계정 세션 잠금 > SessionInfo 스키마에 locked 필드 추가 > 세션 초기값에서 locked=false, lockedAt=0 0ms
 ✓ src/__tests__/sessionLockMultiAccount.test.ts > v1.4.78 — 다중계정 세션 잠금 > 자동 잠금 (setLoggedIn true) > setLoggedIn(true) 시 locked=true 자동 설정 0ms
 ✓ src/__tests__/sessionLockMultiAccount.test.ts > v1.4.78 — 다중계정 세션 잠금 > 자동 잠금 (setLoggedIn true) > 자동 잠금 로그 메시지 (앱 종료까지 유지) 0ms
 ✓ src/__tests__/sessionLockMultiAccount.test.ts > v1.4.78 — 다중계정 세션 잠금 > 명시적 lock/unlock API > lockSession 메서드 존재 0ms
 ✓ src/__tests__/sessionLockMultiAccount.test.ts > v1.4.78 — 다중계정 세션 잠금 > 명시적 lock/unlock API > unlockSession 메서드 존재 1ms
 ✓ src/__tests__/sessionLockMultiAccount.test.ts > v1.4.78 — 다중계정 세션 잠금 > 명시적 lock/unlock API > isSessionLocked 조회 메서드 존재 0ms
 ✓ src/__tests__/sessionLockMultiAccount.test.ts > v1.4.78 — 다중계정 세션 잠금 > SESSION_MAX_AGE 우회 (잠긴 세션 강제 재사용) > 잠긴 세션은 sessionAge 체크 건너뜀 0ms
 ✓ src/__tests__/sessionLockMultiAccount.test.ts > v1.4.78 — 다중계정 세션 잠금 > isAccountLoggedIn TTL 우회 > 잠긴 세션은 LOGIN_CACHE_TTL 체크 생략 1ms
 ✓ src/__tests__/sessionLockMultiAccount.test.ts > v1.4.78 — 다중계정 세션 잠금 > Keep-alive 강화 — 잠긴 세션 우대 > URL 풀에 blog.naver.com 포함 (v1.4.79에서 단일 URL 고정 → 풀 랜덤 선택으로 변경) 0ms
 ✓ src/__tests__/sessionLockMultiAccount.test.ts > v1.4.78 — 다중계정 세션 잠금 > Keep-alive 강화 — 잠긴 세션 우대 > 잠긴 세션 ping 실패 시 restoreCookies로 자동 복원 0ms
 ✓ src/__tests__/sessionLockMultiAccount.test.ts > v1.4.78 — 다중계정 세션 잠금 > Keep-alive 강화 — 잠긴 세션 우대 > 잠긴 세션은 실패해도 세션 삭제 안 함 (복원만 시도) 0ms
 ✓ src/__tests__/sessionLockMultiAccount.test.ts > v1.4.78 — 다중계정 세션 잠금 > 기존 keep-alive 기능은 여전히 유지 > SESSION_MAX_AGE는 여전히 Number.MAX_SAFE_INTEGER (v1.4.78 앞 단계) 0ms
 ✓ src/__tests__/sessionLockMultiAccount.test.ts > v1.4.78 — 다중계정 세션 잠금 > 기존 keep-alive 기능은 여전히 유지 > KEEPALIVE_INTERVAL_MS 15분 유지 0ms
 ✓ src/__tests__/sessionLockMultiAccount.test.ts > v1.4.78 — 다중계정 세션 잠금 > 다중계정 실전 시나리오 > 시나리오: A/B/C 계정 모두 첫 로그인 후 auto-lock → keep-alive 대상 0ms
 ✓ src/__tests__/sessionLockMultiAccount.test.ts > v1.4.78 — 다중계정 세션 잠금 > 다중계정 실전 시나리오 > 시나리오: 앱 종료 시 stopKeepalive 먼저 호출 후 closeAllSessions 0ms
 ✓ src/__tests__/publishingStrategy.test.ts > createAccountAge > 3개월 미만 계정을 new로 분류한다 5ms
 ✓ src/__tests__/publishingStrategy.test.ts > createAccountAge > 12개월 이상 계정을 mature로 분류한다 1ms
 ✓ src/__tests__/publishingStrategy.test.ts > createAccountAge > 36개월 이상 계정을 veteran으로 분류한다 0ms
 ✓ src/__tests__/publishingStrategy.test.ts > calculateSafeLimit > 신규 계정에 보수적 한도를 반환한다 1ms
 ✓ src/__tests__/publishingStrategy.test.ts > calculateSafeLimit > 베테랑 계정에 넉넉한 한도를 반환한다 1ms
 ✓ src/__tests__/publishingStrategy.test.ts > adjustForDayType > 주말에 한도를 줄인다 1ms
 ✓ src/__tests__/publishingStrategy.test.ts > isKoreanHoliday > 1월 1일을 공휴일로 인식한다 1ms
 ✓ src/__tests__/publishingStrategy.test.ts > isKoreanHoliday > 3월 1일을 공휴일로 인식한다 1ms
 ✓ src/__tests__/publishingStrategy.test.ts > isKoreanHoliday > 일반 평일을 공휴일이 아닌 것으로 인식한다 1ms
 ✓ src/__tests__/publishingStrategy.test.ts > generateNaturalSchedule > 요청한 수만큼 슬롯을 반환한다 1ms
 ✓ src/__tests__/publishingStrategy.test.ts > generateNaturalSchedule > 슬롯이 유효한 시간 형식이다 2ms
 ✓ src/__tests__/publishingStrategy.test.ts > generateNaturalSchedule > 각 슬롯에 점수와 설명이 있다 1ms
 ✓ src/__tests__/publishingStrategy.test.ts > generateNaturalSchedule > dayType이 올바르게 설정된다 0ms
 ✓ src/__tests__/homefeedOptimalSlots.test.ts > HOMEFEED_OPTIMAL_SLOTS — shape > defines exactly 3 slots 5ms
 ✓ src/__tests__/homefeedOptimalSlots.test.ts > HOMEFEED_OPTIMAL_SLOTS — shape > slots are in ascending hour order 1ms
 ✓ src/__tests__/homefeedOptimalSlots.test.ts > HOMEFEED_OPTIMAL_SLOTS — shape > each slot has end > start 1ms
 ✓ src/__tests__/homefeedOptimalSlots.test.ts > isInOptimalSlot > returns true during morning commute (08:00 KST) 1ms
 ✓ src/__tests__/homefeedOptimalSlots.test.ts > isInOptimalSlot > returns true during lunch (12:30 KST) 1ms
 ✓ src/__tests__/homefeedOptimalSlots.test.ts > isInOptimalSlot > returns true during evening leisure (21:00 KST) 1ms
 ✓ src/__tests__/homefeedOptimalSlots.test.ts > isInOptimalSlot > returns false at dawn (04:00 KST) 0ms
 ✓ src/__tests__/homefeedOptimalSlots.test.ts > isInOptimalSlot > returns false mid-afternoon (15:00 KST) 0ms
 ✓ src/__tests__/homefeedOptimalSlots.test.ts > isInOptimalSlot > is exclusive at slot end: 09:00 KST is OUT of morning slot 0ms
 ✓ src/__tests__/homefeedOptimalSlots.test.ts > currentOptimalSlot > returns morning slot for 07:30 KST 1ms
 ✓ src/__tests__/homefeedOptimalSlots.test.ts > currentOptimalSlot > returns null at 03:00 KST 0ms
 ✓ src/__tests__/homefeedOptimalSlots.test.ts > currentOptimalSlot > returns evening slot for 20:30 KST 0ms
 ✓ src/__tests__/homefeedOptimalSlots.test.ts > minutesUntilNextSlot > returns 0 when already inside a slot 0ms
 ✓ src/__tests__/homefeedOptimalSlots.test.ts > minutesUntilNextSlot > returns positive minutes when outside a slot 0ms
 ✓ src/__tests__/homefeedOptimalSlots.test.ts > minutesUntilNextSlot > wraps to next day after the last slot ends 0ms
 ✓ src/__tests__/homefeedOptimalSlots.test.ts > nextOptimalSlotStart > returns the current moment when already inside a slot 0ms
 ✓ src/__tests__/homefeedOptimalSlots.test.ts > nextOptimalSlotStart > returns a future moment when outside 0ms
 ✓ src/__tests__/automationPorts.test.ts > AutomationContext ports — 헥사고날 토대 > ports.ts export AutomationContext 인터페이스 4ms
 ✓ src/__tests__/automationPorts.test.ts > AutomationContext ports — 헥사고날 토대 > ports.ts export AutomationOptionsView readonly view 1ms
 ✓ src/__tests__/automationPorts.test.ts > AutomationContext ports — 헥사고날 토대 > ports.ts export PublishPhase FSM 토대 1ms
 ✓ src/__tests__/automationPorts.test.ts > AutomationContext ports — 헥사고날 토대 > NaverBlogAutomation에 createAutomationContext provider 존재 4ms
 ✓ src/__tests__/openaiImagePricing.test.ts > v1.4.77 — OpenAI 이미지 가격표 정확성 > gpt-image-1 품질 3티어 존재 > 'gpt-image-1-low' 키가 $0.011로 기록됨 3ms
 ✓ src/__tests__/openaiImagePricing.test.ts > v1.4.77 — OpenAI 이미지 가격표 정확성 > gpt-image-1 품질 3티어 존재 > 'gpt-image-1-medium' 키가 $0.042로 기록됨 0ms
 ✓ src/__tests__/openaiImagePricing.test.ts > v1.4.77 — OpenAI 이미지 가격표 정확성 > gpt-image-1 품질 3티어 존재 > 'gpt-image-1-high' 키가 $0.167로 기록됨 0ms
 ✓ src/__tests__/openaiImagePricing.test.ts > v1.4.77 — OpenAI 이미지 가격표 정확성 > 사이즈 확장(wide) 옵션 존재 > 1024x1536 / 1536x1024 low — $0.016 1ms
 ✓ src/__tests__/openaiImagePricing.test.ts > v1.4.77 — OpenAI 이미지 가격표 정확성 > 사이즈 확장(wide) 옵션 존재 > 1024x1536 / 1536x1024 medium — $0.063 0ms
 ✓ src/__tests__/openaiImagePricing.test.ts > v1.4.77 — OpenAI 이미지 가격표 정확성 > 사이즈 확장(wide) 옵션 존재 > 1024x1536 / 1536x1024 high — $0.250 0ms
 ✓ src/__tests__/openaiImagePricing.test.ts > v1.4.77 — OpenAI 이미지 가격표 정확성 > 구 DALL-E 가격 회귀 방지 > 이전 버그 값 'gpt-image-1': 0.04 로 되돌아가지 않음 0ms
 ✓ src/__tests__/openaiImagePricing.test.ts > v1.4.77 — OpenAI 이미지 가격표 정확성 > 구 DALL-E 가격 회귀 방지 > 이전 버그 값 'gpt-image-1-hd': 0.08 로 되돌아가지 않음 0ms
 ✓ src/__tests__/openaiImagePricing.test.ts > v1.4.77 — OpenAI 이미지 가격표 정확성 > DALL-E 3 레거시 호환 > 'dall-e-3' standard $0.04 유지 (아직 유효) 1ms
 ✓ src/__tests__/openaiImagePricing.test.ts > v1.4.77 — OpenAI 이미지 가격표 정확성 > DALL-E 3 레거시 호환 > 'dall-e-3-hd' $0.08 유지 1ms
 ✓ src/__tests__/openaiImagePricing.test.ts > v1.4.77 — OpenAI 이미지 가격표 정확성 > 비용 계산 검증 (글 1개 = 6장) > low 6장은 글당 ₩92 ±5 수준 0ms
 ✓ src/__tests__/openaiImagePricing.test.ts > v1.4.77 — OpenAI 이미지 가격표 정확성 > 비용 계산 검증 (글 1개 = 6장) > medium 6장은 글당 ₩353 ±5 수준 0ms
 ✓ src/__tests__/openaiImagePricing.test.ts > v1.4.77 — OpenAI 이미지 가격표 정확성 > 비용 계산 검증 (글 1개 = 6장) > high 6장은 글당 ₩1,403 ±10 수준 0ms
 ✓ src/__tests__/openaiImagePricing.test.ts > v1.4.77 — OpenAI 이미지 가격표 정확성 > 비용 계산 검증 (글 1개 = 6장) > high는 low의 약 15배 (비용 변동성 경고 근거) 1ms
 ✓ src/__tests__/visionRouting.test.ts > routeTextToVision — 글 생성 AI → vision provider 매핑 > Gemini Flash → 동일 모델 (폴백 없음) 3ms
 ✓ src/__tests__/visionRouting.test.ts > routeTextToVision — 글 생성 AI → vision provider 매핑 > Gemini Pro → 동일 모델 0ms
 ✓ src/__tests__/visionRouting.test.ts > routeTextToVision — 글 생성 AI → vision provider 매핑 > Gemini Flash-Lite → Flash로 자동 폴백 (Lite는 vision 없음) 1ms
 ✓ src/__tests__/visionRouting.test.ts > routeTextToVision — 글 생성 AI → vision provider 매핑 > Claude Sonnet → 동일 모델 (Anthropic vision) 0ms
 ✓ src/__tests__/visionRouting.test.ts > routeTextToVision — 글 생성 AI → vision provider 매핑 > OpenAI GPT-4.1 → 동일 모델 (OpenAI vision) 0ms
 ✓ src/__tests__/visionRouting.test.ts > routeTextToVision — 글 생성 AI → vision provider 매핑 > OpenAI 4.1 mini → 동일 모델 0ms
 ✓ src/__tests__/visionRouting.test.ts > routeTextToVision — 글 생성 AI → vision provider 매핑 > Perplexity Sonar → Gemini Flash 폴백 (Perplexity vision 미지원) 0ms
 ✓ src/__tests__/visionRouting.test.ts > routeTextToVision — 글 생성 AI → vision provider 매핑 > 미지원 키 → Gemini Flash 기본 폴백 (안전) 0ms
 ✓ src/__tests__/visionRouting.test.ts > VISION_MODELS — SSOT 회귀 가드 > vision 모델 ID는 modelRegistry SSOT에서만 가져옴 1ms
 ✓ src/__tests__/visionRouting.test.ts > VISION_MODELS — SSOT 회귀 가드 > 금지된 deprecate 모델 ID 미사용 2ms
 ✓ src/__tests__/costSimulation.test.ts > v1.4.77 — 비용 시뮬레이션 (가정: 입력 10K / 출력 4K 토큰) > 1. 모델별 글 1개 비용 (실측과 대조 가능한 기준선) > GPT-4.1 mini는 글당 $0.0104 (≈₩14.6) 3ms
 ✓ src/__tests__/costSimulation.test.ts > v1.4.77 — 비용 시뮬레이션 (가정: 입력 10K / 출력 4K 토큰) > 1. 모델별 글 1개 비용 (실측과 대조 가능한 기준선) > GPT-4.1은 글당 $0.052 (≈₩73) 0ms
 ✓ src/__tests__/costSimulation.test.ts > v1.4.77 — 비용 시뮬레이션 (가정: 입력 10K / 출력 4K 토큰) > 1. 모델별 글 1개 비용 (실측과 대조 가능한 기준선) > gpt-5.4는 글당 $0.065 (GPT-4.1 대비 25% 비쌈) 0ms
 ✓ src/__tests__/costSimulation.test.ts > v1.4.77 — 비용 시뮬레이션 (가정: 입력 10K / 출력 4K 토큰) > 1. 모델별 글 1개 비용 (실측과 대조 가능한 기준선) > Claude Haiku 4.5는 글당 $0.030 (Sonnet 대비 약 1/3 수준) 0ms
 ✓ src/__tests__/costSimulation.test.ts > v1.4.77 — 비용 시뮬레이션 (가정: 입력 10K / 출력 4K 토큰) > 1. 모델별 글 1개 비용 (실측과 대조 가능한 기준선) > Gemini Flash는 글당 $0.0026 (Haiku 대비 10배 이상 저렴) 0ms
 ✓ src/__tests__/costSimulation.test.ts > v1.4.77 — 비용 시뮬레이션 (가정: 입력 10K / 출력 4K 토큰) > 2. v1.4.77 변경 효과 증명 > GPT-4.1 라벨 오배선 수정: 글당 20% 절감 (gpt-5.4 → gpt-4.1) 0ms
 ✓ src/__tests__/costSimulation.test.ts > v1.4.77 — 비용 시뮬레이션 (가정: 입력 10K / 출력 4K 토큰) > 2. v1.4.77 변경 효과 증명 > max_tokens 16000 → 8192 축소: 출력 토큰 상한 49% 감소 0ms
 ✓ src/__tests__/costSimulation.test.ts > v1.4.77 — 비용 시뮬레이션 (가정: 입력 10K / 출력 4K 토큰) > 2. v1.4.77 변경 효과 증명 > Gemini 캐싱 활성화 시 입력 토큰 75% 절감 (cache read = input × 0.25) 2ms
 ✓ src/__tests__/costSimulation.test.ts > v1.4.77 — 비용 시뮬레이션 (가정: 입력 10K / 출력 4K 토큰) > 2. v1.4.77 변경 효과 증명 > DeepInfra FLUX-2-dev → FLUX-1-schnell: 이미지 장당 88% 절감 1ms
 ✓ src/__tests__/costSimulation.test.ts > v1.4.77 — 비용 시뮬레이션 (가정: 입력 10K / 출력 4K 토큰) > 2. v1.4.77 변경 효과 증명 > Haiku 기본값 전환: 글당 비용 GPT-4.1 대비 42% 저렴 0ms
 ✓ src/__tests__/costSimulation.test.ts > v1.4.77 — 비용 시뮬레이션 (가정: 입력 10K / 출력 4K 토큰) > 3. 회귀 방지 — 금지된 비싼 경로 > 폴백 체인이 활성화되면 안 됨 (단일 모델만 호출) 0ms
 ✓ src/__tests__/costSimulation.test.ts > v1.4.77 — 비용 시뮬레이션 (가정: 입력 10K / 출력 4K 토큰) > 3. 회귀 방지 — 금지된 비싼 경로 > Opus는 Haiku 대비 30배 비싸 — 기본값으로 선택되면 안 됨 0ms
 ✓ src/__tests__/costSimulation.test.ts > v1.4.77 — 비용 시뮬레이션 (가정: 입력 10K / 출력 4K 토큰) > 4. 100개 글 = $10 역추적 (사용자 실제 경험 검증) > $10로 100개 생성 = 글당 $0.10 = gpt-5.4 기준 약 15K/6K 토큰 0ms
 ✓ src/__tests__/costSimulation.test.ts > v1.4.77 — 비용 시뮬레이션 (가정: 입력 10K / 출력 4K 토큰) > 4. 100개 글 = $10 역추적 (사용자 실제 경험 검증) > 같은 $10을 Haiku로 썼다면 300개 이상 생성 가능 0ms
 ✓ src/__tests__/costSimulation.test.ts > v1.4.77 — 비용 시뮬레이션 (가정: 입력 10K / 출력 4K 토큰) > 4. 100개 글 = $10 역추적 (사용자 실제 경험 검증) > 같은 $10을 Gemini Flash로 썼다면 1,500개 이상 생성 가능 0ms
 ✓ src/__tests__/keywordImagePromptBuilder.test.ts > buildKeywordImagePrompt — 정상 > 영어 변환 + composition 추가 4ms
 ✓ src/__tests__/keywordImagePromptBuilder.test.ts > buildKeywordImagePrompt — 정상 > 한국어 모드 1ms
 ✓ src/__tests__/keywordImagePromptBuilder.test.ts > buildKeywordImagePrompt — 정상 > headingHint prefix 0ms
 ✓ src/__tests__/keywordImagePromptBuilder.test.ts > buildKeywordImagePrompt — 정상 > preferConcrete=true (기본): abstract 키워드 skipped 목록에 들어감 2ms
 ✓ src/__tests__/keywordImagePromptBuilder.test.ts > buildKeywordImagePrompt — 정상 > maxKeywords 제한 1ms
 ✓ src/__tests__/keywordImagePromptBuilder.test.ts > buildKeywordImagePrompt — 정상 > 영어 사전 미매핑 한글은 그대로 유지 0ms
 ✓ src/__tests__/keywordImagePromptBuilder.test.ts > buildKeywordImagePrompt — 정상 > unknown 힌트도 used에 포함 (concrete 다음 우선순위) 0ms
 ✓ src/__tests__/keywordImagePromptBuilder.test.ts > buildKeywordImagePrompt — fallback > 빈 키워드는 빈 프롬프트 + reason 0ms
 ✓ src/__tests__/keywordImagePromptBuilder.test.ts > buildKeywordImagePrompt — fallback > preferConcrete=true이고 abstract만 있으면 NO_VISUAL_KEYWORDS 1ms
 ✓ src/__tests__/keywordImagePromptBuilder.test.ts > buildKeywordImagePrompt — fallback > preferConcrete=false면 abstract도 사용 0ms
 ✓ src/__tests__/sessionReconnectDefense.test.ts > Session Reconnect Defense — Stage gates > Stage 2 — reconnect() retry method > attemptReconnect private method exists 3ms
 ✓ src/__tests__/sessionReconnectDefense.test.ts > Session Reconnect Defense — Stage gates > Stage 2 — reconnect() retry method > retries up to 3 times (RECONNECT_MAX_RETRIES = 3) 0ms
 ✓ src/__tests__/sessionReconnectDefense.test.ts > Session Reconnect Defense — Stage gates > Stage 2 — reconnect() retry method > uses 5-second delay between retries (RECONNECT_RETRY_DELAY_MS = 5000) 0ms
 ✓ src/__tests__/sessionReconnectDefense.test.ts > Session Reconnect Defense — Stage gates > Stage 2 — reconnect() retry method > returns boolean indicating reconnect success 0ms
 ✓ src/__tests__/sessionReconnectDefense.test.ts > Session Reconnect Defense — Stage gates > Stage 3 — page functional ping > page-level ping via page.goto uses about:blank 0ms
 ✓ src/__tests__/sessionReconnectDefense.test.ts > Session Reconnect Defense — Stage gates > Stage 3 — page functional ping > page ping is wrapped in try/catch (non-throwing) 0ms
 ✓ src/__tests__/sessionReconnectDefense.test.ts > Session Reconnect Defense — Stage gates > Stage 3 — page functional ping > ping timeout is short — max 3000ms 0ms
 ✓ src/__tests__/sessionReconnectDefense.test.ts > Session Reconnect Defense — Stage gates > Stage 4 — locked session indestructibility > locked session triggers attemptReconnect before any delete 0ms
 ✓ src/__tests__/sessionReconnectDefense.test.ts > Session Reconnect Defense — Stage gates > Stage 4 — locked session indestructibility > locked session path: reconnect exhausted then locked guard then delete 0ms
 ✓ src/__tests__/sessionReconnectDefense.test.ts > Session Reconnect Defense — Stage gates > Stage 4 — locked session indestructibility > locked session logs warning before forced close 0ms
 ✓ src/__tests__/sessionReconnectDefense.test.ts > Session Reconnect Defense — Stage gates > Stage 5 — disconnect event auto-heal > browser.on disconnected event listener registered 0ms
 ✓ src/__tests__/sessionReconnectDefense.test.ts > Session Reconnect Defense — Stage gates > Stage 5 — disconnect event auto-heal > disconnect handler calls attemptReconnect 0ms
 ✓ src/__tests__/sessionReconnectDefense.test.ts > Session Reconnect Defense — Stage gates > Existing stage 1 — isConnected gate preserved > isConnected() check still present as fast gate 0ms
 ✓ src/__tests__/ldfIntegration.test.ts > Phase B — qualityGate 통합 > 정상 글은 allowed=true 반환 5ms
 ✓ src/__tests__/ldfIntegration.test.ts > Phase B — qualityGate 통합 > 800자 미만은 blockers에 잡힘 1ms
 ✓ src/__tests__/ldfIntegration.test.ts > Phase B — qualityGate 통합 > strict 모드는 high 신호도 차단 0ms
 ✓ src/__tests__/ldfIntegration.test.ts > Phase B — revenueEngine 카테고리 메타 > 10개 카테고리 모두 정의 1ms
 ✓ src/__tests__/ldfIntegration.test.ts > Phase B — revenueEngine 카테고리 메타 > parenting이 food보다 CPC 높음 (구매력 차이) 0ms
 ✓ src/__tests__/typingUtils.test.ts > extractCoreKeywords > extracts the most frequent/longest keyword 4ms
 ✓ src/__tests__/typingUtils.test.ts > extractCoreKeywords > returns empty array for empty text 1ms
 ✓ src/__tests__/typingUtils.test.ts > extractCoreKeywords > filters out single-character words 1ms
 ✓ src/__tests__/typingUtils.test.ts > extractCoreKeywords > removes punctuation before processing 0ms
 ✓ src/__tests__/typingUtils.test.ts > extractCoreKeywords > returns max 1 keyword (가독성 제한) 0ms
 ✓ src/__tests__/typingUtils.test.ts > extractCoreKeywords > scores by frequency * 2 + length 0ms
 ✓ src/__tests__/typingUtils.test.ts > SHOPPING_HOOKS > has 6 hook messages 0ms
 ✓ src/__tests__/typingUtils.test.ts > SHOPPING_HOOKS > all hooks are non-empty strings 1ms
 ✓ src/__tests__/configManager.test.ts > validateApiKeyFormat > gemini keys > accepts valid Gemini key 3ms
 ✓ src/__tests__/configManager.test.ts > validateApiKeyFormat > gemini keys > rejects key not starting with AIza 0ms
 ✓ src/__tests__/configManager.test.ts > validateApiKeyFormat > gemini keys > rejects key shorter than 30 chars 0ms
 ✓ src/__tests__/configManager.test.ts > validateApiKeyFormat > empty/undefined keys > rejects undefined key 0ms
 ✓ src/__tests__/configManager.test.ts > validateApiKeyFormat > empty/undefined keys > rejects empty string 0ms
 ✓ src/__tests__/configManager.test.ts > validateApiKeyFormat > empty/undefined keys > rejects whitespace-only string 0ms
 ✓ src/__tests__/configManager.test.ts > validateApiKeyFormat > other key types > accepts any non-empty OpenAI key (no prefix check) 0ms
 ✓ src/__tests__/configManager.test.ts > validateApiKeyFormat > other key types > accepts any non-empty Pexels key 0ms
 ✓ src/__tests__/configManager.test.ts > validateApiKeyFormat > other key types > accepts any non-empty Claude key 0ms
 ✓ src/__tests__/configManager.test.ts > validateApiKeyFormat > error message format > includes "Gemini" in gemini error message 0ms
 ✓ src/__tests__/configManager.test.ts > validateApiKeyFormat > error message format > includes "OpenAI" in openai error message 0ms
 ✓ src/__tests__/configManager.test.ts > validateApiKeyFormat > error message format > includes "Pexels" in pexels error message 0ms
 ✓ src/__tests__/configManager.test.ts > validateApiKeyFormat > error message format > includes "Claude" in claude error message 0ms
 ✓ src/__tests__/thumbnailAutoGenerator.test.ts > previewThumbnailRequest — pure synchronous preview > returns hint + request when block is present 4ms
 ✓ src/__tests__/thumbnailAutoGenerator.test.ts > previewThumbnailRequest — pure synchronous preview > returns null when no hint block exists 0ms
 ✓ src/__tests__/thumbnailAutoGenerator.test.ts > generateThumbnailFromBody — fallback contract (no hint) > returns ok=false with reason=no_hint when block is absent 1ms
 ✓ src/__tests__/thumbnailAutoGenerator.test.ts > generateThumbnailFromBody — fallback contract (no hint) > cleanedBody strips the hint block even when generation is not attempted 0ms
 ✓ src/__tests__/buildPersonaCard.test.ts > buildPersonaCard — Phase 4 > returns a non-empty WRITER PERSONA block for a known category 2ms
 ✓ src/__tests__/buildPersonaCard.test.ts > buildPersonaCard — Phase 4 > falls back to the general profile for an unknown category 1ms
 ✓ src/__tests__/buildPersonaCard.test.ts > buildPersonaCard — Phase 4 > lists signatureExpressions as voice hints, not as templates 1ms
 ✓ src/__tests__/buildPersonaCard.test.ts > buildPersonaCard — Phase 4 > does not contain raw injection-style commands (no JSON or placeholders) 0ms
 ✓ src/__tests__/buildPersonaCard.test.ts > buildPersonaCard — Phase 4 > produces stable output for the same category 0ms
 ✓ src/__tests__/imageFormatPipeline.test.ts > detectFormat > JPEG magic bytes를 감지한다 4ms
 ✓ src/__tests__/imageFormatPipeline.test.ts > detectFormat > PNG magic bytes를 감지한다 0ms
 ✓ src/__tests__/imageFormatPipeline.test.ts > detectFormat > GIF magic bytes를 감지한다 0ms
 ✓ src/__tests__/imageFormatPipeline.test.ts > detectFormat > WebP magic bytes를 감지한다 4ms
 ✓ src/__tests__/imageFormatPipeline.test.ts > detectFormat > 알 수 없는 포맷은 unknown을 반환한다 0ms
 ✓ src/__tests__/imageFormatPipeline.test.ts > detectFormat > 너무 짧은 버퍼는 unknown을 반환한다 0ms
 ✓ src/__tests__/serpProbe.test.ts > normalizeNaverBlogUrl > blog.naver.com/{id}/{logNo} → PostView URL 3ms
 ✓ src/__tests__/serpProbe.test.ts > normalizeNaverBlogUrl > PostView URL은 그대로 반환 0ms
 ✓ src/__tests__/serpProbe.test.ts > normalizeNaverBlogUrl > blog.naver.com 형식 아니면 null 0ms
 ✓ src/__tests__/serpProbe.test.ts > extractBodyFromHtml > script/style 태그 제거 1ms
 ✓ src/__tests__/serpProbe.test.ts > extractBodyFromHtml > HTML 태그 제거 1ms
 ✓ src/__tests__/serpProbe.test.ts > extractBodyFromHtml > HTML entity 정규화 0ms
 ✓ src/__tests__/serpProbe.test.ts > extractBodyFromHtml > se-text-paragraph 우선 추출 0ms
 ✓ src/__tests__/serpProbe.test.ts > extractBodyFromHtml > 빈 입력은 빈 문자열 0ms
 ✓ src/__tests__/serpProbe.test.ts > analyzeBenchmark > 우리 점수 < 상위 평균이면 below_median 1ms
 ✓ src/__tests__/serpProbe.test.ts > analyzeBenchmark > 각 신호별 gap 계산 정확 0ms
 ✓ src/__tests__/serpProbe.test.ts > analyzeBenchmark > 우선순위 보완 항목은 최대 3개 0ms
 ✓ src/__tests__/serpProbe.test.ts > analyzeBenchmark > baseline 없으면 비교 불가 메시지 0ms
 ✓ src/__tests__/serpProbe.test.ts > analyzeBenchmark > formatBenchmarkReport는 정상 문자열 반환 0ms
 ✓ src/__tests__/unifiedSerpProbe.test.ts > toSerpMode > seo 모드 정상 2ms
 ✓ src/__tests__/unifiedSerpProbe.test.ts > toSerpMode > homefeed/affiliate/business/custom 정상 전달 0ms
 ✓ src/__tests__/unifiedSerpProbe.test.ts > toSerpMode > 알 수 없는 모드는 seo로 fallback 0ms
 ✓ src/__tests__/unifiedSerpProbe.test.ts > difficulty tier — 임계 검증 (코드 spec 기준) > expert: 인플루언서 70%+ → expert 0ms
 ✓ src/__tests__/unifiedSerpProbe.test.ts > difficulty tier — 임계 검증 (코드 spec 기준) > hard: 스마트블록 + 평균 80+ → hard 0ms
 ✓ src/__tests__/unifiedSerpProbe.test.ts > difficulty tier — 임계 검증 (코드 spec 기준) > medium: 인플루언서 20%+ 또는 평균 65+ 0ms
 ✓ src/__tests__/unifiedSerpProbe.test.ts > difficulty tier — 임계 검증 (코드 spec 기준) > easy: 평균 65 미만 + 인플루언서 20% 미만 0ms

 Test Files  113 passed (113)
      Tests  1724 passed (1724)
   Start at  10:25:19
   Duration  6.46s (transform 17.30s, setup 0ms, import 27.64s, tests 5.24s, environment 23ms)

