src/renderer/renderer.ts(41637,9): error TS2353: Object literal may only specify known properties, and 'manualThumbnail' does not exist in type 'QueueItem'.
