﻿src/automation/imageHelpers.ts(924,2): error TS1109: Expression expected.
src/automation/imageHelpers.ts(924,3): error TS1109: Expression expected.
src/automation/imageHelpers.ts(924,4): error TS1128: Declaration or statement expected.
src/automation/imageHelpers.ts(924,31): error TS1005: ',' expected.
src/automation/imageHelpers.ts(925,9): error TS1005: ':' expected.
src/automation/imageHelpers.ts(925,48): error TS1005: ',' expected.
src/automation/imageHelpers.ts(926,7): error TS1005: ',' expected.
src/automation/imageHelpers.ts(926,18): error TS1005: ',' expected.
src/automation/imageHelpers.ts(927,7): error TS1005: ',' expected.
src/automation/imageHelpers.ts(927,17): error TS1005: ',' expected.
src/automation/imageHelpers.ts(930,9): error TS1005: ':' expected.
src/automation/imageHelpers.ts(930,81): error TS1005: ',' expected.
src/automation/imageHelpers.ts(932,8): error TS1359: Identifier expected. 'const' is a reserved word that cannot be used here.
src/automation/imageHelpers.ts(932,14): error TS1005: ',' expected.
src/automation/imageHelpers.ts(932,24): error TS1005: ',' expected.
src/automation/imageHelpers.ts(932,27): error TS1005: ',' expected.
src/automation/imageHelpers.ts(1025,3): error TS1005: ',' expected.
src/automation/imageHelpers.ts(1025,10): error TS1005: ':' expected.
src/automation/imageHelpers.ts(1025,29): error TS1005: ',' expected.
